---
source: crates/fe/tests/differential_storage_packed_array.rs
assertion_line: 162
expression: report
---
call gas
call                             fe-O2        sol     sol-IR  fe vs sol-IR
------------------------------------------------------------------------
get(5) [empty]                   23572      23676      23581    -9 (-0.0%)
set(5, 7)                        43713      43809      43723   -10 (-0.0%)
get(5)                           23572      23676      23581    -9 (-0.0%)
setThenGet(10, 200)              26815      26977      26844   -29 (-0.1%)
setTwoLanes(0,1,1,2)             27292      27424      27242   +50 (+0.2%)
get(0)                           23560      23664      23569    -9 (-0.0%)
get(1)                           23572      23676      23581    -9 (-0.0%)
setThenGet(20, 300) [trunc]      26827      26989      26856   -29 (-0.1%)
TOTAL                           218923     219891     218977   -54 (-0.0%)
