---
source: crates/codegen/tests/yul.rs
expression: output
input_file: tests/fixtures/code_region_qualified.fe
---
object "Foo" {
  code {
    function $__fe_manual_contract_init_root_Foo() {
      let t3 := mload(0x40)
      if iszero(t3) {
        t3 := 0x80
      }
      mstore(0x40, add(t3, 0))
      let v0 := t3
      let v1 := v0
      $init(v1)
      stop()
    }
    function $codecopy(p0, p1, p2, p3) {
      let v4 := p1
      let v5 := p2
      let v6 := p3
      datacopy(v4, v5, v6)
      leave
    }
    function $init(p0) {
      let v3 := datasize("__Foo_runtime")
      let v1 := v3
      let v4 := dataoffset("__Foo_runtime")
      let v2 := v4
      let v10 := p0
      let v5 := v10
      let v11 := 0x00
      let v6 := v11
      $codecopy(v5, v6, v2, v1)
      let v14 := 0x00
      let v8 := v14
      $return_data_0(v8, v1)
      invalid()
    }
    function $return_data_0(p0, p1) {
      let v3 := p0
      let v4 := p1
      return(v3, v4)
    }
    $__fe_manual_contract_init_root_Foo()
  }
  object "__Foo_runtime" {
    code {
      function $__fe_manual_contract_runtime_root_Foo() {
        let t3 := mload(0x40)
        if iszero(t3) {
          t3 := 0x80
        }
        mstore(0x40, add(t3, 0))
        let v0 := t3
        let v1 := v0
        $runtime(v1)
        stop()
      }
      function $return_data_1(p0, p1) {
        let v3 := p0
        let v4 := p1
        return(v3, v4)
      }
      function $runtime(p0) {
        let v4 := 0x00
        let v1 := v4
        let v5 := 0x00
        let v2 := v5
        $return_data_1(v1, v2)
        invalid()
      }
      $__fe_manual_contract_runtime_root_Foo()
    }
  }
}
