---
source: crates/codegen/tests/yul.rs
expression: output
input_file: tests/fixtures/const_array_addmod.fe
---
object "main" {
  code {
    function $__fe_main_root() {
      let v0 := 0
      v0 := $get_sum()
      stop()
    }
    function $get_sum() -> ret {
      let r0 := mload(0x40)
      if iszero(r0) {
        r0 := 0x80
      }
      mstore(0x40, add(r0, 32))
      let r2 := mload(0x40)
      if iszero(r2) {
        r2 := 0x80
      }
      mstore(0x40, add(r2, 32))
      let r4 := mload(0x40)
      if iszero(r4) {
        r4 := 0x80
      }
      mstore(0x40, add(r4, 32))
      let r5 := mload(0x40)
      if iszero(r5) {
        r5 := 0x80
      }
      mstore(0x40, add(r5, 32))
      let r6 := mload(0x40)
      if iszero(r6) {
        r6 := 0x80
      }
      mstore(0x40, add(r6, 0))
      let v1 := 0
      let v3 := 0
      let v7 := 0
      let v8 := 0
      let v9 := 0
      let v10 := 0
      let v11 := 0
      let v12 := 0
      let v13 := 0
      let v14 := 0
      let v15 := 0
      let v16 := 0
      let v17 := 0
      v7 := 0x01
      mstore(r0, v7)
      v8 := 0x0a
      v9 := 0x14
      v10 := 0x1e
      v11 := dataoffset("const_0")
      v1 := v11
      v13 := 0x00
      mstore(r2, v13)
      v14 := 0x0a
      v3 := v14
      v15 := 0x64
      mstore(r4, v15)
      v17 := addmod(mload(r0), v3, mload(r4))
      mstore(r5, v17)
      ret := mload(r5)
      leave
    }
    $__fe_main_root()
  }
  data "const_0" hex"000000000000000000000000000000000000000000000000000000000000000a0000000000000000000000000000000000000000000000000000000000000014000000000000000000000000000000000000000000000000000000000000001e"
}
