---
source: crates/codegen/tests/yul.rs
expression: output
input_file: tests/fixtures/explicit_raw_boundaries.fe
---
object "main" {
  code {
    function $__fe_main_root() {
      let v0 := 0
      $bump_0(v0)
      stop()
    }
    function $bump_0(p0) {
      let v4 := p0
      let v1 := v4
      let v5 := 0x01
      let v2 := v5
      let t10 := mload(v1)
      let v7 := t10
      let t11 := add(v7, v2)
      if lt(t11, v7) {
        revert(0, 0)
      }
      let v8 := t11
      mstore(v1, v8)
      leave
    }
    $__fe_main_root()
  }
}
