---
source: crates/codegen/tests/yul.rs
expression: output
input_file: tests/fixtures/for_range.fe
---
function $for_range_sum() -> ret {
  let v0 := 0
  let v1 := 0
  let v2 := 10
  let v3 := mload(0x40)
  if iszero(v3) {
    v3 := 0x80
  }
  mstore(0x40, add(v3, 64))
  mstore(v3, v1)
  mstore(add(v3, 32), v2)
  let v4 := 0
  let v5 := $range_unknown__unknown__h1dfb0ca64ed7bf96_seq_ha637d2df505bccf2_len(v3)
  for { } lt(v4, v5) { v4 := add(v4, 1) } {
    let v6 := $range_unknown__unknown__h1dfb0ca64ed7bf96_seq_ha637d2df505bccf2_get(v3, v4)
    let v7 := v6
    let v8 := $usize_ha12462c6d36e68b0_add_h4cebc227a0cfd3c0_add(v0, v7)
    v0 := v8
  }
  ret := v0
  leave
}
function $range_unknown__unknown__h1dfb0ca64ed7bf96_seq_ha637d2df505bccf2_len($self) -> ret {
  let v0 := 0
  let v1 := mload(add($self, 32))
  let v2 := mload($self)
  let v3 := $usize_ha12462c6d36e68b0_ord_h264f6d6d75097a_lt(v1, v2)
  let v4 := v3
  if v4 {
    v0 := 0
  }
  if iszero(v4) {
    let v5 := mload(add($self, 32))
    let v6 := mload($self)
    let v7 := $usize_ha12462c6d36e68b0_sub_h7b686d389c07535e_sub(v5, v6)
    v0 := v7
  }
  ret := v0
  leave
}
function $range_unknown__unknown__h1dfb0ca64ed7bf96_seq_ha637d2df505bccf2_get($self, $i) -> ret {
  let v0 := mload($self)
  let v1 := $usize_ha12462c6d36e68b0_add_h4cebc227a0cfd3c0_add(v0, $i)
  ret := v1
  leave
}
function $usize_ha12462c6d36e68b0_add_h4cebc227a0cfd3c0_add($self, $other) -> ret {
  let v0 := $checked_add_usize($self, $other)
  ret := v0
  leave
}
function $usize_ha12462c6d36e68b0_ord_h264f6d6d75097a_lt($self, $other) -> ret {
  let v0 := lt($self, $other)
  ret := v0
  leave
}
function $usize_ha12462c6d36e68b0_sub_h7b686d389c07535e_sub($self, $other) -> ret {
  let v0 := $checked_sub_usize($self, $other)
  ret := v0
  leave
}
function $checked_add_unsigned_impl__usize__a12462c6d36e68b0($a, $b) -> ret {
  let v0 := $usize_ha12462c6d36e68b0_wrappingadd_h14afa79b3047617f_wrapping_add($a, $b)
  let v1 := $usize_ha12462c6d36e68b0_intword_h9a147c8c32b1323c_to_word(v0)
  let v2 := $usize_ha12462c6d36e68b0_intword_h9a147c8c32b1323c_to_word($a)
  let v3 := $u256_h3271ca15373d4483_ord_h264f6d6d75097a_lt(v1, v2)
  let v4 := v3
  if v4 {
    revert(0, 0)
  }
  ret := v0
  leave
}
function $checked_add_usize($a, $b) -> ret {
  let v0 := $checked_add_unsigned_impl__usize__a12462c6d36e68b0($a, $b)
  ret := v0
  leave
}
function $checked_sub_unsigned_impl__usize__a12462c6d36e68b0($a, $b) -> ret {
  let v0 := $usize_ha12462c6d36e68b0_intword_h9a147c8c32b1323c_to_word($b)
  let v1 := $usize_ha12462c6d36e68b0_intword_h9a147c8c32b1323c_to_word($a)
  let v2 := $u256_h3271ca15373d4483_ord_h264f6d6d75097a_gt(v0, v1)
  let v3 := v2
  if v3 {
    revert(0, 0)
  }
  let v4 := $usize_ha12462c6d36e68b0_wrappingsub_h6880d1ff91f0a556_wrapping_sub($a, $b)
  ret := v4
  leave
}
function $checked_sub_usize($a, $b) -> ret {
  let v0 := $checked_sub_unsigned_impl__usize__a12462c6d36e68b0($a, $b)
  ret := v0
  leave
}
function $u256_h3271ca15373d4483_ord_h264f6d6d75097a_gt($self, $other) -> ret {
  let v0 := gt($self, $other)
  ret := v0
  leave
}
function $u256_h3271ca15373d4483_ord_h264f6d6d75097a_lt($self, $other) -> ret {
  let v0 := lt($self, $other)
  ret := v0
  leave
}
function $usize_ha12462c6d36e68b0_intword_h9a147c8c32b1323c_to_word($self) -> ret {
  ret := $self
  leave
}
function $usize_ha12462c6d36e68b0_wrappingadd_h14afa79b3047617f_wrapping_add($self, $other) -> ret {
  let v0 := add($self, $other)
  ret := v0
  leave
}
function $usize_ha12462c6d36e68b0_wrappingsub_h6880d1ff91f0a556_wrapping_sub($self, $other) -> ret {
  let v0 := sub($self, $other)
  ret := v0
  leave
}
