---
source: crates/codegen/tests/yul.rs
expression: output
input_file: tests/fixtures/if_else.fe
---
object "main" {
  code {
    function $__fe_main_root() {
      let v0 := $main()
      stop()
    }
    function $helper(p0) -> ret {
      let v1 := and(p0, 0xffffffffffffffff)
      let v4 := 0x01
      let v2 := and(v4, 0xffffffffffffffff)
      let t6 := and(add(and(v1, 0xffffffffffffffff), and(v2, 0xffffffffffffffff)), 0xffffffffffffffff)
      if lt(t6, and(v1, 0xffffffffffffffff)) {
        revert(0, 0)
      }
      let v5 := t6
      let v3 := and(v5, 0xffffffffffffffff)
      ret := and(v3, 0xffffffffffffffff)
      leave
    }
    function $if_else(p0) -> ret {
      let v1 := 0
      let v2 := iszero(iszero(p0))
      if iszero(iszero(v2)) {
        let v7 := 0x01
        let v3 := and(v7, 0xffffffffffffffff)
        let v8 := $helper(and(v3, 0xffffffffffffffff))
        let v4 := and(v8, 0xffffffffffffffff)
        v1 := and(v4, 0xffffffffffffffff)
      }
      if iszero(iszero(iszero(v2))) {
        let v9 := 0x02
        let v5 := and(v9, 0xffffffffffffffff)
        let v10 := $helper(and(v5, 0xffffffffffffffff))
        let v6 := and(v10, 0xffffffffffffffff)
        v1 := and(v6, 0xffffffffffffffff)
      }
      ret := and(v1, 0xffffffffffffffff)
      leave
    }
    function $main() -> ret {
      let v2 := 1
      let v0 := iszero(iszero(v2))
      let v3 := $if_else(iszero(iszero(v0)))
      let v1 := and(v3, 0xffffffffffffffff)
      ret := and(v1, 0xffffffffffffffff)
      leave
    }
    $__fe_main_root()
  }
}
