---
source: crates/codegen/tests/yul.rs
expression: output
input_file: tests/fixtures/intrinsic_ops.fe
---
function $load_word__Evm_hef0af3106e109414__3af54274b2985741($ptr) -> ret {
  let v0 := mload($ptr)
  ret := v0
  leave
}
function $store_word__Evm_hef0af3106e109414__3af54274b2985741($ptr, $value) {
  mstore($ptr, $value)
  leave
}
function $store_byte__Evm_hef0af3106e109414__3af54274b2985741($ptr, $value) {
  mstore8($ptr, $value)
  leave
}
function $load_slot__Evm_hef0af3106e109414__3af54274b2985741($slot) -> ret {
  let v0 := sload($slot)
  ret := v0
  leave
}
function $store_slot__Evm_hef0af3106e109414__3af54274b2985741($slot, $value) {
  sstore($slot, $value)
  leave
}
function $load_calldata__Evm_hef0af3106e109414__3af54274b2985741($offset) -> ret {
  let v0 := calldataload($offset)
  ret := v0
  leave
}
function $finish__Evm_hef0af3106e109414__3af54274b2985741($ptr, $len) {
  return($ptr, $len)
}
