---
source: crates/codegen/tests/yul.rs
expression: output
input_file: tests/fixtures/literal_add.fe
---
object "main" {
  code {
    function $__fe_main_root() {
      let v0 := 0
      v0 := $main()
      stop()
    }
    function $add_0($a, $b) -> ret {
      let r0 := mload(0x40)
      if iszero(r0) {
        r0 := 0x80
      }
      mstore(0x40, add(r0, 32))
      let r1 := mload(0x40)
      if iszero(r1) {
        r1 := 0x80
      }
      mstore(0x40, add(r1, 32))
      let r2 := mload(0x40)
      if iszero(r2) {
        r2 := 0x80
      }
      mstore(0x40, add(r2, 32))
      let v3 := 0
      mstore(r0, $a)
      mstore(r1, $b)
      v3 := $add_1(and(mload(r0), 0xffffffffffffffff), and(mload(r1), 0xffffffffffffffff))
      mstore(r2, v3)
      ret := and(mload(r2), 0xffffffffffffffff)
      leave
    }
    function $add_1($self, $other) -> ret {
      let r0 := mload(0x40)
      if iszero(r0) {
        r0 := 0x80
      }
      mstore(0x40, add(r0, 32))
      let r1 := mload(0x40)
      if iszero(r1) {
        r1 := 0x80
      }
      mstore(0x40, add(r1, 32))
      let r2 := mload(0x40)
      if iszero(r2) {
        r2 := 0x80
      }
      mstore(0x40, add(r2, 32))
      let v3 := 0
      mstore(r0, $self)
      mstore(r1, $other)
      let t4 := and(add(and(mload(r0), 0xffffffffffffffff), and(mload(r1), 0xffffffffffffffff)), 0xffffffffffffffff)
      if lt(t4, and(mload(r0), 0xffffffffffffffff)) {
        revert(0, 0)
      }
      v3 := t4
      mstore(r2, v3)
      ret := and(mload(r2), 0xffffffffffffffff)
      leave
    }
    function $main() -> ret {
      let r0 := mload(0x40)
      if iszero(r0) {
        r0 := 0x80
      }
      mstore(0x40, add(r0, 32))
      let r1 := mload(0x40)
      if iszero(r1) {
        r1 := 0x80
      }
      mstore(0x40, add(r1, 32))
      let r2 := mload(0x40)
      if iszero(r2) {
        r2 := 0x80
      }
      mstore(0x40, add(r2, 32))
      let r3 := mload(0x40)
      if iszero(r3) {
        r3 := 0x80
      }
      mstore(0x40, add(r3, 32))
      let v4 := 0
      let v5 := 0
      let v6 := 0
      v4 := 0x0a
      mstore(r1, v4)
      v5 := 0x14
      mstore(r2, v5)
      v6 := $add_0(and(mload(r1), 0xffffffffffffffff), and(mload(r2), 0xffffffffffffffff))
      mstore(r3, v6)
      mstore(r0, and(mload(r3), 0xffffffffffffffff))
      ret := and(mload(r0), 0xffffffffffffffff)
      leave
    }
    $__fe_main_root()
  }
}
