---
source: crates/codegen/tests/yul.rs
expression: output
input_file: tests/fixtures/literal_add.fe
---
object "main" {
  code {
    function $__fe_main_root() {
      let v0 := 0
      v0 := $main()
      stop()
    }
    function $main() -> ret {
      let v0 := 0
      let v1 := 0
      let v2 := 0
      let v3 := 0
      let v4 := 0
      let v5 := 0
      let v6 := 0
      let v7 := 0
      v4 := 0x0a
      v1 := v4
      v5 := 0x14
      v2 := v5
      v6 := 0x1e
      v3 := v6
      v7 := 0x1e
      v0 := v7
      ret := v0
      leave
    }
    $__fe_main_root()
  }
}
