---
source: crates/codegen/tests/yul.rs
expression: output
input_file: tests/fixtures/match_nested_enum.fe
---
object "main" {
  code {
    function $__fe_main_root() {
      let v0 := $main()
      stop()
    }
    function $main() -> ret {
      let v4 := 0x07
      let v0 := and(v4, 0xff)
      let v5 := 0x07
      let t11 := mload(0x40)
      if iszero(t11) {
        t11 := 0x80
      }
      mstore(0x40, add(t11, 33))
      mstore8(t11, and(1, 0xff))
      mstore(add(t11, 1), and(and(v5, 0xff), 0xff))
      let v6 := t11
      let v1 := v6
      let v7 := 0x07
      let t12 := mload(0x40)
      if iszero(t12) {
        t12 := 0x80
      }
      mstore(0x40, add(t12, 33))
      mstore8(t12, and(1, 0xff))
      mstore(add(t12, 1), and(and(v7, 0xff), 0xff))
      let v8 := t12
      let t13 := mload(0x40)
      if iszero(t13) {
        t13 := 0x80
      }
      mstore(0x40, add(t13, 34))
      mstore8(t13, and(0, 0xff))
      mstore(add(t13, 1), mload(v8))
      mstore(add(add(t13, 1), 32), mload(add(v8, 32)))
      let v9 := t13
      let v2 := v9
      let v10 := $match_nested_enum(v2)
      let v3 := and(v10, 0xff)
      ret := and(v3, 0xff)
      leave
    }
    function $match_nested_enum(p0) -> ret {
      let r0 := mload(0x40)
      if iszero(r0) {
        r0 := 0x80
      }
      mstore(0x40, add(r0, 34))
      let v3 := 0
      let v4 := 0
      mstore(r0, mload(p0))
      mstore(add(r0, 32), mload(add(p0, 32)))
      let t12 := and(byte(0, mload(r0)), 0xff)
      let v8 := t12
      switch and(v8, 0xff)
      case 0 {
          v4 := add(r0, 1)
          let t14 := and(byte(0, mload(v4)), 0xff)
          let v9 := t14
          switch and(v9, 0xff)
          case 0 {
              let v10 := 0x00
              let v5 := and(v10, 0xff)
              let v11 := 0x00
              v3 := and(v11, 0xff)
          }
          case 1 {
              let t15 := and(mload(add(v4, 1)), 0xff)
              let v6 := t15
              let v1 := and(v6, 0xff)
              v3 := and(v1, 0xff)
          }
          default {
              invalid()
          }
      }
      case 1 {
          let t16 := and(mload(add(r0, 1)), 0xff)
          let v7 := t16
          let v2 := and(v7, 0xff)
          v3 := and(v2, 0xff)
      }
      default {
          invalid()
      }
      ret := and(v3, 0xff)
      leave
    }
    $__fe_main_root()
  }
}
