---
source: crates/codegen/tests/yul.rs
expression: output
input_file: tests/fixtures/math_ops.fe
---
object "main" {
  code {
    function $__fe_main_root() {
      let v0 := $math_ops()
      stop()
    }
    function $math_ops() -> ret {
      let v9 := 0x0a
      let v0 := and(v9, 0xffffffffffffffff)
      let v10 := 0x03
      let v1 := and(v10, 0xffffffffffffffff)
      let v11 := 0x07
      let v2 := and(v11, 0xffffffffffffffff)
      let v12 := 0x02
      let v3 := and(v12, 0xffffffffffffffff)
      let v13 := 0x0e
      let v4 := and(v13, 0xffffffffffffffff)
      let v14 := 0x07
      let v5 := and(v14, 0xffffffffffffffff)
      let v15 := 0x02
      let v6 := and(v15, 0xffffffffffffffff)
      let v16 := 0x03
      let v7 := and(v16, 0xffffffffffffffff)
      let v17 := 0x02
      let v8 := and(v17, 0xffffffffffffffff)
      ret := and(v8, 0xffffffffffffffff)
      leave
    }
    $__fe_main_root()
  }
}
