---
source: crates/codegen/tests/yul.rs
expression: output
input_file: tests/fixtures/newtype_storage_byplace_effect_arg.fe
---
object "NewtypeByPlaceEffectArg" {
  code {
    function $__NewtypeByPlaceEffectArg_init() {
      let v0 := $init_field__Evm_hef0af3106e109414_u256__3b1b0af5b20737f9(0, 0)
      let v1 := $init_field__Evm_hef0af3106e109414_Wrap_haf9e70905fcbd513__fd5231d549c91f24(0, 1)
      let v2 := dataoffset("NewtypeByPlaceEffectArg_deployed")
      let v3 := datasize("NewtypeByPlaceEffectArg_deployed")
      let v4 := codesize()
      let v5 := add(v2, v3)
      let v6 := lt(v4, v5)
      if v6 {
        $evm_hef0af3106e109414_contracthost_h57111e7eb283a125_abort(0)
      }
      let v7 := sub(v4, v5)
      let v8 := $alloc(v7)
      codecopy(v8, v5, v7)
      let v9 := mload(0x40)
      if iszero(v9) {
        v9 := 0x80
      }
      mstore(0x40, add(v9, 64))
      mstore(v9, v8)
      mstore(add(v9, 32), v7)
      let v10 := $sol_hfd482bb803ad8c5f_abi_h2da9a2d0b1ddaeb7_decoder_new__MemoryBytes_h1e381015a9b0111b__59e0d528d54cca1b(v9)
      $__NewtypeByPlaceEffectArg_init_contract()
      codecopy(0, v2, v3)
      return(0, v3)
    }
    function $__NewtypeByPlaceEffectArg_init_contract() {
      leave
    }
    function $alloc($size) -> ret {
      let v0 := mload(64)
      let v1 := mload(128)
      let v2 := gt(v1, v0)
      if v2 {
        v0 := v1
      }
      let v3 := eq(v0, 0)
      if v3 {
        let v4 := msize()
        v0 := v4
        let v5 := lt(v0, 8192)
        if v5 {
          v0 := 8192
        }
        mstore(64, add(v0, $size))
        ret := v0
        leave
      }
      if iszero(v3) {
        mstore(64, add(v0, $size))
        ret := v0
        leave
      }
    }
    function $cursor_i__h140a998c67d6d59c_new__MemoryBytes_h1e381015a9b0111b__59e0d528d54cca1b($input) -> ret {
      let v0 := mload(0x40)
      if iszero(v0) {
        v0 := 0x80
      }
      mstore(0x40, add(v0, 96))
      let v1 := $input
      mstore(v0, mload(v1))
      mstore(add(v0, 32), mload(add(v1, 32)))
      mstore(add(v0, 64), 0)
      let v2 := v0
      ret := v2
      leave
    }
    function $evm_hef0af3106e109414_contracthost_h57111e7eb283a125_abort($self) {
      revert(0, 0)
    }
    function $evm_hef0af3106e109414_contracthost_h57111e7eb283a125_field__Wrap_haf9e70905fcbd513__945a70bbbf171dbd($self, $slot) -> ret {
      let v0 := $stor_ptr__Evm_hef0af3106e109414_Wrap_haf9e70905fcbd513__fd5231d549c91f24(0, $slot)
      ret := v0
      leave
    }
    function $evm_hef0af3106e109414_contracthost_h57111e7eb283a125_field__u256__3271ca15373d4483($self, $slot) -> ret {
      let v0 := $stor_ptr__Evm_hef0af3106e109414_u256__3b1b0af5b20737f9(0, $slot)
      ret := v0
      leave
    }
    function $init_field__Evm_hef0af3106e109414_Wrap_haf9e70905fcbd513__fd5231d549c91f24($self, $slot) -> ret {
      let v0 := $evm_hef0af3106e109414_contracthost_h57111e7eb283a125_field__Wrap_haf9e70905fcbd513__945a70bbbf171dbd(0, $slot)
      ret := v0
      leave
    }
    function $init_field__Evm_hef0af3106e109414_u256__3b1b0af5b20737f9($self, $slot) -> ret {
      let v0 := $evm_hef0af3106e109414_contracthost_h57111e7eb283a125_field__u256__3271ca15373d4483(0, $slot)
      ret := v0
      leave
    }
    function $sol_hfd482bb803ad8c5f_abi_h2da9a2d0b1ddaeb7_decoder_new__MemoryBytes_h1e381015a9b0111b__59e0d528d54cca1b($input) -> ret {
      let v0 := $soldecoder_i__ha12a03fcb5ba844b_new__MemoryBytes_h1e381015a9b0111b__59e0d528d54cca1b($input)
      ret := v0
      leave
    }
    function $soldecoder_i__ha12a03fcb5ba844b_new__MemoryBytes_h1e381015a9b0111b__59e0d528d54cca1b($input) -> ret {
      let v0 := $cursor_i__h140a998c67d6d59c_new__MemoryBytes_h1e381015a9b0111b__59e0d528d54cca1b($input)
      let v1 := mload(0x40)
      if iszero(v1) {
        v1 := 0x80
      }
      mstore(0x40, add(v1, 128))
      let v2 := v0
      mstore(v1, mload(v2))
      mstore(add(v1, 32), mload(add(v2, 32)))
      mstore(add(v1, 64), mload(add(v2, 64)))
      mstore(add(v1, 96), 0)
      let v3 := v1
      ret := v3
      leave
    }
    function $stor_ptr__Evm_hef0af3106e109414_Wrap_haf9e70905fcbd513__fd5231d549c91f24($self, $slot) -> ret {
      let v0 := $storptr_t__hc45dea9607fd5340_effecthandle_hfc52f915596f993a_from_raw__u256__3271ca15373d4483($slot)
      ret := v0
      leave
    }
    function $stor_ptr__Evm_hef0af3106e109414_u256__3b1b0af5b20737f9($self, $slot) -> ret {
      let v0 := $storptr_t__hc45dea9607fd5340_effecthandle_hfc52f915596f993a_from_raw__u256__3271ca15373d4483($slot)
      ret := v0
      leave
    }
    function $storptr_t__hc45dea9607fd5340_effecthandle_hfc52f915596f993a_from_raw__u256__3271ca15373d4483($raw) -> ret {
      ret := $raw
      leave
    }
    $__NewtypeByPlaceEffectArg_init()
  }

  object "NewtypeByPlaceEffectArg_deployed" {
    code {
      function $__NewtypeByPlaceEffectArg_recv_0_0($args, $w, $x) -> ret {
        $bump__StorPtr_Wrap___5036bb3e02939b91($w)
        let v0 := sload($x)
        sstore($x, add(v0, 1))
        let v1 := sload($x)
        ret := v1
        leave
      }
      function $__NewtypeByPlaceEffectArg_runtime() {
        let v0 := $evm_hef0af3106e109414_contracthost_h57111e7eb283a125_field__u256__3271ca15373d4483(0, 0)
        let v1 := $evm_hef0af3106e109414_contracthost_h57111e7eb283a125_field__Wrap_haf9e70905fcbd513__945a70bbbf171dbd(0, 1)
        let v2 := $runtime_selector__Evm_hef0af3106e109414_Sol_hfd482bb803ad8c5f__e4e3f8d20b3805a2(0)
        let v3 := $runtime_decoder__Evm_hef0af3106e109414_Sol_hfd482bb803ad8c5f__e4e3f8d20b3805a2(0)
        switch v2
          case 1 {
            $bump_hfb5a53c6af92b8a6_decode_h624c3cd8c996d995_decode__SolDecoder_CallData___c1e4510fd444b966(v3)
            let v4 := $__NewtypeByPlaceEffectArg_recv_0_0(0, v1, v0)
            $return_value__Evm_hef0af3106e109414_Sol_hfd482bb803ad8c5f_u256__c4b26908c66ef75f(0, v4)
          }
          default {
            $evm_hef0af3106e109414_contracthost_h57111e7eb283a125_abort(0)
          }
      }
      function $alloc($size) -> ret {
        let v0 := mload(64)
        let v1 := mload(128)
        let v2 := gt(v1, v0)
        if v2 {
          v0 := v1
        }
        let v3 := eq(v0, 0)
        if v3 {
          let v4 := msize()
          v0 := v4
          let v5 := lt(v0, 8192)
          if v5 {
            v0 := 8192
          }
          mstore(64, add(v0, $size))
          ret := v0
          leave
        }
        if iszero(v3) {
          mstore(64, add(v0, $size))
          ret := v0
          leave
        }
      }
      function $bump__StorPtr_Wrap___5036bb3e02939b91($w) {
        let v0 := sload($w)
        sstore($w, add(v0, 1))
        leave
      }
      function $bump_hfb5a53c6af92b8a6_decode_h624c3cd8c996d995_decode__SolDecoder_CallData___c1e4510fd444b966($d) {
        leave
      }
      function $calldata_hf71d505b6ff5dc81_byteinput_hc4c2cb44299530ae_len($self) -> ret {
        let v0 := calldatasize()
        ret := sub(v0, $self)
        leave
      }
      function $calldata_hf71d505b6ff5dc81_byteinput_hc4c2cb44299530ae_word_at($self, $byte_offset) -> ret {
        let v0 := calldataload(add($self, $byte_offset))
        ret := v0
        leave
      }
      function $cursor_i__h140a998c67d6d59c_fork__CallData_hf71d505b6ff5dc81__e6d5f05c3478f563($self, $pos) -> ret {
        let v0 := mload($self)
        let v1 := mload(0x40)
        if iszero(v1) {
          v1 := 0x80
        }
        mstore(0x40, add(v1, 64))
        mstore(v1, v0)
        mstore(add(v1, 32), $pos)
        let v2 := v1
        ret := v2
        leave
      }
      function $cursor_i__h140a998c67d6d59c_new__CallData_hf71d505b6ff5dc81__e6d5f05c3478f563($input) -> ret {
        let v0 := mload(0x40)
        if iszero(v0) {
          v0 := 0x80
        }
        mstore(0x40, add(v0, 64))
        mstore(v0, $input)
        mstore(add(v0, 32), 0)
        let v1 := v0
        ret := v1
        leave
      }
      function $evm_hef0af3106e109414_contracthost_h57111e7eb283a125_abort($self) {
        revert(0, 0)
      }
      function $evm_hef0af3106e109414_contracthost_h57111e7eb283a125_field__Wrap_haf9e70905fcbd513__945a70bbbf171dbd($self, $slot) -> ret {
        let v0 := $stor_ptr__Evm_hef0af3106e109414_Wrap_haf9e70905fcbd513__fd5231d549c91f24(0, $slot)
        ret := v0
        leave
      }
      function $evm_hef0af3106e109414_contracthost_h57111e7eb283a125_field__u256__3271ca15373d4483($self, $slot) -> ret {
        let v0 := $stor_ptr__Evm_hef0af3106e109414_u256__3b1b0af5b20737f9(0, $slot)
        ret := v0
        leave
      }
      function $evm_hef0af3106e109414_contracthost_h57111e7eb283a125_input($self) -> ret {
        ret := 0
        leave
      }
      function $evm_hef0af3106e109414_contracthost_h57111e7eb283a125_return_bytes($self, $ptr, $len) {
        return($ptr, $len)
      }
      function $return_value__Evm_hef0af3106e109414_Sol_hfd482bb803ad8c5f_u256__c4b26908c66ef75f($self, $value) {
        let v0 := $sol_hfd482bb803ad8c5f_abi_h2da9a2d0b1ddaeb7_encoder_new()
        let v1 := $solencoder_h1b9228b90dad6928_abiencoder_hffd58d20d4321024_reserve_head(v0, 32)
        pop(v1)
        $u256_h3271ca15373d4483_encode_hab7243eccf2714fb_encode__Sol_hfd482bb803ad8c5f_SolEncoder_h1b9228b90dad6928__1a070c3866d16383($value, v0)
        let v2 := $solencoder_h1b9228b90dad6928_abiencoder_hffd58d20d4321024_finish(v0)
        let v3 := mload(v2)
        let v4 := mload(add(v2, 32))
        $evm_hef0af3106e109414_contracthost_h57111e7eb283a125_return_bytes(0, v3, v4)
      }
      function $runtime_decoder__Evm_hef0af3106e109414_Sol_hfd482bb803ad8c5f__e4e3f8d20b3805a2($self) -> ret {
        let v0 := $evm_hef0af3106e109414_contracthost_h57111e7eb283a125_input(0)
        let v1 := $sol_hfd482bb803ad8c5f_abi_h2da9a2d0b1ddaeb7_decoder_with_base__CallData_hf71d505b6ff5dc81__e6d5f05c3478f563(v0, 4)
        ret := v1
        leave
      }
      function $runtime_selector__Evm_hef0af3106e109414_Sol_hfd482bb803ad8c5f__e4e3f8d20b3805a2($self) -> ret {
        let v0 := $evm_hef0af3106e109414_contracthost_h57111e7eb283a125_input(0)
        let v1 := $calldata_hf71d505b6ff5dc81_byteinput_hc4c2cb44299530ae_len(v0)
        let v2 := lt(v1, 4)
        if v2 {
          $evm_hef0af3106e109414_contracthost_h57111e7eb283a125_abort(0)
        }
        let v3 := $calldata_hf71d505b6ff5dc81_byteinput_hc4c2cb44299530ae_word_at(v0, 0)
        let v4 := $sol_hfd482bb803ad8c5f_abi_h2da9a2d0b1ddaeb7_selector_from_prefix(v3)
        ret := v4
        leave
      }
      function $s_h33f7c3322e562590_intdowncast_hf946d58b157999e1_downcast_unchecked__u256_u32__6e3637cd3e911b35($self) -> ret {
        let v0 := $u256_h3271ca15373d4483_intword_h9a147c8c32b1323c_to_word($self)
        let v1 := $u32_h20aa0c10687491ad_intword_h9a147c8c32b1323c_from_word(v0)
        ret := v1
        leave
      }
      function $sol_hfd482bb803ad8c5f_abi_h2da9a2d0b1ddaeb7_decoder_with_base__CallData_hf71d505b6ff5dc81__e6d5f05c3478f563($input, $base) -> ret {
        let v0 := $soldecoder_i__ha12a03fcb5ba844b_with_base__CallData_hf71d505b6ff5dc81__e6d5f05c3478f563($input, $base)
        ret := v0
        leave
      }
      function $sol_hfd482bb803ad8c5f_abi_h2da9a2d0b1ddaeb7_encoder_new() -> ret {
        let v0 := $solencoder_h1b9228b90dad6928_new()
        ret := v0
        leave
      }
      function $sol_hfd482bb803ad8c5f_abi_h2da9a2d0b1ddaeb7_selector_from_prefix($prefix) -> ret {
        let v0 := $s_h33f7c3322e562590_intdowncast_hf946d58b157999e1_downcast_unchecked__u256_u32__6e3637cd3e911b35(shr(224, $prefix))
        ret := v0
        leave
      }
      function $soldecoder_i__ha12a03fcb5ba844b_with_base__CallData_hf71d505b6ff5dc81__e6d5f05c3478f563($input, $base) -> ret {
        let v0 := $cursor_i__h140a998c67d6d59c_new__CallData_hf71d505b6ff5dc81__e6d5f05c3478f563($input)
        let v1 := $cursor_i__h140a998c67d6d59c_fork__CallData_hf71d505b6ff5dc81__e6d5f05c3478f563(v0, $base)
        let v2 := mload(0x40)
        if iszero(v2) {
          v2 := 0x80
        }
        mstore(0x40, add(v2, 96))
        let v3 := v1
        mstore(v2, mload(v3))
        mstore(add(v2, 32), mload(add(v3, 32)))
        mstore(add(v2, 64), $base)
        let v4 := v2
        ret := v4
        leave
      }
      function $solencoder_h1b9228b90dad6928_abiencoder_hffd58d20d4321024_finish($self) -> ret {
        let v0 := mload($self)
        let v1 := mload(add($self, 64))
        let v2 := mload(0x40)
        if iszero(v2) {
          v2 := 0x80
        }
        mstore(0x40, add(v2, 64))
        mstore(v2, v0)
        mstore(add(v2, 32), sub(v1, v0))
        ret := v2
        leave
      }
      function $solencoder_h1b9228b90dad6928_abiencoder_hffd58d20d4321024_reserve_head($self, $bytes) -> ret {
        $solencoder_h1b9228b90dad6928_ensure_init($self, $bytes)
        let v0 := mload($self)
        ret := v0
        leave
      }
      function $solencoder_h1b9228b90dad6928_abiencoder_hffd58d20d4321024_write_word($self, $v) {
        let v0 := mload(add($self, 32))
        mstore(v0, $v)
        mstore(add($self, 32), add(v0, 32))
        leave
      }
      function $solencoder_h1b9228b90dad6928_ensure_init($self, $bytes) {
        let v0 := mload($self)
        let v1 := eq(v0, 0)
        if v1 {
          let v2 := $alloc($bytes)
          mstore($self, v2)
          mstore(add($self, 32), v2)
          mstore(add($self, 64), add(v2, $bytes))
        }
        leave
      }
      function $solencoder_h1b9228b90dad6928_new() -> ret {
        let v0 := mload(0x40)
        if iszero(v0) {
          v0 := 0x80
        }
        mstore(0x40, add(v0, 96))
        mstore(v0, 0)
        mstore(add(v0, 32), 0)
        mstore(add(v0, 64), 0)
        let v1 := v0
        ret := v1
        leave
      }
      function $stor_ptr__Evm_hef0af3106e109414_Wrap_haf9e70905fcbd513__fd5231d549c91f24($self, $slot) -> ret {
        let v0 := $storptr_t__hc45dea9607fd5340_effecthandle_hfc52f915596f993a_from_raw__u256__3271ca15373d4483($slot)
        ret := v0
        leave
      }
      function $stor_ptr__Evm_hef0af3106e109414_u256__3b1b0af5b20737f9($self, $slot) -> ret {
        let v0 := $storptr_t__hc45dea9607fd5340_effecthandle_hfc52f915596f993a_from_raw__u256__3271ca15373d4483($slot)
        ret := v0
        leave
      }
      function $storptr_t__hc45dea9607fd5340_effecthandle_hfc52f915596f993a_from_raw__u256__3271ca15373d4483($raw) -> ret {
        ret := $raw
        leave
      }
      function $u256_h3271ca15373d4483_encode_hab7243eccf2714fb_encode__Sol_hfd482bb803ad8c5f_SolEncoder_h1b9228b90dad6928__1a070c3866d16383($self, $e) {
        $solencoder_h1b9228b90dad6928_abiencoder_hffd58d20d4321024_write_word($e, $self)
        leave
      }
      function $u256_h3271ca15373d4483_intword_h9a147c8c32b1323c_to_word($self) -> ret {
        ret := $self
        leave
      }
      function $u32_h20aa0c10687491ad_intword_h9a147c8c32b1323c_from_word($word) -> ret {
        ret := $word
        leave
      }
      $__NewtypeByPlaceEffectArg_runtime()
      return(0, 0)
    }
  }
}
