---
source: crates/codegen/tests/yul.rs
expression: output
input_file: tests/fixtures/struct_init.fe
---
object "main" {
  code {
    function $__fe_main_root() {
      let v0 := $make_dummy()
      stop()
    }
    function $make_dummy() -> ret {
      let v4 := 0x2a
      let v1 := and(v4, 0xffffffffffffffff)
      let v5 := 0x63
      let v2 := v5
      let v6 := 0x2a
      let v7 := 0x63
      let v8 := dataoffset("const_0")
      let v3 := v8
      let v10 := 0x2a
      let v11 := 0x63
      let t14 := mload(0x40)
      if iszero(t14) {
        t14 := 0x80
      }
      mstore(0x40, add(t14, 64))
      let v13 := t14
      mstore(v13, and(and(v10, 0xffffffffffffffff), 0xffffffffffffffff))
      mstore(add(v13, 32), v11)
      let v12 := v13
      let v0 := v12
      ret := v0
      leave
    }
    $__fe_main_root()
  }
  data "const_0" hex"000000000000000000000000000000000000000000000000000000000000002a0000000000000000000000000000000000000000000000000000000000000063"
}
