---
source: crates/codegen/tests/yul.rs
expression: output
input_file: tests/fixtures/unary_expr.fe
---
object "main" {
  code {
    function $__fe_main_root() {
      let v0 := $unary_expr()
      stop()
    }
    function $unary_expr() -> ret {
      let v4 := 0x01
      let v0 := signextend(7, and(v4, 0xffffffffffffffff))
      let v5 := 0x02
      let v1 := signextend(7, and(v5, 0xffffffffffffffff))
      let v6 := 0x03
      let v2 := signextend(7, and(v6, 0xffffffffffffffff))
      let v7 := 0xfffffffffffffffd
      let v3 := signextend(7, and(v7, 0xffffffffffffffff))
      ret := signextend(7, and(v3, 0xffffffffffffffff))
      leave
    }
    $__fe_main_root()
  }
}
