---
source: crates/codegen/tests/yul.rs
expression: output
input_file: tests/fixtures/while.fe
---
object "main" {
  code {
    function $__fe_main_root() {
      let v0 := $do_while()
      stop()
    }
    function $do_while() -> ret {
      let v0 := 0
      let v7 := 0x00
      let v1 := and(v7, 0xffffffffffffffff)
      let v8 := 0x00
      v0 := and(v8, 0xffffffffffffffff)
      for {} 1 {} {
        let v9 := 0x0a
        let v2 := and(v9, 0xffffffffffffffff)
        let v10 := iszero(iszero(lt(and(v0, 0xffffffffffffffff), and(v2, 0xffffffffffffffff))))
        let v3 := iszero(iszero(v10))
        if iszero(iszero(v3)) {
          let v11 := 0x01
          let v4 := and(v11, 0xffffffffffffffff)
          let t13 := and(add(and(v0, 0xffffffffffffffff), and(v4, 0xffffffffffffffff)), 0xffffffffffffffff)
          if lt(t13, and(v0, 0xffffffffffffffff)) {
            revert(0, 0)
          }
          let v12 := t13
          let v5 := and(v12, 0xffffffffffffffff)
          v0 := and(v5, 0xffffffffffffffff)
          continue
        }
        if iszero(iszero(iszero(v3))) {
          break
        }
      }
      ret := and(v0, 0xffffffffffffffff)
      leave
    }
    $__fe_main_root()
  }
}
