---
source: crates/uitest/tests/semantic_borrowck.rs
assertion_line: 25
expression: diags
input_file: fixtures/semantic_borrowck/inner_loop_feedback.fe
---
error[16-0001]: borrow conflict in `fn held_written_inside`
   ┌─ inner_loop_feedback.fe:73:13
   │
70 │         let held = mut other[x]
   │                    ------------ borrow created here
   ·
73 │             other[x] = 2
   │             ^^^^^^^^^^^^ cannot write to this place while a mutable borrow is active

error[16-0002]: move conflict in `fn moved_inside`
   ┌─ inner_loop_feedback.fe:88:21
   │
88 │             consume(item)
   │                     ^^^^
   │                     │
   │                     cannot use a value after it was moved
   │                     value is moved here
