---
source: crates/uitest/tests/semantic_borrowck.rs
expression: diags
input_file: fixtures/semantic_borrowck/native_slot_initialization.fe
---
error[16-0001]: borrow conflict in `fn read_zeroed_reference`
  ┌─ native_slot_initialization.fe:7:32
  │
7 │     let value: u256 = unsafe { *slot }
  │                                ^^^^^ cannot use a native borrow that is uninitialized or invalidated by a raw write

error[16-0001]: borrow conflict in `fn copy_reference_bytes`
   ┌─ native_slot_initialization.fe:19:33
   │
19 │     let result: u256 = unsafe { *destination }
   │                                 ^^^^^^^^^^^^ cannot use a native borrow that is uninitialized or invalidated by a raw write

error[16-0001]: borrow conflict in `fn read_returned_slot`
   ┌─ native_slot_initialization.fe:62:32
   │
62 │     let value: u256 = unsafe { *slot }
   │                                ^^^^^ cannot use a native borrow that is uninitialized or invalidated by a raw write
