---
source: crates/uitest/tests/semantic_borrowck.rs
expression: diags
input_file: fixtures/semantic_borrowck/nested_offset_aliasing.fe
---
error[16-0001]: borrow conflict in `fn nested_byte_offsets`
   ┌─ nested_offset_aliasing.fe:10:18
   │
 9 │     let loan = mut *left
   │                --------- borrow created here
10 │     let result = *right
   │                  ^^^^^^ cannot immutably borrow this place while a mutable borrow is active

error[16-0001]: borrow conflict in `fn overlapping_words_after_casts`
   ┌─ nested_offset_aliasing.fe:23:18
   │
22 │     let loan = mut *left
   │                --------- borrow created here
23 │     let result = *right
   │                  ^^^^^^ cannot immutably borrow this place while a mutable borrow is active
