---
source: crates/uitest/tests/semantic_borrowck.rs
expression: diags
input_file: fixtures/semantic_borrowck/recursive_input_provenance.fe
---
error[16-0001]: borrow conflict in `fn head_after_1_links`
   ┌─ recursive_input_provenance.fe:35:14
   │
34 │     let borrowed = unsafe { mut head.value }
   │                             -------------- borrow created here
35 │     unsafe { selected.value = 2 }
   │              ^^^^^^^^^^^^^^^^^^ cannot mutably borrow this place while a mut borrow is active

error[16-0001]: borrow conflict in `fn head_after_4_links`
   ┌─ recursive_input_provenance.fe:59:14
   │
58 │     let borrowed = unsafe { mut head.value }
   │                             -------------- borrow created here
59 │     unsafe { selected.value = 2 }
   │              ^^^^^^^^^^^^^^^^^^ cannot mutably borrow this place while a mut borrow is active

error[16-0001]: borrow conflict in `fn head_after_16_links`
   ┌─ recursive_input_provenance.fe:83:14
   │
82 │     let borrowed = unsafe { mut head.value }
   │                             -------------- borrow created here
83 │     unsafe { selected.value = 2 }
   │              ^^^^^^^^^^^^^^^^^^ cannot mutably borrow this place while a mut borrow is active

error[16-0002]: move conflict in `fn move_same_node_twice`
    ┌─ recursive_input_provenance.fe:111:18
    │
109 │     let first = take(head)
    │                 ---------- value is moved here
110 │     let tail = match first.next { Option::Some(tail) => tail, Option::None => return }
111 │     let second = take(head)
    │                  ^^^^^^^^^^ cannot use a value after it was moved
