---
source: crates/uitest/tests/semantic_borrowck.rs
assertion_line: 25
expression: diags
input_file: fixtures/semantic_borrowck/return_borrows.fe
---
error[16-0003]: invalid return borrow in `fn other_ref`
   ┌─ return_borrows.fe:12:55
   │
12 │       fn other_ref(self, _ other: ref u256) -> ref u256 {
   │ ╭───────────────────────────────────────────────────────^
13 │ │         other
14 │ │     }
   │ ╰─────^ a method can only return borrows derived from `self`

error[16-0003]: invalid return borrow in `fn local_borrow`
   ┌─ return_borrows.fe:18:31
   │
18 │   fn local_borrow() -> ref u256 {
   │ ╭───────────────────────────────^
19 │ │     let x: u256 = 1
20 │ │     ref x
21 │ │ }
   │ ╰─^ cannot return a borrow to local `x`

error[16-0003]: invalid return borrow in `fn wrapped_local`
   ┌─ return_borrows.fe:24:28
   │
24 │   fn wrapped_local() -> Wrap {
   │ ╭────────────────────────────^
25 │ │     let x: u256 = 1
26 │ │     Wrap { r: ref x }
27 │ │ }
   │ ╰─^ cannot return a value that holds a borrow of local `x`

error[16-0003]: invalid return borrow in `fn effect_borrow`
   ┌─ return_borrows.fe:40:51
   │
40 │   fn effect_borrow() -> ref u256 uses (value: u256) {
   │ ╭───────────────────────────────────────────────────^
41 │ │     ref value
42 │ │ }
   │ ╰─^ cannot return a borrow derived from an effect parameter
