---
source: crates/uitest/tests/semantic_borrowck.rs
expression: diags
input_file: fixtures/semantic_borrowck/shared_projection_calls.fe
---
error[16-0001]: borrow conflict in `fn projection_view_conflicts_with_mut_argument`
   ┌─ shared_projection_calls.fe:24:5
   │
24 │     inspect(frame.memory, mut frame)
   │     ^^^^^^^^^^^^^^^^^^^^^^^^^^^^^^^^
   │     │                     │
   │     │                     borrow created here
   │     cannot immutably borrow this place while a mutable borrow is active

error[16-0001]: borrow conflict in `fn projection_view_conflicts_with_mut_receiver`
   ┌─ shared_projection_calls.fe:28:5
   │
28 │     frame.memory.absorb(frame.memory)
   │     ^^^^^^^^^^^^^^^^^^^^^^^^^^^^^^^^^
   │     │
   │     cannot immutably borrow this place while a mutable borrow is active
   │     borrow created here

error[16-0002]: move conflict in `fn own_receiver_moves_projection`
   ┌─ shared_projection_calls.fe:16:30
   │
16 │     frame.memory.consume() + frame.memory.read()
   │     ------------             ^^^^^^^^^^^^ cannot use a value after it was moved
   │     │
   │     value is moved here

error[16-0002]: move conflict in `fn own_argument_moves_projection`
   ┌─ shared_projection_calls.fe:20:29
   │
20 │     consume(frame.memory) + frame.memory.read()
   │             ------------    ^^^^^^^^^^^^ cannot use a value after it was moved
   │             │
   │             value is moved here
