---
source: crates/uitest/tests/semantic_borrowck.rs
expression: diags
input_file: fixtures/semantic_borrowck/typed_heap_element_selection.fe
---
error[16-0001]: borrow conflict in `fn first_while_first_borrowed`
   ┌─ typed_heap_element_selection.fe:38:27
   │
37 │     let loan = unsafe { mut *first }
   │                         ---------- borrow created here
38 │     let result = unsafe { *selected }
   │                           ^^^^^^^^^ cannot immutably borrow this place while a mutable borrow is active

error[16-0001]: borrow conflict in `fn second_while_second_borrowed`
   ┌─ typed_heap_element_selection.fe:64:27
   │
63 │     let loan = unsafe { mut *second }
   │                         ----------- borrow created here
64 │     let result = unsafe { *selected }
   │                           ^^^^^^^^^ cannot immutably borrow this place while a mutable borrow is active
