---
source: crates/codegen/tests/sonatina_ir.rs
expression: output
input_file: crates/codegen/tests/fixtures/arg_bindings.fe
---
target = "evm-ethereum-osaka"

func private %__fe_main_root() {
    block0:
        jump block1;

    block1:
        v0.i64 = call %main;
        evm_stop;
}

func private %arg_bindings(v0.i64, v1.i64) -> i64 {
    block0:
        v2.*i64 = alloca i64;
        v3.*i64 = alloca i64;
        mstore v2 v0 i64;
        mstore v3 v1 i64;
        jump block1;

    block1:
        v4.i256 = mload v2 i256;
        v5.i64 = trunc v4 i64;
        v6.i256 = mload v3 i256;
        v7.i64 = trunc v6 i64;
        (v8.i64, v9.i1) = uaddo v5 v7;
        br v9 block2 block3;

    block2:
        evm_revert 0.i256 0.i256;

    block3:
        return v8;
}

func private %main() -> i64 {
    block0:
        jump block1;

    block1:
        v2.i64 = call %arg_bindings 1.i64 2.i64;
        return v2;
}


object @main {
    section main {
        entry %__fe_main_root;
    }
}
