---
source: crates/codegen/tests/sonatina_ir.rs
expression: output
input_file: crates/codegen/tests/fixtures/array_literal.fe
---
target = "evm-ethereum-osaka"

func private %large_array_literal() -> objref<[i8; 64]> {
    block0:
        v0.objref<[i8; 64]> = obj.alloc [i8; 64];
        v2.objref<i8> = obj.index v0 0.i256;
        obj.store v2 1.i8;
        v5.objref<i8> = obj.index v0 1.i256;
        obj.store v5 2.i8;
        v8.objref<i8> = obj.index v0 2.i256;
        obj.store v8 3.i8;
        v11.objref<i8> = obj.index v0 3.i256;
        obj.store v11 4.i8;
        v14.objref<i8> = obj.index v0 4.i256;
        obj.store v14 5.i8;
        v17.objref<i8> = obj.index v0 5.i256;
        obj.store v17 6.i8;
        v20.objref<i8> = obj.index v0 6.i256;
        obj.store v20 7.i8;
        v23.objref<i8> = obj.index v0 7.i256;
        obj.store v23 8.i8;
        v26.objref<i8> = obj.index v0 8.i256;
        obj.store v26 9.i8;
        v29.objref<i8> = obj.index v0 9.i256;
        obj.store v29 10.i8;
        v32.objref<i8> = obj.index v0 10.i256;
        obj.store v32 11.i8;
        v35.objref<i8> = obj.index v0 11.i256;
        obj.store v35 12.i8;
        v38.objref<i8> = obj.index v0 12.i256;
        obj.store v38 13.i8;
        v41.objref<i8> = obj.index v0 13.i256;
        obj.store v41 14.i8;
        v44.objref<i8> = obj.index v0 14.i256;
        obj.store v44 15.i8;
        v47.objref<i8> = obj.index v0 15.i256;
        obj.store v47 16.i8;
        v50.objref<i8> = obj.index v0 16.i256;
        obj.store v50 17.i8;
        v53.objref<i8> = obj.index v0 17.i256;
        obj.store v53 18.i8;
        v56.objref<i8> = obj.index v0 18.i256;
        obj.store v56 19.i8;
        v59.objref<i8> = obj.index v0 19.i256;
        obj.store v59 20.i8;
        v62.objref<i8> = obj.index v0 20.i256;
        obj.store v62 21.i8;
        v65.objref<i8> = obj.index v0 21.i256;
        obj.store v65 22.i8;
        v68.objref<i8> = obj.index v0 22.i256;
        obj.store v68 23.i8;
        v71.objref<i8> = obj.index v0 23.i256;
        obj.store v71 24.i8;
        v74.objref<i8> = obj.index v0 24.i256;
        obj.store v74 25.i8;
        v77.objref<i8> = obj.index v0 25.i256;
        obj.store v77 26.i8;
        v80.objref<i8> = obj.index v0 26.i256;
        obj.store v80 27.i8;
        v83.objref<i8> = obj.index v0 27.i256;
        obj.store v83 28.i8;
        v86.objref<i8> = obj.index v0 28.i256;
        obj.store v86 29.i8;
        v89.objref<i8> = obj.index v0 29.i256;
        obj.store v89 30.i8;
        v92.objref<i8> = obj.index v0 30.i256;
        obj.store v92 31.i8;
        v95.objref<i8> = obj.index v0 31.i256;
        obj.store v95 32.i8;
        v98.objref<i8> = obj.index v0 32.i256;
        obj.store v98 33.i8;
        v101.objref<i8> = obj.index v0 33.i256;
        obj.store v101 34.i8;
        v104.objref<i8> = obj.index v0 34.i256;
        obj.store v104 35.i8;
        v107.objref<i8> = obj.index v0 35.i256;
        obj.store v107 36.i8;
        v110.objref<i8> = obj.index v0 36.i256;
        obj.store v110 37.i8;
        v113.objref<i8> = obj.index v0 37.i256;
        obj.store v113 38.i8;
        v116.objref<i8> = obj.index v0 38.i256;
        obj.store v116 39.i8;
        v119.objref<i8> = obj.index v0 39.i256;
        obj.store v119 40.i8;
        v122.objref<i8> = obj.index v0 40.i256;
        obj.store v122 41.i8;
        v125.objref<i8> = obj.index v0 41.i256;
        obj.store v125 42.i8;
        v128.objref<i8> = obj.index v0 42.i256;
        obj.store v128 43.i8;
        v131.objref<i8> = obj.index v0 43.i256;
        obj.store v131 44.i8;
        v134.objref<i8> = obj.index v0 44.i256;
        obj.store v134 45.i8;
        v137.objref<i8> = obj.index v0 45.i256;
        obj.store v137 46.i8;
        v140.objref<i8> = obj.index v0 46.i256;
        obj.store v140 47.i8;
        v143.objref<i8> = obj.index v0 47.i256;
        obj.store v143 48.i8;
        v146.objref<i8> = obj.index v0 48.i256;
        obj.store v146 49.i8;
        v149.objref<i8> = obj.index v0 49.i256;
        obj.store v149 50.i8;
        v152.objref<i8> = obj.index v0 50.i256;
        obj.store v152 51.i8;
        v155.objref<i8> = obj.index v0 51.i256;
        obj.store v155 52.i8;
        v158.objref<i8> = obj.index v0 52.i256;
        obj.store v158 53.i8;
        v161.objref<i8> = obj.index v0 53.i256;
        obj.store v161 54.i8;
        v164.objref<i8> = obj.index v0 54.i256;
        obj.store v164 55.i8;
        v167.objref<i8> = obj.index v0 55.i256;
        obj.store v167 56.i8;
        v170.objref<i8> = obj.index v0 56.i256;
        obj.store v170 57.i8;
        v173.objref<i8> = obj.index v0 57.i256;
        obj.store v173 58.i8;
        v176.objref<i8> = obj.index v0 58.i256;
        obj.store v176 59.i8;
        v179.objref<i8> = obj.index v0 59.i256;
        obj.store v179 60.i8;
        v182.objref<i8> = obj.index v0 60.i256;
        obj.store v182 61.i8;
        v185.objref<i8> = obj.index v0 61.i256;
        obj.store v185 62.i8;
        v188.objref<i8> = obj.index v0 62.i256;
        obj.store v188 63.i8;
        v191.objref<i8> = obj.index v0 63.i256;
        obj.store v191 64.i8;
        return v0;
}

func private %__fe_sonatina_entry() {
    block0:
        v0.objref<[i8; 64]> = call %large_array_literal;
        evm_stop;
}


object @Contract {
    section runtime {
        entry %__fe_sonatina_entry;
    }
}
