---
source: crates/codegen/tests/sonatina_ir.rs
expression: output
input_file: crates/codegen/tests/fixtures/block_expr.fe
---
target = "evm-ethereum-osaka"

func private %block_expr() -> i64 {
    block0:
        v2.i64 = call %u64_haee7f05a097ffa16_add_h4cebc227a0cfd3c0_add 1.i64 2.i64;
        return v2;
}

func private %u64_haee7f05a097ffa16_add_h4cebc227a0cfd3c0_add(v0.i64, v1.i64) -> i64 {
    block0:
        v2.i256 = zext v0 i256;
        v3.i256 = zext v1 i256;
        v4.i64 = trunc v2 i64;
        v5.i64 = trunc v3 i64;
        (v6.i64, v7.i1) = uaddo v4 v5;
        br v7 block1 block2;

    block1:
        evm_revert 0.i256 0.i256;

    block2:
        return v6;
}

func private %__fe_sonatina_entry() {
    block0:
        v0.i64 = call %block_expr;
        evm_stop;
}


object @Contract {
    section runtime {
        entry %__fe_sonatina_entry;
    }
}
