---
source: crates/codegen/tests/sonatina_ir.rs
assertion_line: 64
expression: output
input_file: crates/codegen/tests/fixtures/caller.fe
---
target = "evm-ethereum-osaka"

func private %who_called__Evm_hef0af3106e109414__3af54274b2985741(v0.i256) -> i256 {
    block0:
        v1.i256 = evm_caller;
        return v1;
}

func private %__fe_sonatina_entry() {
    block0:
        v1.i256 = call %who_called__Evm_hef0af3106e109414__3af54274b2985741 0.i256;
        evm_stop;
}


object @Contract {
    section runtime {
        entry %__fe_sonatina_entry;
    }
}
