---
source: crates/codegen/tests/sonatina_ir.rs
expression: output
input_file: crates/codegen/tests/fixtures/comparison_ops.fe
---
target = "evm-ethereum-osaka"

type @__fe_tuple_0 = {i256, i256, i256, i256, i256, i256};

func public %comparison_ops() -> i256 {
    block0:
        v5.*i8 = evm_malloc 192.i256;
        v6.i256 = ptr_to_int v5 i256;
        v7.i1 = eq 1.i256 1.i256;
        v8.i256 = zext v7 i256;
        v9.i1 = ne v8 0.i256;
        v10.i256 = zext v9 i256;
        v11.*@__fe_tuple_0 = bitcast v5 *@__fe_tuple_0;
        v12.*i256 = gep v11 0.i256 0.i256;
        v13.i256 = ptr_to_int v12 i256;
        v14.*i8 = bitcast v12 *i8;
        mstore v14 v10 i256;
        v15.i1 = eq 1.i256 2.i256;
        v16.i1 = is_zero v15;
        v17.i256 = zext v16 i256;
        v18.i1 = ne v17 0.i256;
        v19.i256 = zext v18 i256;
        v20.*@__fe_tuple_0 = bitcast v5 *@__fe_tuple_0;
        v21.*i256 = gep v20 0.i256 1.i256;
        v22.i256 = ptr_to_int v21 i256;
        v23.*i8 = bitcast v21 *i8;
        mstore v23 v19 i256;
        v24.i1 = lt 1.i256 2.i256;
        v25.i256 = zext v24 i256;
        v26.i1 = ne v25 0.i256;
        v27.i256 = zext v26 i256;
        v28.*@__fe_tuple_0 = bitcast v5 *@__fe_tuple_0;
        v29.*i256 = gep v28 0.i256 2.i256;
        v30.i256 = ptr_to_int v29 i256;
        v31.*i8 = bitcast v29 *i8;
        mstore v31 v27 i256;
        v32.i1 = gt 2.i256 2.i256;
        v33.i1 = is_zero v32;
        v34.i256 = zext v33 i256;
        v35.i1 = ne v34 0.i256;
        v36.i256 = zext v35 i256;
        v37.*@__fe_tuple_0 = bitcast v5 *@__fe_tuple_0;
        v38.*i256 = gep v37 0.i256 3.i256;
        v39.i256 = ptr_to_int v38 i256;
        v40.*i8 = bitcast v38 *i8;
        mstore v40 v36 i256;
        v41.i1 = gt 3.i256 2.i256;
        v42.i256 = zext v41 i256;
        v43.i1 = ne v42 0.i256;
        v44.i256 = zext v43 i256;
        v45.*@__fe_tuple_0 = bitcast v5 *@__fe_tuple_0;
        v47.*i256 = gep v45 0.i256 4.i256;
        v48.i256 = ptr_to_int v47 i256;
        v49.*i8 = bitcast v47 *i8;
        mstore v49 v44 i256;
        v50.i1 = lt 3.i256 3.i256;
        v51.i1 = is_zero v50;
        v52.i256 = zext v51 i256;
        v53.i1 = ne v52 0.i256;
        v54.i256 = zext v53 i256;
        v55.*@__fe_tuple_0 = bitcast v5 *@__fe_tuple_0;
        v57.*i256 = gep v55 0.i256 5.i256;
        v58.i256 = ptr_to_int v57 i256;
        v59.*i8 = bitcast v57 *i8;
        mstore v59 v54 i256;
        return v6;
}

func public %__fe_sonatina_entry() {
    block0:
        v0.i256 = call %comparison_ops;
        evm_stop;
}


object @Contract {
    section runtime {
        entry %__fe_sonatina_entry;
    }
}
