---
source: crates/codegen/tests/sonatina_ir.rs
expression: output
input_file: crates/codegen/tests/fixtures/create_contract.fe
---
target = "evm-ethereum-osaka"

type @__fe_layout_0 = {i256};
type @__fe_layout_1 = {i256, i256};
type @__fe_layout_2 = {i256, i256};
type @__fe_layout_3 = {@__fe_layout_2, i256};
type @__fe_layout_4 = {@__fe_layout_3, i256};
type @__fe_layout_5 = {i256, i256, i256};
type @__fe_layout_6 = {i256, i256};
type @__fe_layout_7 = {i256, i256, i256};

func private %__Child_init(v0.i256, v1.i256, v2.i256) {
    block0:
        v3.*i256 = alloca i256;
        v4.*i256 = alloca i256;
        v5.*i256 = alloca i256;
        v6.*i256 = alloca i256;
        mstore v3 v0 i256;
        mstore v4 v1 i256;
        v7.i256 = mload v3 i256;
        mstore v5 v7 i256;
        v8.i256 = mload v5 i256;
        evm_sstore v2 v8;
        v9.i256 = mload v4 i256;
        mstore v6 v9 i256;
        v10.i256 = mload v6 i256;
        v12.i256 = add v2 1.i256;
        evm_sstore v12 v10;
        return;
}

func private %__Factory_recv_0_0(v0.i256, v1.i256) -> @__fe_layout_0 {
    block0:
        v2.*i256 = alloca i256;
        v3.*i256 = alloca i256;
        v4.*i256 = alloca i256;
        v5.objref<@__fe_layout_1> = obj.alloc @__fe_layout_1;
        v6.objref<@__fe_layout_0> = obj.alloc @__fe_layout_0;
        v7.objref<@__fe_layout_0> = obj.alloc @__fe_layout_0;
        mstore v2 v0 i256;
        mstore v3 v1 i256;
        mstore v4 0.i256 i256;
        v9.objref<@__fe_layout_1> = obj.alloc @__fe_layout_1;
        v10.i256 = mload v2 i256;
        v11.objref<i256> = obj.proj v9 0.i256;
        obj.store v11 v10;
        v12.i256 = mload v3 i256;
        v14.objref<i256> = obj.proj v9 1.i256;
        obj.store v14 v12;
        v15.@__fe_layout_1 = obj.load v9;
        obj.store v5 v15;
        v16.i256 = mload v4 i256;
        v17.@__fe_layout_1 = obj.load v5;
        v18.@__fe_layout_0 = call %create v16 v17;
        obj.store v7 v18;
        v19.@__fe_layout_0 = obj.load v7;
        obj.store v6 v19;
        v20.@__fe_layout_0 = obj.load v6;
        return v20;
}

func private %__Factory_recv_0_1(v0.i256, v1.i256, v2.i256) -> @__fe_layout_0 {
    block0:
        v3.*i256 = alloca i256;
        v4.*i256 = alloca i256;
        v5.*i256 = alloca i256;
        v6.*i256 = alloca i256;
        v7.objref<@__fe_layout_1> = obj.alloc @__fe_layout_1;
        v8.objref<@__fe_layout_0> = obj.alloc @__fe_layout_0;
        v9.objref<@__fe_layout_0> = obj.alloc @__fe_layout_0;
        mstore v3 v0 i256;
        mstore v4 v1 i256;
        mstore v5 v2 i256;
        mstore v6 0.i256 i256;
        v11.objref<@__fe_layout_1> = obj.alloc @__fe_layout_1;
        v12.i256 = mload v3 i256;
        v13.objref<i256> = obj.proj v11 0.i256;
        obj.store v13 v12;
        v14.i256 = mload v4 i256;
        v16.objref<i256> = obj.proj v11 1.i256;
        obj.store v16 v14;
        v17.@__fe_layout_1 = obj.load v11;
        obj.store v7 v17;
        v18.i256 = mload v6 i256;
        v19.@__fe_layout_1 = obj.load v7;
        v20.i256 = mload v5 i256;
        v21.@__fe_layout_0 = call %create2 v18 v19 v20;
        obj.store v9 v21;
        v22.@__fe_layout_0 = obj.load v9;
        obj.store v8 v22;
        v23.@__fe_layout_0 = obj.load v8;
        return v23;
}

func private %__fe_contract_init_abi_Child() {
    block0:
        v0.objref<@__fe_layout_2> = obj.alloc @__fe_layout_2;
        v2.i256 = evm_call_value;
        v3.i1 = ne v2 0.i256;
        v4.i1 = ne 0.i256 0.i256;
        v5.i1 = eq v3 v4;
        v6.i1 = is_zero v5;
        br v6 block1 block2;

    block1:
        evm_revert 0.i256 0.i256;

    block2:
        v8.i256 = sym_size &Child_init;
        v9.i256 = evm_code_size;
        (v10.i256, v11.i1) = usubo v9 v8;
        br v11 block3 block4;

    block3:
        evm_revert 0.i256 0.i256;

    block4:
        v12.*i8 = evm_malloc v10;
        v13.i256 = ptr_to_int v12 i256;
        evm_code_copy v13 v8 v10;
        v16.objref<i256> = obj.proj v0 0.i256;
        obj.store v16 v13;
        v18.objref<i256> = obj.proj v0 1.i256;
        obj.store v18 v10;
        v19.@__fe_layout_2 = obj.load v0;
        v20.@__fe_layout_4 = call %decoder_new_1 v19;
        v21.objref<@__fe_layout_4> = obj.alloc @__fe_layout_4;
        obj.store v21 v20;
        v22.@__fe_layout_1 = call %decode_7 v21;
        v23.objref<@__fe_layout_1> = obj.alloc @__fe_layout_1;
        obj.store v23 v22;
        v24.objref<i256> = obj.proj v23 0.i256;
        v25.i256 = obj.load v24;
        v26.objref<i256> = obj.proj v23 1.i256;
        v27.i256 = obj.load v26;
        call %__Child_init v25 v27 0.i256;
        return;
}

func private %__fe_contract_init_root_Child() {
    block0:
        call %__fe_contract_init_abi_Child;
        v2.i256 = sym_addr &Child_runtime;
        v3.i256 = sym_size &Child_runtime;
        evm_code_copy 0.i256 v2 v3;
        evm_return 0.i256 v3;
}

func private %__fe_contract_init_root_Factory() {
    block0:
        v1.i256 = sym_addr &Factory_runtime;
        v2.i256 = sym_size &Factory_runtime;
        evm_code_copy 0.i256 v1 v2;
        evm_return 0.i256 v2;
}

func private %__fe_contract_recv_abi_Factory_1() {
    block0:
        v0.objref<@__fe_layout_2> = obj.alloc @__fe_layout_2;
        v3.i256 = evm_call_value;
        v4.i1 = ne v3 0.i256;
        v5.i1 = ne 0.i256 0.i256;
        v6.i1 = eq v4 v5;
        v7.i1 = is_zero v6;
        br v7 block1 block2;

    block1:
        evm_revert 0.i256 0.i256;

    block2:
        v9.i256 = evm_calldata_size;
        (v11.i256, v12.i1) = usubo v9 4.i256;
        br v12 block3 block4;

    block3:
        evm_revert 0.i256 0.i256;

    block4:
        v13.*i8 = evm_malloc v11;
        v14.i256 = ptr_to_int v13 i256;
        evm_calldata_copy v14 4.i256 v11;
        v17.objref<i256> = obj.proj v0 0.i256;
        obj.store v17 v14;
        v19.objref<i256> = obj.proj v0 1.i256;
        obj.store v19 v11;
        v20.@__fe_layout_2 = obj.load v0;
        v21.@__fe_layout_4 = call %decoder_new_0 v20;
        v22.objref<@__fe_layout_4> = obj.alloc @__fe_layout_4;
        obj.store v22 v21;
        v23.@__fe_layout_6 = call %decode_4 v22;
        v24.objref<@__fe_layout_6> = obj.alloc @__fe_layout_6;
        obj.store v24 v23;
        v25.objref<i256> = obj.proj v24 0.i256;
        v26.i256 = obj.load v25;
        v27.objref<i256> = obj.proj v24 1.i256;
        v28.i256 = obj.load v27;
        v29.@__fe_layout_0 = call %__Factory_recv_0_0 v26 v28;
        v30.@__fe_layout_7 = call %encoder_new;
        v32.objref<@__fe_layout_7> = obj.alloc @__fe_layout_7;
        obj.store v32 v30;
        v33.i256 = call %reserve_head v32 32.i256;
        v34.objref<@__fe_layout_7> = obj.alloc @__fe_layout_7;
        obj.store v34 v30;
        call %encode_0 v29 v34;
        v36.@__fe_layout_1 = call %finish v30;
        v37.objref<@__fe_layout_1> = obj.alloc @__fe_layout_1;
        obj.store v37 v36;
        v38.objref<i256> = obj.proj v37 0.i256;
        v39.i256 = obj.load v38;
        v40.objref<i256> = obj.proj v37 1.i256;
        v41.i256 = obj.load v40;
        evm_return v39 v41;
}

func private %__fe_contract_recv_abi_Factory_2() {
    block0:
        v0.objref<@__fe_layout_2> = obj.alloc @__fe_layout_2;
        v3.i256 = evm_call_value;
        v4.i1 = ne v3 0.i256;
        v5.i1 = ne 0.i256 0.i256;
        v6.i1 = eq v4 v5;
        v7.i1 = is_zero v6;
        br v7 block1 block2;

    block1:
        evm_revert 0.i256 0.i256;

    block2:
        v9.i256 = evm_calldata_size;
        (v11.i256, v12.i1) = usubo v9 4.i256;
        br v12 block3 block4;

    block3:
        evm_revert 0.i256 0.i256;

    block4:
        v13.*i8 = evm_malloc v11;
        v14.i256 = ptr_to_int v13 i256;
        evm_calldata_copy v14 4.i256 v11;
        v17.objref<i256> = obj.proj v0 0.i256;
        obj.store v17 v14;
        v19.objref<i256> = obj.proj v0 1.i256;
        obj.store v19 v11;
        v20.@__fe_layout_2 = obj.load v0;
        v21.@__fe_layout_4 = call %decoder_new_0 v20;
        v22.objref<@__fe_layout_4> = obj.alloc @__fe_layout_4;
        obj.store v22 v21;
        v23.@__fe_layout_5 = call %decode_0 v22;
        v24.objref<@__fe_layout_5> = obj.alloc @__fe_layout_5;
        obj.store v24 v23;
        v25.objref<i256> = obj.proj v24 0.i256;
        v26.i256 = obj.load v25;
        v27.objref<i256> = obj.proj v24 1.i256;
        v28.i256 = obj.load v27;
        v30.objref<i256> = obj.proj v24 2.i256;
        v31.i256 = obj.load v30;
        v32.@__fe_layout_0 = call %__Factory_recv_0_1 v26 v28 v31;
        v33.@__fe_layout_7 = call %encoder_new;
        v35.objref<@__fe_layout_7> = obj.alloc @__fe_layout_7;
        obj.store v35 v33;
        v36.i256 = call %reserve_head v35 32.i256;
        v37.objref<@__fe_layout_7> = obj.alloc @__fe_layout_7;
        obj.store v37 v33;
        call %encode_0 v32 v37;
        v39.@__fe_layout_1 = call %finish v33;
        v40.objref<@__fe_layout_1> = obj.alloc @__fe_layout_1;
        obj.store v40 v39;
        v41.objref<i256> = obj.proj v40 0.i256;
        v42.i256 = obj.load v41;
        v43.objref<i256> = obj.proj v40 1.i256;
        v44.i256 = obj.load v43;
        evm_return v42 v44;
}

func private %__fe_contract_runtime_root_Child() {
    block0:
        v1.i256 = evm_calldata_load 0.i256;
        v3.i256 = shr 224.i256 v1;
        v4.i32 = trunc v3 i32;
        br_table v4 block1;

    block1:
        evm_revert 0.i256 0.i256;
}

func private %__fe_contract_runtime_root_Factory() {
    block0:
        v1.i256 = evm_calldata_load 0.i256;
        v3.i256 = shr 224.i256 v1;
        v4.i32 = trunc v3 i32;
        br_table v4 block1 (1.i32 block2) (2.i32 block3);

    block1:
        evm_revert 0.i256 0.i256;

    block2:
        call %__fe_contract_recv_abi_Factory_1;
        unreachable;

    block3:
        call %__fe_contract_recv_abi_Factory_2;
        unreachable;
}

func private %create(v0.i256, v1.@__fe_layout_1) -> @__fe_layout_0 {
    block0:
        v2.*i256 = alloca i256;
        v3.objref<@__fe_layout_1> = obj.alloc @__fe_layout_1;
        v4.*i256 = alloca i256;
        v5.*i256 = alloca i256;
        v6.*i256 = alloca i256;
        v7.*i256 = alloca i256;
        v8.*i256 = alloca i256;
        v9.*i256 = alloca i256;
        v10.objref<@__fe_layout_0> = obj.alloc @__fe_layout_0;
        v11.*i256 = alloca i256;
        v12.*i256 = alloca i256;
        v13.*i256 = alloca i256;
        v14.*i256 = alloca i256;
        v15.*i256 = alloca i256;
        v16.*i256 = alloca i256;
        v17.*i256 = alloca i256;
        v18.*i256 = alloca i256;
        v19.*i256 = alloca i256;
        v20.objref<@__fe_layout_7> = obj.alloc @__fe_layout_7;
        v21.objref<@__fe_layout_0> = obj.alloc @__fe_layout_0;
        v22.*i256 = alloca i256;
        v23.*i256 = alloca i256;
        v24.*i1 = alloca i1;
        v25.*i256 = alloca i256;
        v26.*i256 = alloca i256;
        v27.*i256 = alloca i256;
        v28.*i256 = alloca i256;
        v29.*i256 = alloca i256;
        v30.*i256 = alloca i256;
        v31.*i256 = alloca i256;
        v32.*i256 = alloca i256;
        v33.*i256 = alloca i256;
        v34.objref<@__fe_layout_0> = obj.alloc @__fe_layout_0;
        v35.*i256 = alloca i256;
        v36.*i256 = alloca i256;
        v37.*i256 = alloca i256;
        v38.*i256 = alloca i256;
        v39.*i256 = alloca i256;
        mstore v2 v0 i256;
        obj.store v3 v1;
        v40.i256 = sym_size &Child_init;
        mstore v28 v40 i256;
        v41.i256 = mload v28 i256;
        mstore v13 v41 i256;
        v42.i256 = mload v13 i256;
        mstore v4 v42 i256;
        v43.i256 = sym_addr &Child_init;
        mstore v29 v43 i256;
        v44.i256 = mload v29 i256;
        mstore v14 v44 i256;
        v45.i256 = mload v14 i256;
        mstore v5 v45 i256;
        mstore v15 64.i256 i256;
        v47.i256 = mload v15 i256;
        mstore v6 v47 i256;
        v48.i256 = mload v4 i256;
        v49.i256 = mload v6 i256;
        (v50.i256, v51.i1) = uaddo v48 v49;
        br v51 block4 block5;

    block1:
        v103.i256 = evm_return_data_size;
        mstore v37 v103 i256;
        v104.i256 = mload v37 i256;
        mstore v25 v104 i256;
        v105.i256 = mload v25 i256;
        mstore v11 v105 i256;
        v106.i256 = mload v11 i256;
        v107.*i8 = evm_malloc v106;
        v108.i256 = ptr_to_int v107 i256;
        mstore v39 v108 i256;
        v109.i256 = mload v39 i256;
        mstore v26 v109 i256;
        v110.i256 = mload v26 i256;
        mstore v12 v110 i256;
        mstore v27 0.i256 i256;
        v111.i256 = mload v12 i256;
        v112.i256 = mload v27 i256;
        v113.i256 = mload v11 i256;
        evm_return_data_copy v111 v112 v113;
        v115.i256 = mload v12 i256;
        v116.i256 = mload v11 i256;
        evm_revert v115 v116;

    block2:
        jump block3;

    block3:
        v117.@__fe_layout_0 = obj.load v10;
        return v117;

    block4:
        evm_revert 0.i256 0.i256;

    block5:
        mstore v16 v50 i256;
        v53.i256 = mload v16 i256;
        mstore v7 v53 i256;
        v54.i256 = mload v7 i256;
        v55.*i8 = evm_malloc v54;
        v56.i256 = ptr_to_int v55 i256;
        mstore v31 v56 i256;
        v57.i256 = mload v31 i256;
        mstore v17 v57 i256;
        v58.i256 = mload v17 i256;
        mstore v8 v58 i256;
        v59.i256 = mload v8 i256;
        v60.i256 = mload v5 i256;
        v61.i256 = mload v4 i256;
        evm_code_copy v59 v60 v61;
        v63.i256 = mload v8 i256;
        v64.i256 = mload v4 i256;
        (v65.i256, v66.i1) = uaddo v63 v64;
        br v66 block4 block6;

    block6:
        mstore v18 v65 i256;
        v67.i256 = mload v18 i256;
        mstore v9 v67 i256;
        v68.i256 = mload v9 i256;
        v69.i256 = mload v6 i256;
        (v70.i256, v71.i1) = uaddo v68 v69;
        br v71 block4 block7;

    block7:
        mstore v19 v70 i256;
        v72.objref<@__fe_layout_7> = obj.alloc @__fe_layout_7;
        v73.i256 = mload v9 i256;
        v74.objref<i256> = obj.proj v72 0.i256;
        obj.store v74 v73;
        v75.i256 = mload v9 i256;
        v77.objref<i256> = obj.proj v72 1.i256;
        obj.store v77 v75;
        v78.i256 = mload v19 i256;
        v80.objref<i256> = obj.proj v72 2.i256;
        obj.store v80 v78;
        v81.@__fe_layout_7 = obj.load v72;
        obj.store v20 v81;
        v82.@__fe_layout_7 = obj.load v20;
        v83.objref<@__fe_layout_7> = obj.alloc @__fe_layout_7;
        obj.store v83 v82;
        v84.@__fe_layout_1 = obj.load v3;
        call %encode_4 v84 v83;
        v86.i256 = mload v2 i256;
        mstore v32 v86 i256;
        v87.i256 = mload v2 i256;
        mstore v33 v87 i256;
        v88.i256 = mload v33 i256;
        v89.i256 = mload v8 i256;
        v90.i256 = mload v7 i256;
        v91.@__fe_layout_0 = call %create_raw v88 v89 v90;
        obj.store v34 v91;
        v92.@__fe_layout_0 = obj.load v34;
        obj.store v21 v92;
        v93.@__fe_layout_0 = obj.load v21;
        obj.store v10 v93;
        v94.objref<i256> = obj.proj v10 0.i256;
        v95.i256 = obj.load v94;
        mstore v22 v95 i256;
        mstore v23 0.i256 i256;
        v96.i256 = mload v23 i256;
        mstore v35 v96 i256;
        v97.i256 = mload v22 i256;
        v98.i256 = mload v35 i256;
        v99.i1 = ne v97 0.i256;
        v100.i1 = ne v98 0.i256;
        v101.i1 = eq v99 v100;
        mstore v24 v101 i1;
        v102.i1 = mload v24 i1;
        br v102 block1 block2;
}

func private %create2(v0.i256, v1.@__fe_layout_1, v2.i256) -> @__fe_layout_0 {
    block0:
        v3.*i256 = alloca i256;
        v4.objref<@__fe_layout_1> = obj.alloc @__fe_layout_1;
        v5.*i256 = alloca i256;
        v6.*i256 = alloca i256;
        v7.*i256 = alloca i256;
        v8.*i256 = alloca i256;
        v9.*i256 = alloca i256;
        v10.*i256 = alloca i256;
        v11.*i256 = alloca i256;
        v12.objref<@__fe_layout_0> = obj.alloc @__fe_layout_0;
        v13.*i256 = alloca i256;
        v14.*i256 = alloca i256;
        v15.*i256 = alloca i256;
        v16.*i256 = alloca i256;
        v17.*i256 = alloca i256;
        v18.*i256 = alloca i256;
        v19.*i256 = alloca i256;
        v20.*i256 = alloca i256;
        v21.*i256 = alloca i256;
        v22.objref<@__fe_layout_7> = obj.alloc @__fe_layout_7;
        v23.objref<@__fe_layout_0> = obj.alloc @__fe_layout_0;
        v24.*i256 = alloca i256;
        v25.*i256 = alloca i256;
        v26.*i1 = alloca i1;
        v27.*i256 = alloca i256;
        v28.*i256 = alloca i256;
        v29.*i256 = alloca i256;
        v30.*i256 = alloca i256;
        v31.*i256 = alloca i256;
        v32.*i256 = alloca i256;
        v33.*i256 = alloca i256;
        v34.*i256 = alloca i256;
        v35.*i256 = alloca i256;
        v36.*i256 = alloca i256;
        v37.*i256 = alloca i256;
        v38.objref<@__fe_layout_0> = obj.alloc @__fe_layout_0;
        v39.*i256 = alloca i256;
        v40.*i256 = alloca i256;
        v41.*i256 = alloca i256;
        v42.*i256 = alloca i256;
        v43.*i256 = alloca i256;
        mstore v3 v0 i256;
        obj.store v4 v1;
        mstore v5 v2 i256;
        v44.i256 = sym_size &Child_init;
        mstore v30 v44 i256;
        v45.i256 = mload v30 i256;
        mstore v15 v45 i256;
        v46.i256 = mload v15 i256;
        mstore v6 v46 i256;
        v47.i256 = sym_addr &Child_init;
        mstore v31 v47 i256;
        v48.i256 = mload v31 i256;
        mstore v16 v48 i256;
        v49.i256 = mload v16 i256;
        mstore v7 v49 i256;
        mstore v17 64.i256 i256;
        v51.i256 = mload v17 i256;
        mstore v8 v51 i256;
        v52.i256 = mload v6 i256;
        v53.i256 = mload v8 i256;
        (v54.i256, v55.i1) = uaddo v52 v53;
        br v55 block4 block5;

    block1:
        v110.i256 = evm_return_data_size;
        mstore v41 v110 i256;
        v111.i256 = mload v41 i256;
        mstore v27 v111 i256;
        v112.i256 = mload v27 i256;
        mstore v13 v112 i256;
        v113.i256 = mload v13 i256;
        v114.*i8 = evm_malloc v113;
        v115.i256 = ptr_to_int v114 i256;
        mstore v43 v115 i256;
        v116.i256 = mload v43 i256;
        mstore v28 v116 i256;
        v117.i256 = mload v28 i256;
        mstore v14 v117 i256;
        mstore v29 0.i256 i256;
        v118.i256 = mload v14 i256;
        v119.i256 = mload v29 i256;
        v120.i256 = mload v13 i256;
        evm_return_data_copy v118 v119 v120;
        v122.i256 = mload v14 i256;
        v123.i256 = mload v13 i256;
        evm_revert v122 v123;

    block2:
        jump block3;

    block3:
        v124.@__fe_layout_0 = obj.load v12;
        return v124;

    block4:
        evm_revert 0.i256 0.i256;

    block5:
        mstore v18 v54 i256;
        v57.i256 = mload v18 i256;
        mstore v9 v57 i256;
        v58.i256 = mload v9 i256;
        v59.*i8 = evm_malloc v58;
        v60.i256 = ptr_to_int v59 i256;
        mstore v33 v60 i256;
        v61.i256 = mload v33 i256;
        mstore v19 v61 i256;
        v62.i256 = mload v19 i256;
        mstore v10 v62 i256;
        v63.i256 = mload v10 i256;
        v64.i256 = mload v7 i256;
        v65.i256 = mload v6 i256;
        evm_code_copy v63 v64 v65;
        v67.i256 = mload v10 i256;
        v68.i256 = mload v6 i256;
        (v69.i256, v70.i1) = uaddo v67 v68;
        br v70 block4 block6;

    block6:
        mstore v20 v69 i256;
        v71.i256 = mload v20 i256;
        mstore v11 v71 i256;
        v72.i256 = mload v11 i256;
        v73.i256 = mload v8 i256;
        (v74.i256, v75.i1) = uaddo v72 v73;
        br v75 block4 block7;

    block7:
        mstore v21 v74 i256;
        v76.objref<@__fe_layout_7> = obj.alloc @__fe_layout_7;
        v77.i256 = mload v11 i256;
        v78.objref<i256> = obj.proj v76 0.i256;
        obj.store v78 v77;
        v79.i256 = mload v11 i256;
        v81.objref<i256> = obj.proj v76 1.i256;
        obj.store v81 v79;
        v82.i256 = mload v21 i256;
        v84.objref<i256> = obj.proj v76 2.i256;
        obj.store v84 v82;
        v85.@__fe_layout_7 = obj.load v76;
        obj.store v22 v85;
        v86.@__fe_layout_7 = obj.load v22;
        v87.objref<@__fe_layout_7> = obj.alloc @__fe_layout_7;
        obj.store v87 v86;
        v88.@__fe_layout_1 = obj.load v4;
        call %encode_1 v88 v87;
        v90.i256 = mload v3 i256;
        mstore v34 v90 i256;
        v91.i256 = mload v5 i256;
        mstore v35 v91 i256;
        v92.i256 = mload v3 i256;
        mstore v36 v92 i256;
        v93.i256 = mload v5 i256;
        mstore v37 v93 i256;
        v94.i256 = mload v36 i256;
        v95.i256 = mload v10 i256;
        v96.i256 = mload v9 i256;
        v97.i256 = mload v37 i256;
        v98.@__fe_layout_0 = call %create2_raw v94 v95 v96 v97;
        obj.store v38 v98;
        v99.@__fe_layout_0 = obj.load v38;
        obj.store v23 v99;
        v100.@__fe_layout_0 = obj.load v23;
        obj.store v12 v100;
        v101.objref<i256> = obj.proj v12 0.i256;
        v102.i256 = obj.load v101;
        mstore v24 v102 i256;
        mstore v25 0.i256 i256;
        v103.i256 = mload v25 i256;
        mstore v39 v103 i256;
        v104.i256 = mload v24 i256;
        v105.i256 = mload v39 i256;
        v106.i1 = ne v104 0.i256;
        v107.i1 = ne v105 0.i256;
        v108.i1 = eq v106 v107;
        mstore v26 v108 i1;
        v109.i1 = mload v26 i1;
        br v109 block1 block2;
}

func private %create2_raw(v0.i256, v1.i256, v2.i256, v3.i256) -> @__fe_layout_0 {
    block0:
        v4.*i256 = alloca i256;
        v5.*i256 = alloca i256;
        v6.*i256 = alloca i256;
        v7.*i256 = alloca i256;
        v8.*i256 = alloca i256;
        v9.objref<@__fe_layout_0> = obj.alloc @__fe_layout_0;
        v10.*i256 = alloca i256;
        v11.*i256 = alloca i256;
        v12.*i256 = alloca i256;
        v13.*i256 = alloca i256;
        v14.*i256 = alloca i256;
        v15.*i256 = alloca i256;
        v16.*i256 = alloca i256;
        v17.*i256 = alloca i256;
        v18.*i256 = alloca i256;
        v19.*i256 = alloca i256;
        mstore v4 v0 i256;
        mstore v5 v1 i256;
        mstore v6 v2 i256;
        mstore v7 v3 i256;
        v20.i256 = mload v4 i256;
        mstore v10 v20 i256;
        v21.i256 = mload v5 i256;
        mstore v11 v21 i256;
        v22.i256 = mload v6 i256;
        mstore v12 v22 i256;
        v23.i256 = mload v7 i256;
        mstore v13 v23 i256;
        v24.i256 = mload v4 i256;
        mstore v15 v24 i256;
        v25.i256 = mload v5 i256;
        mstore v16 v25 i256;
        v26.i256 = mload v6 i256;
        mstore v17 v26 i256;
        v27.i256 = mload v7 i256;
        mstore v18 v27 i256;
        v28.i256 = mload v15 i256;
        v29.i256 = mload v16 i256;
        v30.i256 = mload v17 i256;
        v31.i256 = mload v18 i256;
        v32.i256 = evm_create2 v28 v29 v30 v31;
        mstore v19 v32 i256;
        v33.i256 = mload v19 i256;
        mstore v8 v33 i256;
        v34.objref<@__fe_layout_0> = obj.alloc @__fe_layout_0;
        v35.i256 = mload v8 i256;
        v37.objref<i256> = obj.proj v34 0.i256;
        obj.store v37 v35;
        v38.@__fe_layout_0 = obj.load v34;
        obj.store v9 v38;
        v39.@__fe_layout_0 = obj.load v9;
        return v39;
}

func private %create_raw(v0.i256, v1.i256, v2.i256) -> @__fe_layout_0 {
    block0:
        v3.*i256 = alloca i256;
        v4.*i256 = alloca i256;
        v5.*i256 = alloca i256;
        v6.*i256 = alloca i256;
        v7.objref<@__fe_layout_0> = obj.alloc @__fe_layout_0;
        v8.*i256 = alloca i256;
        v9.*i256 = alloca i256;
        v10.*i256 = alloca i256;
        v11.*i256 = alloca i256;
        v12.*i256 = alloca i256;
        v13.*i256 = alloca i256;
        v14.*i256 = alloca i256;
        v15.*i256 = alloca i256;
        mstore v3 v0 i256;
        mstore v4 v1 i256;
        mstore v5 v2 i256;
        v16.i256 = mload v3 i256;
        mstore v8 v16 i256;
        v17.i256 = mload v4 i256;
        mstore v9 v17 i256;
        v18.i256 = mload v5 i256;
        mstore v10 v18 i256;
        v19.i256 = mload v3 i256;
        mstore v12 v19 i256;
        v20.i256 = mload v4 i256;
        mstore v13 v20 i256;
        v21.i256 = mload v5 i256;
        mstore v14 v21 i256;
        v22.i256 = mload v12 i256;
        v23.i256 = mload v13 i256;
        v24.i256 = mload v14 i256;
        v25.i256 = evm_create v22 v23 v24;
        mstore v15 v25 i256;
        v26.i256 = mload v15 i256;
        mstore v6 v26 i256;
        v27.objref<@__fe_layout_0> = obj.alloc @__fe_layout_0;
        v28.i256 = mload v6 i256;
        v30.objref<i256> = obj.proj v27 0.i256;
        obj.store v30 v28;
        v31.@__fe_layout_0 = obj.load v27;
        obj.store v7 v31;
        v32.@__fe_layout_0 = obj.load v7;
        return v32;
}

func private %decode_0(v0.objref<@__fe_layout_4>) -> @__fe_layout_5 {
    block0:
        v1.*i256 = alloca i256;
        v2.*i256 = alloca i256;
        v3.*i256 = alloca i256;
        v4.*i256 = alloca i256;
        v5.*i256 = alloca i256;
        v6.*i256 = alloca i256;
        v7.objref<@__fe_layout_5> = obj.alloc @__fe_layout_5;
        v8.*i256 = alloca i256;
        v9.*i256 = alloca i256;
        v10.*i256 = alloca i256;
        v11.i256 = call %decode_3 v0;
        mstore v8 v11 i256;
        v12.i256 = mload v8 i256;
        mstore v4 v12 i256;
        v13.i256 = mload v4 i256;
        mstore v1 v13 i256;
        v14.i256 = call %decode_2 v0;
        mstore v9 v14 i256;
        v15.i256 = mload v9 i256;
        mstore v5 v15 i256;
        v16.i256 = mload v5 i256;
        mstore v2 v16 i256;
        v17.i256 = call %decode_1 v0;
        mstore v10 v17 i256;
        v18.i256 = mload v10 i256;
        mstore v6 v18 i256;
        v19.i256 = mload v6 i256;
        mstore v3 v19 i256;
        v20.objref<@__fe_layout_5> = obj.alloc @__fe_layout_5;
        v21.i256 = mload v1 i256;
        v23.objref<i256> = obj.proj v20 0.i256;
        obj.store v23 v21;
        v24.i256 = mload v2 i256;
        v26.objref<i256> = obj.proj v20 1.i256;
        obj.store v26 v24;
        v27.i256 = mload v3 i256;
        v29.objref<i256> = obj.proj v20 2.i256;
        obj.store v29 v27;
        v30.@__fe_layout_5 = obj.load v20;
        obj.store v7 v30;
        v31.@__fe_layout_5 = obj.load v7;
        return v31;
}

func private %decode_1(v0.objref<@__fe_layout_4>) -> i256 {
    block0:
        v1.*i256 = alloca i256;
        v2.*i256 = alloca i256;
        v3.i256 = call %read_word_0 v0;
        mstore v2 v3 i256;
        v4.i256 = mload v2 i256;
        mstore v1 v4 i256;
        v5.i256 = mload v1 i256;
        return v5;
}

func private %decode_2(v0.objref<@__fe_layout_4>) -> i256 {
    block0:
        v1.*i256 = alloca i256;
        v2.*i256 = alloca i256;
        v3.i256 = call %read_word_1 v0;
        mstore v2 v3 i256;
        v4.i256 = mload v2 i256;
        mstore v1 v4 i256;
        v5.i256 = mload v1 i256;
        return v5;
}

func private %decode_3(v0.objref<@__fe_layout_4>) -> i256 {
    block0:
        v1.*i256 = alloca i256;
        v2.*i256 = alloca i256;
        v3.i256 = call %read_word_2 v0;
        mstore v2 v3 i256;
        v4.i256 = mload v2 i256;
        mstore v1 v4 i256;
        v5.i256 = mload v1 i256;
        return v5;
}

func private %decode_4(v0.objref<@__fe_layout_4>) -> @__fe_layout_6 {
    block0:
        v1.*i256 = alloca i256;
        v2.*i256 = alloca i256;
        v3.*i256 = alloca i256;
        v4.*i256 = alloca i256;
        v5.objref<@__fe_layout_6> = obj.alloc @__fe_layout_6;
        v6.*i256 = alloca i256;
        v7.*i256 = alloca i256;
        v8.i256 = call %decode_6 v0;
        mstore v6 v8 i256;
        v9.i256 = mload v6 i256;
        mstore v3 v9 i256;
        v10.i256 = mload v3 i256;
        mstore v1 v10 i256;
        v11.i256 = call %decode_5 v0;
        mstore v7 v11 i256;
        v12.i256 = mload v7 i256;
        mstore v4 v12 i256;
        v13.i256 = mload v4 i256;
        mstore v2 v13 i256;
        v14.objref<@__fe_layout_6> = obj.alloc @__fe_layout_6;
        v15.i256 = mload v1 i256;
        v17.objref<i256> = obj.proj v14 0.i256;
        obj.store v17 v15;
        v18.i256 = mload v2 i256;
        v20.objref<i256> = obj.proj v14 1.i256;
        obj.store v20 v18;
        v21.@__fe_layout_6 = obj.load v14;
        obj.store v5 v21;
        v22.@__fe_layout_6 = obj.load v5;
        return v22;
}

func private %decode_5(v0.objref<@__fe_layout_4>) -> i256 {
    block0:
        v1.*i256 = alloca i256;
        v2.*i256 = alloca i256;
        v3.i256 = call %read_word_3 v0;
        mstore v2 v3 i256;
        v4.i256 = mload v2 i256;
        mstore v1 v4 i256;
        v5.i256 = mload v1 i256;
        return v5;
}

func private %decode_6(v0.objref<@__fe_layout_4>) -> i256 {
    block0:
        v1.*i256 = alloca i256;
        v2.*i256 = alloca i256;
        v3.i256 = call %read_word_4 v0;
        mstore v2 v3 i256;
        v4.i256 = mload v2 i256;
        mstore v1 v4 i256;
        v5.i256 = mload v1 i256;
        return v5;
}

func private %decode_7(v0.objref<@__fe_layout_4>) -> @__fe_layout_1 {
    block0:
        v1.*i256 = alloca i256;
        v2.*i256 = alloca i256;
        v3.objref<@__fe_layout_1> = obj.alloc @__fe_layout_1;
        v4.*i256 = alloca i256;
        v5.*i256 = alloca i256;
        v6.i256 = call %decode_9 v0;
        mstore v4 v6 i256;
        v7.i256 = mload v4 i256;
        mstore v1 v7 i256;
        v8.i256 = call %decode_8 v0;
        mstore v5 v8 i256;
        v9.i256 = mload v5 i256;
        mstore v2 v9 i256;
        v10.objref<@__fe_layout_1> = obj.alloc @__fe_layout_1;
        v11.i256 = mload v1 i256;
        v13.objref<i256> = obj.proj v10 0.i256;
        obj.store v13 v11;
        v14.i256 = mload v2 i256;
        v16.objref<i256> = obj.proj v10 1.i256;
        obj.store v16 v14;
        v17.@__fe_layout_1 = obj.load v10;
        obj.store v3 v17;
        v18.@__fe_layout_1 = obj.load v3;
        return v18;
}

func private %decode_8(v0.objref<@__fe_layout_4>) -> i256 {
    block0:
        v1.*i256 = alloca i256;
        v2.*i256 = alloca i256;
        v3.i256 = call %read_word_5 v0;
        mstore v2 v3 i256;
        v4.i256 = mload v2 i256;
        mstore v1 v4 i256;
        v5.i256 = mload v1 i256;
        return v5;
}

func private %decode_9(v0.objref<@__fe_layout_4>) -> i256 {
    block0:
        v1.*i256 = alloca i256;
        v2.*i256 = alloca i256;
        v3.i256 = call %read_word_6 v0;
        mstore v2 v3 i256;
        v4.i256 = mload v2 i256;
        mstore v1 v4 i256;
        v5.i256 = mload v1 i256;
        return v5;
}

func private %decoder_new_0(v0.@__fe_layout_2) -> @__fe_layout_4 {
    block0:
        v1.objref<@__fe_layout_2> = obj.alloc @__fe_layout_2;
        v2.objref<@__fe_layout_4> = obj.alloc @__fe_layout_4;
        v3.objref<@__fe_layout_4> = obj.alloc @__fe_layout_4;
        obj.store v1 v0;
        v4.@__fe_layout_2 = obj.load v1;
        v5.@__fe_layout_4 = call %new_1 v4;
        obj.store v3 v5;
        v6.@__fe_layout_4 = obj.load v3;
        obj.store v2 v6;
        v7.@__fe_layout_4 = obj.load v2;
        return v7;
}

func private %decoder_new_1(v0.@__fe_layout_2) -> @__fe_layout_4 {
    block0:
        v1.objref<@__fe_layout_2> = obj.alloc @__fe_layout_2;
        v2.objref<@__fe_layout_4> = obj.alloc @__fe_layout_4;
        v3.objref<@__fe_layout_4> = obj.alloc @__fe_layout_4;
        obj.store v1 v0;
        v4.@__fe_layout_2 = obj.load v1;
        v5.@__fe_layout_4 = call %new_3 v4;
        obj.store v3 v5;
        v6.@__fe_layout_4 = obj.load v3;
        obj.store v2 v6;
        v7.@__fe_layout_4 = obj.load v2;
        return v7;
}

func private %encode_0(v0.@__fe_layout_0, v1.objref<@__fe_layout_7>) {
    block0:
        v2.objref<@__fe_layout_0> = obj.alloc @__fe_layout_0;
        v3.*i256 = alloca i256;
        obj.store v2 v0;
        v5.objref<i256> = obj.proj v2 0.i256;
        v6.i256 = obj.load v5;
        mstore v3 v6 i256;
        v7.i256 = mload v3 i256;
        call %write_word_0 v1 v7;
        return;
}

func private %encode_1(v0.@__fe_layout_1, v1.objref<@__fe_layout_7>) {
    block0:
        v2.objref<@__fe_layout_1> = obj.alloc @__fe_layout_1;
        v3.*i256 = alloca i256;
        v4.*i256 = alloca i256;
        obj.store v2 v0;
        v6.objref<i256> = obj.proj v2 0.i256;
        v7.i256 = obj.load v6;
        mstore v3 v7 i256;
        v8.i256 = mload v3 i256;
        call %encode_3 v8 v1;
        v11.objref<i256> = obj.proj v2 1.i256;
        v12.i256 = obj.load v11;
        mstore v4 v12 i256;
        v13.i256 = mload v4 i256;
        call %encode_2 v13 v1;
        return;
}

func private %encode_2(v0.i256, v1.objref<@__fe_layout_7>) {
    block0:
        v2.*i256 = alloca i256;
        mstore v2 v0 i256;
        v3.i256 = mload v2 i256;
        call %write_word_1 v1 v3;
        return;
}

func private %encode_3(v0.i256, v1.objref<@__fe_layout_7>) {
    block0:
        v2.*i256 = alloca i256;
        mstore v2 v0 i256;
        v3.i256 = mload v2 i256;
        call %write_word_2 v1 v3;
        return;
}

func private %encode_4(v0.@__fe_layout_1, v1.objref<@__fe_layout_7>) {
    block0:
        v2.objref<@__fe_layout_1> = obj.alloc @__fe_layout_1;
        v3.*i256 = alloca i256;
        v4.*i256 = alloca i256;
        obj.store v2 v0;
        v6.objref<i256> = obj.proj v2 0.i256;
        v7.i256 = obj.load v6;
        mstore v3 v7 i256;
        v8.i256 = mload v3 i256;
        call %encode_6 v8 v1;
        v11.objref<i256> = obj.proj v2 1.i256;
        v12.i256 = obj.load v11;
        mstore v4 v12 i256;
        v13.i256 = mload v4 i256;
        call %encode_5 v13 v1;
        return;
}

func private %encode_5(v0.i256, v1.objref<@__fe_layout_7>) {
    block0:
        v2.*i256 = alloca i256;
        mstore v2 v0 i256;
        v3.i256 = mload v2 i256;
        call %write_word_3 v1 v3;
        return;
}

func private %encode_6(v0.i256, v1.objref<@__fe_layout_7>) {
    block0:
        v2.*i256 = alloca i256;
        mstore v2 v0 i256;
        v3.i256 = mload v2 i256;
        call %write_word_4 v1 v3;
        return;
}

func private %encoder_new() -> @__fe_layout_7 {
    block0:
        v0.objref<@__fe_layout_7> = obj.alloc @__fe_layout_7;
        v1.objref<@__fe_layout_7> = obj.alloc @__fe_layout_7;
        v2.@__fe_layout_7 = call %new_0;
        obj.store v1 v2;
        v3.@__fe_layout_7 = obj.load v1;
        obj.store v0 v3;
        v4.@__fe_layout_7 = obj.load v0;
        return v4;
}

func private %finish(v0.@__fe_layout_7) -> @__fe_layout_1 {
    block0:
        v1.objref<@__fe_layout_7> = obj.alloc @__fe_layout_7;
        v2.*i256 = alloca i256;
        v3.*i256 = alloca i256;
        v4.*i256 = alloca i256;
        v5.*i256 = alloca i256;
        v6.objref<@__fe_layout_1> = obj.alloc @__fe_layout_1;
        obj.store v1 v0;
        v8.objref<i256> = obj.proj v1 0.i256;
        v9.i256 = obj.load v8;
        mstore v3 v9 i256;
        v10.i256 = mload v3 i256;
        mstore v2 v10 i256;
        v12.objref<i256> = obj.proj v1 2.i256;
        v13.i256 = obj.load v12;
        mstore v4 v13 i256;
        v14.i256 = mload v4 i256;
        v15.i256 = mload v2 i256;
        (v16.i256, v17.i1) = usubo v14 v15;
        br v17 block1 block2;

    block1:
        evm_revert 0.i256 0.i256;

    block2:
        mstore v5 v16 i256;
        v18.objref<@__fe_layout_1> = obj.alloc @__fe_layout_1;
        v19.i256 = mload v2 i256;
        v20.objref<i256> = obj.proj v18 0.i256;
        obj.store v20 v19;
        v21.i256 = mload v5 i256;
        v23.objref<i256> = obj.proj v18 1.i256;
        obj.store v23 v21;
        v24.@__fe_layout_1 = obj.load v18;
        obj.store v6 v24;
        v25.@__fe_layout_1 = obj.load v6;
        return v25;
}

func private %len_0(v0.@__fe_layout_2) -> i256 {
    block0:
        v1.objref<@__fe_layout_2> = obj.alloc @__fe_layout_2;
        v2.*i256 = alloca i256;
        obj.store v1 v0;
        v4.objref<i256> = obj.proj v1 1.i256;
        v5.i256 = obj.load v4;
        mstore v2 v5 i256;
        v6.i256 = mload v2 i256;
        return v6;
}

func private %len_1(v0.@__fe_layout_2) -> i256 {
    block0:
        v1.objref<@__fe_layout_2> = obj.alloc @__fe_layout_2;
        v2.*i256 = alloca i256;
        obj.store v1 v0;
        v4.objref<i256> = obj.proj v1 1.i256;
        v5.i256 = obj.load v4;
        mstore v2 v5 i256;
        v6.i256 = mload v2 i256;
        return v6;
}

func private %len_2(v0.@__fe_layout_2) -> i256 {
    block0:
        v1.objref<@__fe_layout_2> = obj.alloc @__fe_layout_2;
        v2.*i256 = alloca i256;
        obj.store v1 v0;
        v4.objref<i256> = obj.proj v1 1.i256;
        v5.i256 = obj.load v4;
        mstore v2 v5 i256;
        v6.i256 = mload v2 i256;
        return v6;
}

func private %len_3(v0.@__fe_layout_2) -> i256 {
    block0:
        v1.objref<@__fe_layout_2> = obj.alloc @__fe_layout_2;
        v2.*i256 = alloca i256;
        obj.store v1 v0;
        v4.objref<i256> = obj.proj v1 1.i256;
        v5.i256 = obj.load v4;
        mstore v2 v5 i256;
        v6.i256 = mload v2 i256;
        return v6;
}

func private %len_4(v0.@__fe_layout_2) -> i256 {
    block0:
        v1.objref<@__fe_layout_2> = obj.alloc @__fe_layout_2;
        v2.*i256 = alloca i256;
        obj.store v1 v0;
        v4.objref<i256> = obj.proj v1 1.i256;
        v5.i256 = obj.load v4;
        mstore v2 v5 i256;
        v6.i256 = mload v2 i256;
        return v6;
}

func private %len_5(v0.@__fe_layout_2) -> i256 {
    block0:
        v1.objref<@__fe_layout_2> = obj.alloc @__fe_layout_2;
        v2.*i256 = alloca i256;
        obj.store v1 v0;
        v4.objref<i256> = obj.proj v1 1.i256;
        v5.i256 = obj.load v4;
        mstore v2 v5 i256;
        v6.i256 = mload v2 i256;
        return v6;
}

func private %len_6(v0.@__fe_layout_2) -> i256 {
    block0:
        v1.objref<@__fe_layout_2> = obj.alloc @__fe_layout_2;
        v2.*i256 = alloca i256;
        obj.store v1 v0;
        v4.objref<i256> = obj.proj v1 1.i256;
        v5.i256 = obj.load v4;
        mstore v2 v5 i256;
        v6.i256 = mload v2 i256;
        return v6;
}

func private %new_0() -> @__fe_layout_7 {
    block0:
        v0.*i256 = alloca i256;
        v1.*i256 = alloca i256;
        v2.*i256 = alloca i256;
        v3.objref<@__fe_layout_7> = obj.alloc @__fe_layout_7;
        mstore v0 0.i256 i256;
        mstore v1 0.i256 i256;
        mstore v2 0.i256 i256;
        v5.objref<@__fe_layout_7> = obj.alloc @__fe_layout_7;
        v6.i256 = mload v0 i256;
        v7.objref<i256> = obj.proj v5 0.i256;
        obj.store v7 v6;
        v8.i256 = mload v1 i256;
        v10.objref<i256> = obj.proj v5 1.i256;
        obj.store v10 v8;
        v11.i256 = mload v2 i256;
        v13.objref<i256> = obj.proj v5 2.i256;
        obj.store v13 v11;
        v14.@__fe_layout_7 = obj.load v5;
        obj.store v3 v14;
        v15.@__fe_layout_7 = obj.load v3;
        return v15;
}

func private %new_1(v0.@__fe_layout_2) -> @__fe_layout_4 {
    block0:
        v1.objref<@__fe_layout_2> = obj.alloc @__fe_layout_2;
        v2.objref<@__fe_layout_3> = obj.alloc @__fe_layout_3;
        v3.*i256 = alloca i256;
        v4.objref<@__fe_layout_4> = obj.alloc @__fe_layout_4;
        v5.objref<@__fe_layout_3> = obj.alloc @__fe_layout_3;
        obj.store v1 v0;
        v6.@__fe_layout_2 = obj.load v1;
        v7.@__fe_layout_3 = call %new_2 v6;
        obj.store v5 v7;
        v8.@__fe_layout_3 = obj.load v5;
        obj.store v2 v8;
        mstore v3 0.i256 i256;
        v10.objref<@__fe_layout_4> = obj.alloc @__fe_layout_4;
        v11.@__fe_layout_3 = obj.load v2;
        v12.objref<@__fe_layout_3> = obj.proj v10 0.i256;
        obj.store v12 v11;
        v13.i256 = mload v3 i256;
        v15.objref<i256> = obj.proj v10 1.i256;
        obj.store v15 v13;
        v16.@__fe_layout_4 = obj.load v10;
        obj.store v4 v16;
        v17.@__fe_layout_4 = obj.load v4;
        return v17;
}

func private %new_2(v0.@__fe_layout_2) -> @__fe_layout_3 {
    block0:
        v1.objref<@__fe_layout_2> = obj.alloc @__fe_layout_2;
        v2.*i256 = alloca i256;
        v3.objref<@__fe_layout_3> = obj.alloc @__fe_layout_3;
        obj.store v1 v0;
        mstore v2 0.i256 i256;
        v5.objref<@__fe_layout_3> = obj.alloc @__fe_layout_3;
        v6.@__fe_layout_2 = obj.load v1;
        v7.objref<@__fe_layout_2> = obj.proj v5 0.i256;
        obj.store v7 v6;
        v8.i256 = mload v2 i256;
        v10.objref<i256> = obj.proj v5 1.i256;
        obj.store v10 v8;
        v11.@__fe_layout_3 = obj.load v5;
        obj.store v3 v11;
        v12.@__fe_layout_3 = obj.load v3;
        return v12;
}

func private %new_3(v0.@__fe_layout_2) -> @__fe_layout_4 {
    block0:
        v1.objref<@__fe_layout_2> = obj.alloc @__fe_layout_2;
        v2.objref<@__fe_layout_3> = obj.alloc @__fe_layout_3;
        v3.*i256 = alloca i256;
        v4.objref<@__fe_layout_4> = obj.alloc @__fe_layout_4;
        v5.objref<@__fe_layout_3> = obj.alloc @__fe_layout_3;
        obj.store v1 v0;
        v6.@__fe_layout_2 = obj.load v1;
        v7.@__fe_layout_3 = call %new_4 v6;
        obj.store v5 v7;
        v8.@__fe_layout_3 = obj.load v5;
        obj.store v2 v8;
        mstore v3 0.i256 i256;
        v10.objref<@__fe_layout_4> = obj.alloc @__fe_layout_4;
        v11.@__fe_layout_3 = obj.load v2;
        v12.objref<@__fe_layout_3> = obj.proj v10 0.i256;
        obj.store v12 v11;
        v13.i256 = mload v3 i256;
        v15.objref<i256> = obj.proj v10 1.i256;
        obj.store v15 v13;
        v16.@__fe_layout_4 = obj.load v10;
        obj.store v4 v16;
        v17.@__fe_layout_4 = obj.load v4;
        return v17;
}

func private %new_4(v0.@__fe_layout_2) -> @__fe_layout_3 {
    block0:
        v1.objref<@__fe_layout_2> = obj.alloc @__fe_layout_2;
        v2.*i256 = alloca i256;
        v3.objref<@__fe_layout_3> = obj.alloc @__fe_layout_3;
        obj.store v1 v0;
        mstore v2 0.i256 i256;
        v5.objref<@__fe_layout_3> = obj.alloc @__fe_layout_3;
        v6.@__fe_layout_2 = obj.load v1;
        v7.objref<@__fe_layout_2> = obj.proj v5 0.i256;
        obj.store v7 v6;
        v8.i256 = mload v2 i256;
        v10.objref<i256> = obj.proj v5 1.i256;
        obj.store v10 v8;
        v11.@__fe_layout_3 = obj.load v5;
        obj.store v3 v11;
        v12.@__fe_layout_3 = obj.load v3;
        return v12;
}

func private %read_word_0(v0.objref<@__fe_layout_4>) -> i256 {
    block0:
        v1.*i256 = alloca i256;
        v2.*i256 = alloca i256;
        v3.*i256 = alloca i256;
        v4.objref<@__fe_layout_3> = obj.alloc @__fe_layout_3;
        v5.objref<@__fe_layout_2> = obj.alloc @__fe_layout_2;
        v6.*i256 = alloca i256;
        v7.objref<@__fe_layout_3> = obj.alloc @__fe_layout_3;
        v8.*i256 = alloca i256;
        v9.*i256 = alloca i256;
        v10.*i256 = alloca i256;
        v11.*i1 = alloca i1;
        v12.*i256 = alloca i256;
        v13.*i256 = alloca i256;
        v14.objref<@__fe_layout_3> = obj.alloc @__fe_layout_3;
        v15.objref<@__fe_layout_2> = obj.alloc @__fe_layout_2;
        v16.objref<@__fe_layout_3> = obj.alloc @__fe_layout_3;
        v17.*i256 = alloca i256;
        v18.*i256 = alloca i256;
        v19.*i256 = alloca i256;
        v20.*i256 = alloca i256;
        v22.objref<@__fe_layout_3> = obj.proj v0 0.i256;
        v23.@__fe_layout_3 = obj.load v22;
        obj.store v4 v23;
        v24.objref<@__fe_layout_2> = obj.proj v4 0.i256;
        v25.@__fe_layout_2 = obj.load v24;
        obj.store v5 v25;
        v26.@__fe_layout_2 = obj.load v5;
        v27.i256 = call %len_0 v26;
        mstore v19 v27 i256;
        v28.i256 = mload v19 i256;
        mstore v6 v28 i256;
        v29.i256 = mload v6 i256;
        mstore v1 v29 i256;
        v30.objref<@__fe_layout_3> = obj.proj v0 0.i256;
        v31.@__fe_layout_3 = obj.load v30;
        obj.store v7 v31;
        v33.objref<i256> = obj.proj v7 1.i256;
        v34.i256 = obj.load v33;
        mstore v8 v34 i256;
        mstore v9 32.i256 i256;
        v36.i256 = mload v8 i256;
        v37.i256 = mload v9 i256;
        (v38.i256, v39.i1) = uaddo v36 v37;
        br v39 block4 block5;

    block1:
        mstore v12 0.i256 i256;
        mstore v13 0.i256 i256;
        v47.i256 = mload v12 i256;
        v48.i256 = mload v13 i256;
        evm_revert v47 v48;

    block2:
        jump block3;

    block3:
        v50.objref<@__fe_layout_3> = obj.proj v0 0.i256;
        v51.@__fe_layout_3 = obj.load v50;
        obj.store v14 v51;
        v52.objref<@__fe_layout_2> = obj.proj v14 0.i256;
        v53.@__fe_layout_2 = obj.load v52;
        obj.store v15 v53;
        v54.objref<@__fe_layout_3> = obj.proj v0 0.i256;
        v55.@__fe_layout_3 = obj.load v54;
        obj.store v16 v55;
        v56.objref<i256> = obj.proj v16 1.i256;
        v57.i256 = obj.load v56;
        mstore v17 v57 i256;
        v58.@__fe_layout_2 = obj.load v15;
        v59.i256 = mload v17 i256;
        v60.i256 = call %word_at_0 v58 v59;
        mstore v20 v60 i256;
        v61.i256 = mload v20 i256;
        mstore v18 v61 i256;
        v62.i256 = mload v18 i256;
        mstore v3 v62 i256;
        v63.i256 = mload v2 i256;
        v64.objref<@__fe_layout_3> = obj.proj v0 0.i256;
        v65.objref<i256> = obj.proj v64 1.i256;
        obj.store v65 v63;
        v66.i256 = mload v3 i256;
        return v66;

    block4:
        evm_revert 0.i256 0.i256;

    block5:
        mstore v10 v38 i256;
        v40.i256 = mload v10 i256;
        mstore v2 v40 i256;
        v41.i256 = mload v2 i256;
        v42.i256 = mload v1 i256;
        v43.i1 = ne v41 0.i256;
        v44.i1 = ne v42 0.i256;
        v45.i1 = gt v43 v44;
        mstore v11 v45 i1;
        v46.i1 = mload v11 i1;
        br v46 block1 block2;
}

func private %read_word_1(v0.objref<@__fe_layout_4>) -> i256 {
    block0:
        v1.*i256 = alloca i256;
        v2.*i256 = alloca i256;
        v3.*i256 = alloca i256;
        v4.objref<@__fe_layout_3> = obj.alloc @__fe_layout_3;
        v5.objref<@__fe_layout_2> = obj.alloc @__fe_layout_2;
        v6.*i256 = alloca i256;
        v7.objref<@__fe_layout_3> = obj.alloc @__fe_layout_3;
        v8.*i256 = alloca i256;
        v9.*i256 = alloca i256;
        v10.*i256 = alloca i256;
        v11.*i1 = alloca i1;
        v12.*i256 = alloca i256;
        v13.*i256 = alloca i256;
        v14.objref<@__fe_layout_3> = obj.alloc @__fe_layout_3;
        v15.objref<@__fe_layout_2> = obj.alloc @__fe_layout_2;
        v16.objref<@__fe_layout_3> = obj.alloc @__fe_layout_3;
        v17.*i256 = alloca i256;
        v18.*i256 = alloca i256;
        v19.*i256 = alloca i256;
        v20.*i256 = alloca i256;
        v22.objref<@__fe_layout_3> = obj.proj v0 0.i256;
        v23.@__fe_layout_3 = obj.load v22;
        obj.store v4 v23;
        v24.objref<@__fe_layout_2> = obj.proj v4 0.i256;
        v25.@__fe_layout_2 = obj.load v24;
        obj.store v5 v25;
        v26.@__fe_layout_2 = obj.load v5;
        v27.i256 = call %len_1 v26;
        mstore v19 v27 i256;
        v28.i256 = mload v19 i256;
        mstore v6 v28 i256;
        v29.i256 = mload v6 i256;
        mstore v1 v29 i256;
        v30.objref<@__fe_layout_3> = obj.proj v0 0.i256;
        v31.@__fe_layout_3 = obj.load v30;
        obj.store v7 v31;
        v33.objref<i256> = obj.proj v7 1.i256;
        v34.i256 = obj.load v33;
        mstore v8 v34 i256;
        mstore v9 32.i256 i256;
        v36.i256 = mload v8 i256;
        v37.i256 = mload v9 i256;
        (v38.i256, v39.i1) = uaddo v36 v37;
        br v39 block4 block5;

    block1:
        mstore v12 0.i256 i256;
        mstore v13 0.i256 i256;
        v47.i256 = mload v12 i256;
        v48.i256 = mload v13 i256;
        evm_revert v47 v48;

    block2:
        jump block3;

    block3:
        v50.objref<@__fe_layout_3> = obj.proj v0 0.i256;
        v51.@__fe_layout_3 = obj.load v50;
        obj.store v14 v51;
        v52.objref<@__fe_layout_2> = obj.proj v14 0.i256;
        v53.@__fe_layout_2 = obj.load v52;
        obj.store v15 v53;
        v54.objref<@__fe_layout_3> = obj.proj v0 0.i256;
        v55.@__fe_layout_3 = obj.load v54;
        obj.store v16 v55;
        v56.objref<i256> = obj.proj v16 1.i256;
        v57.i256 = obj.load v56;
        mstore v17 v57 i256;
        v58.@__fe_layout_2 = obj.load v15;
        v59.i256 = mload v17 i256;
        v60.i256 = call %word_at_1 v58 v59;
        mstore v20 v60 i256;
        v61.i256 = mload v20 i256;
        mstore v18 v61 i256;
        v62.i256 = mload v18 i256;
        mstore v3 v62 i256;
        v63.i256 = mload v2 i256;
        v64.objref<@__fe_layout_3> = obj.proj v0 0.i256;
        v65.objref<i256> = obj.proj v64 1.i256;
        obj.store v65 v63;
        v66.i256 = mload v3 i256;
        return v66;

    block4:
        evm_revert 0.i256 0.i256;

    block5:
        mstore v10 v38 i256;
        v40.i256 = mload v10 i256;
        mstore v2 v40 i256;
        v41.i256 = mload v2 i256;
        v42.i256 = mload v1 i256;
        v43.i1 = ne v41 0.i256;
        v44.i1 = ne v42 0.i256;
        v45.i1 = gt v43 v44;
        mstore v11 v45 i1;
        v46.i1 = mload v11 i1;
        br v46 block1 block2;
}

func private %read_word_2(v0.objref<@__fe_layout_4>) -> i256 {
    block0:
        v1.*i256 = alloca i256;
        v2.*i256 = alloca i256;
        v3.*i256 = alloca i256;
        v4.objref<@__fe_layout_3> = obj.alloc @__fe_layout_3;
        v5.objref<@__fe_layout_2> = obj.alloc @__fe_layout_2;
        v6.*i256 = alloca i256;
        v7.objref<@__fe_layout_3> = obj.alloc @__fe_layout_3;
        v8.*i256 = alloca i256;
        v9.*i256 = alloca i256;
        v10.*i256 = alloca i256;
        v11.*i1 = alloca i1;
        v12.*i256 = alloca i256;
        v13.*i256 = alloca i256;
        v14.objref<@__fe_layout_3> = obj.alloc @__fe_layout_3;
        v15.objref<@__fe_layout_2> = obj.alloc @__fe_layout_2;
        v16.objref<@__fe_layout_3> = obj.alloc @__fe_layout_3;
        v17.*i256 = alloca i256;
        v18.*i256 = alloca i256;
        v19.*i256 = alloca i256;
        v20.*i256 = alloca i256;
        v22.objref<@__fe_layout_3> = obj.proj v0 0.i256;
        v23.@__fe_layout_3 = obj.load v22;
        obj.store v4 v23;
        v24.objref<@__fe_layout_2> = obj.proj v4 0.i256;
        v25.@__fe_layout_2 = obj.load v24;
        obj.store v5 v25;
        v26.@__fe_layout_2 = obj.load v5;
        v27.i256 = call %len_2 v26;
        mstore v19 v27 i256;
        v28.i256 = mload v19 i256;
        mstore v6 v28 i256;
        v29.i256 = mload v6 i256;
        mstore v1 v29 i256;
        v30.objref<@__fe_layout_3> = obj.proj v0 0.i256;
        v31.@__fe_layout_3 = obj.load v30;
        obj.store v7 v31;
        v33.objref<i256> = obj.proj v7 1.i256;
        v34.i256 = obj.load v33;
        mstore v8 v34 i256;
        mstore v9 32.i256 i256;
        v36.i256 = mload v8 i256;
        v37.i256 = mload v9 i256;
        (v38.i256, v39.i1) = uaddo v36 v37;
        br v39 block4 block5;

    block1:
        mstore v12 0.i256 i256;
        mstore v13 0.i256 i256;
        v47.i256 = mload v12 i256;
        v48.i256 = mload v13 i256;
        evm_revert v47 v48;

    block2:
        jump block3;

    block3:
        v50.objref<@__fe_layout_3> = obj.proj v0 0.i256;
        v51.@__fe_layout_3 = obj.load v50;
        obj.store v14 v51;
        v52.objref<@__fe_layout_2> = obj.proj v14 0.i256;
        v53.@__fe_layout_2 = obj.load v52;
        obj.store v15 v53;
        v54.objref<@__fe_layout_3> = obj.proj v0 0.i256;
        v55.@__fe_layout_3 = obj.load v54;
        obj.store v16 v55;
        v56.objref<i256> = obj.proj v16 1.i256;
        v57.i256 = obj.load v56;
        mstore v17 v57 i256;
        v58.@__fe_layout_2 = obj.load v15;
        v59.i256 = mload v17 i256;
        v60.i256 = call %word_at_2 v58 v59;
        mstore v20 v60 i256;
        v61.i256 = mload v20 i256;
        mstore v18 v61 i256;
        v62.i256 = mload v18 i256;
        mstore v3 v62 i256;
        v63.i256 = mload v2 i256;
        v64.objref<@__fe_layout_3> = obj.proj v0 0.i256;
        v65.objref<i256> = obj.proj v64 1.i256;
        obj.store v65 v63;
        v66.i256 = mload v3 i256;
        return v66;

    block4:
        evm_revert 0.i256 0.i256;

    block5:
        mstore v10 v38 i256;
        v40.i256 = mload v10 i256;
        mstore v2 v40 i256;
        v41.i256 = mload v2 i256;
        v42.i256 = mload v1 i256;
        v43.i1 = ne v41 0.i256;
        v44.i1 = ne v42 0.i256;
        v45.i1 = gt v43 v44;
        mstore v11 v45 i1;
        v46.i1 = mload v11 i1;
        br v46 block1 block2;
}

func private %read_word_3(v0.objref<@__fe_layout_4>) -> i256 {
    block0:
        v1.*i256 = alloca i256;
        v2.*i256 = alloca i256;
        v3.*i256 = alloca i256;
        v4.objref<@__fe_layout_3> = obj.alloc @__fe_layout_3;
        v5.objref<@__fe_layout_2> = obj.alloc @__fe_layout_2;
        v6.*i256 = alloca i256;
        v7.objref<@__fe_layout_3> = obj.alloc @__fe_layout_3;
        v8.*i256 = alloca i256;
        v9.*i256 = alloca i256;
        v10.*i256 = alloca i256;
        v11.*i1 = alloca i1;
        v12.*i256 = alloca i256;
        v13.*i256 = alloca i256;
        v14.objref<@__fe_layout_3> = obj.alloc @__fe_layout_3;
        v15.objref<@__fe_layout_2> = obj.alloc @__fe_layout_2;
        v16.objref<@__fe_layout_3> = obj.alloc @__fe_layout_3;
        v17.*i256 = alloca i256;
        v18.*i256 = alloca i256;
        v19.*i256 = alloca i256;
        v20.*i256 = alloca i256;
        v22.objref<@__fe_layout_3> = obj.proj v0 0.i256;
        v23.@__fe_layout_3 = obj.load v22;
        obj.store v4 v23;
        v24.objref<@__fe_layout_2> = obj.proj v4 0.i256;
        v25.@__fe_layout_2 = obj.load v24;
        obj.store v5 v25;
        v26.@__fe_layout_2 = obj.load v5;
        v27.i256 = call %len_3 v26;
        mstore v19 v27 i256;
        v28.i256 = mload v19 i256;
        mstore v6 v28 i256;
        v29.i256 = mload v6 i256;
        mstore v1 v29 i256;
        v30.objref<@__fe_layout_3> = obj.proj v0 0.i256;
        v31.@__fe_layout_3 = obj.load v30;
        obj.store v7 v31;
        v33.objref<i256> = obj.proj v7 1.i256;
        v34.i256 = obj.load v33;
        mstore v8 v34 i256;
        mstore v9 32.i256 i256;
        v36.i256 = mload v8 i256;
        v37.i256 = mload v9 i256;
        (v38.i256, v39.i1) = uaddo v36 v37;
        br v39 block4 block5;

    block1:
        mstore v12 0.i256 i256;
        mstore v13 0.i256 i256;
        v47.i256 = mload v12 i256;
        v48.i256 = mload v13 i256;
        evm_revert v47 v48;

    block2:
        jump block3;

    block3:
        v50.objref<@__fe_layout_3> = obj.proj v0 0.i256;
        v51.@__fe_layout_3 = obj.load v50;
        obj.store v14 v51;
        v52.objref<@__fe_layout_2> = obj.proj v14 0.i256;
        v53.@__fe_layout_2 = obj.load v52;
        obj.store v15 v53;
        v54.objref<@__fe_layout_3> = obj.proj v0 0.i256;
        v55.@__fe_layout_3 = obj.load v54;
        obj.store v16 v55;
        v56.objref<i256> = obj.proj v16 1.i256;
        v57.i256 = obj.load v56;
        mstore v17 v57 i256;
        v58.@__fe_layout_2 = obj.load v15;
        v59.i256 = mload v17 i256;
        v60.i256 = call %word_at_3 v58 v59;
        mstore v20 v60 i256;
        v61.i256 = mload v20 i256;
        mstore v18 v61 i256;
        v62.i256 = mload v18 i256;
        mstore v3 v62 i256;
        v63.i256 = mload v2 i256;
        v64.objref<@__fe_layout_3> = obj.proj v0 0.i256;
        v65.objref<i256> = obj.proj v64 1.i256;
        obj.store v65 v63;
        v66.i256 = mload v3 i256;
        return v66;

    block4:
        evm_revert 0.i256 0.i256;

    block5:
        mstore v10 v38 i256;
        v40.i256 = mload v10 i256;
        mstore v2 v40 i256;
        v41.i256 = mload v2 i256;
        v42.i256 = mload v1 i256;
        v43.i1 = ne v41 0.i256;
        v44.i1 = ne v42 0.i256;
        v45.i1 = gt v43 v44;
        mstore v11 v45 i1;
        v46.i1 = mload v11 i1;
        br v46 block1 block2;
}

func private %read_word_4(v0.objref<@__fe_layout_4>) -> i256 {
    block0:
        v1.*i256 = alloca i256;
        v2.*i256 = alloca i256;
        v3.*i256 = alloca i256;
        v4.objref<@__fe_layout_3> = obj.alloc @__fe_layout_3;
        v5.objref<@__fe_layout_2> = obj.alloc @__fe_layout_2;
        v6.*i256 = alloca i256;
        v7.objref<@__fe_layout_3> = obj.alloc @__fe_layout_3;
        v8.*i256 = alloca i256;
        v9.*i256 = alloca i256;
        v10.*i256 = alloca i256;
        v11.*i1 = alloca i1;
        v12.*i256 = alloca i256;
        v13.*i256 = alloca i256;
        v14.objref<@__fe_layout_3> = obj.alloc @__fe_layout_3;
        v15.objref<@__fe_layout_2> = obj.alloc @__fe_layout_2;
        v16.objref<@__fe_layout_3> = obj.alloc @__fe_layout_3;
        v17.*i256 = alloca i256;
        v18.*i256 = alloca i256;
        v19.*i256 = alloca i256;
        v20.*i256 = alloca i256;
        v22.objref<@__fe_layout_3> = obj.proj v0 0.i256;
        v23.@__fe_layout_3 = obj.load v22;
        obj.store v4 v23;
        v24.objref<@__fe_layout_2> = obj.proj v4 0.i256;
        v25.@__fe_layout_2 = obj.load v24;
        obj.store v5 v25;
        v26.@__fe_layout_2 = obj.load v5;
        v27.i256 = call %len_4 v26;
        mstore v19 v27 i256;
        v28.i256 = mload v19 i256;
        mstore v6 v28 i256;
        v29.i256 = mload v6 i256;
        mstore v1 v29 i256;
        v30.objref<@__fe_layout_3> = obj.proj v0 0.i256;
        v31.@__fe_layout_3 = obj.load v30;
        obj.store v7 v31;
        v33.objref<i256> = obj.proj v7 1.i256;
        v34.i256 = obj.load v33;
        mstore v8 v34 i256;
        mstore v9 32.i256 i256;
        v36.i256 = mload v8 i256;
        v37.i256 = mload v9 i256;
        (v38.i256, v39.i1) = uaddo v36 v37;
        br v39 block4 block5;

    block1:
        mstore v12 0.i256 i256;
        mstore v13 0.i256 i256;
        v47.i256 = mload v12 i256;
        v48.i256 = mload v13 i256;
        evm_revert v47 v48;

    block2:
        jump block3;

    block3:
        v50.objref<@__fe_layout_3> = obj.proj v0 0.i256;
        v51.@__fe_layout_3 = obj.load v50;
        obj.store v14 v51;
        v52.objref<@__fe_layout_2> = obj.proj v14 0.i256;
        v53.@__fe_layout_2 = obj.load v52;
        obj.store v15 v53;
        v54.objref<@__fe_layout_3> = obj.proj v0 0.i256;
        v55.@__fe_layout_3 = obj.load v54;
        obj.store v16 v55;
        v56.objref<i256> = obj.proj v16 1.i256;
        v57.i256 = obj.load v56;
        mstore v17 v57 i256;
        v58.@__fe_layout_2 = obj.load v15;
        v59.i256 = mload v17 i256;
        v60.i256 = call %word_at_4 v58 v59;
        mstore v20 v60 i256;
        v61.i256 = mload v20 i256;
        mstore v18 v61 i256;
        v62.i256 = mload v18 i256;
        mstore v3 v62 i256;
        v63.i256 = mload v2 i256;
        v64.objref<@__fe_layout_3> = obj.proj v0 0.i256;
        v65.objref<i256> = obj.proj v64 1.i256;
        obj.store v65 v63;
        v66.i256 = mload v3 i256;
        return v66;

    block4:
        evm_revert 0.i256 0.i256;

    block5:
        mstore v10 v38 i256;
        v40.i256 = mload v10 i256;
        mstore v2 v40 i256;
        v41.i256 = mload v2 i256;
        v42.i256 = mload v1 i256;
        v43.i1 = ne v41 0.i256;
        v44.i1 = ne v42 0.i256;
        v45.i1 = gt v43 v44;
        mstore v11 v45 i1;
        v46.i1 = mload v11 i1;
        br v46 block1 block2;
}

func private %read_word_5(v0.objref<@__fe_layout_4>) -> i256 {
    block0:
        v1.*i256 = alloca i256;
        v2.*i256 = alloca i256;
        v3.*i256 = alloca i256;
        v4.objref<@__fe_layout_3> = obj.alloc @__fe_layout_3;
        v5.objref<@__fe_layout_2> = obj.alloc @__fe_layout_2;
        v6.*i256 = alloca i256;
        v7.objref<@__fe_layout_3> = obj.alloc @__fe_layout_3;
        v8.*i256 = alloca i256;
        v9.*i256 = alloca i256;
        v10.*i256 = alloca i256;
        v11.*i1 = alloca i1;
        v12.*i256 = alloca i256;
        v13.*i256 = alloca i256;
        v14.objref<@__fe_layout_3> = obj.alloc @__fe_layout_3;
        v15.objref<@__fe_layout_2> = obj.alloc @__fe_layout_2;
        v16.objref<@__fe_layout_3> = obj.alloc @__fe_layout_3;
        v17.*i256 = alloca i256;
        v18.*i256 = alloca i256;
        v19.*i256 = alloca i256;
        v20.*i256 = alloca i256;
        v22.objref<@__fe_layout_3> = obj.proj v0 0.i256;
        v23.@__fe_layout_3 = obj.load v22;
        obj.store v4 v23;
        v24.objref<@__fe_layout_2> = obj.proj v4 0.i256;
        v25.@__fe_layout_2 = obj.load v24;
        obj.store v5 v25;
        v26.@__fe_layout_2 = obj.load v5;
        v27.i256 = call %len_5 v26;
        mstore v19 v27 i256;
        v28.i256 = mload v19 i256;
        mstore v6 v28 i256;
        v29.i256 = mload v6 i256;
        mstore v1 v29 i256;
        v30.objref<@__fe_layout_3> = obj.proj v0 0.i256;
        v31.@__fe_layout_3 = obj.load v30;
        obj.store v7 v31;
        v33.objref<i256> = obj.proj v7 1.i256;
        v34.i256 = obj.load v33;
        mstore v8 v34 i256;
        mstore v9 32.i256 i256;
        v36.i256 = mload v8 i256;
        v37.i256 = mload v9 i256;
        (v38.i256, v39.i1) = uaddo v36 v37;
        br v39 block4 block5;

    block1:
        mstore v12 0.i256 i256;
        mstore v13 0.i256 i256;
        v47.i256 = mload v12 i256;
        v48.i256 = mload v13 i256;
        evm_revert v47 v48;

    block2:
        jump block3;

    block3:
        v50.objref<@__fe_layout_3> = obj.proj v0 0.i256;
        v51.@__fe_layout_3 = obj.load v50;
        obj.store v14 v51;
        v52.objref<@__fe_layout_2> = obj.proj v14 0.i256;
        v53.@__fe_layout_2 = obj.load v52;
        obj.store v15 v53;
        v54.objref<@__fe_layout_3> = obj.proj v0 0.i256;
        v55.@__fe_layout_3 = obj.load v54;
        obj.store v16 v55;
        v56.objref<i256> = obj.proj v16 1.i256;
        v57.i256 = obj.load v56;
        mstore v17 v57 i256;
        v58.@__fe_layout_2 = obj.load v15;
        v59.i256 = mload v17 i256;
        v60.i256 = call %word_at_5 v58 v59;
        mstore v20 v60 i256;
        v61.i256 = mload v20 i256;
        mstore v18 v61 i256;
        v62.i256 = mload v18 i256;
        mstore v3 v62 i256;
        v63.i256 = mload v2 i256;
        v64.objref<@__fe_layout_3> = obj.proj v0 0.i256;
        v65.objref<i256> = obj.proj v64 1.i256;
        obj.store v65 v63;
        v66.i256 = mload v3 i256;
        return v66;

    block4:
        evm_revert 0.i256 0.i256;

    block5:
        mstore v10 v38 i256;
        v40.i256 = mload v10 i256;
        mstore v2 v40 i256;
        v41.i256 = mload v2 i256;
        v42.i256 = mload v1 i256;
        v43.i1 = ne v41 0.i256;
        v44.i1 = ne v42 0.i256;
        v45.i1 = gt v43 v44;
        mstore v11 v45 i1;
        v46.i1 = mload v11 i1;
        br v46 block1 block2;
}

func private %read_word_6(v0.objref<@__fe_layout_4>) -> i256 {
    block0:
        v1.*i256 = alloca i256;
        v2.*i256 = alloca i256;
        v3.*i256 = alloca i256;
        v4.objref<@__fe_layout_3> = obj.alloc @__fe_layout_3;
        v5.objref<@__fe_layout_2> = obj.alloc @__fe_layout_2;
        v6.*i256 = alloca i256;
        v7.objref<@__fe_layout_3> = obj.alloc @__fe_layout_3;
        v8.*i256 = alloca i256;
        v9.*i256 = alloca i256;
        v10.*i256 = alloca i256;
        v11.*i1 = alloca i1;
        v12.*i256 = alloca i256;
        v13.*i256 = alloca i256;
        v14.objref<@__fe_layout_3> = obj.alloc @__fe_layout_3;
        v15.objref<@__fe_layout_2> = obj.alloc @__fe_layout_2;
        v16.objref<@__fe_layout_3> = obj.alloc @__fe_layout_3;
        v17.*i256 = alloca i256;
        v18.*i256 = alloca i256;
        v19.*i256 = alloca i256;
        v20.*i256 = alloca i256;
        v22.objref<@__fe_layout_3> = obj.proj v0 0.i256;
        v23.@__fe_layout_3 = obj.load v22;
        obj.store v4 v23;
        v24.objref<@__fe_layout_2> = obj.proj v4 0.i256;
        v25.@__fe_layout_2 = obj.load v24;
        obj.store v5 v25;
        v26.@__fe_layout_2 = obj.load v5;
        v27.i256 = call %len_6 v26;
        mstore v19 v27 i256;
        v28.i256 = mload v19 i256;
        mstore v6 v28 i256;
        v29.i256 = mload v6 i256;
        mstore v1 v29 i256;
        v30.objref<@__fe_layout_3> = obj.proj v0 0.i256;
        v31.@__fe_layout_3 = obj.load v30;
        obj.store v7 v31;
        v33.objref<i256> = obj.proj v7 1.i256;
        v34.i256 = obj.load v33;
        mstore v8 v34 i256;
        mstore v9 32.i256 i256;
        v36.i256 = mload v8 i256;
        v37.i256 = mload v9 i256;
        (v38.i256, v39.i1) = uaddo v36 v37;
        br v39 block4 block5;

    block1:
        mstore v12 0.i256 i256;
        mstore v13 0.i256 i256;
        v47.i256 = mload v12 i256;
        v48.i256 = mload v13 i256;
        evm_revert v47 v48;

    block2:
        jump block3;

    block3:
        v50.objref<@__fe_layout_3> = obj.proj v0 0.i256;
        v51.@__fe_layout_3 = obj.load v50;
        obj.store v14 v51;
        v52.objref<@__fe_layout_2> = obj.proj v14 0.i256;
        v53.@__fe_layout_2 = obj.load v52;
        obj.store v15 v53;
        v54.objref<@__fe_layout_3> = obj.proj v0 0.i256;
        v55.@__fe_layout_3 = obj.load v54;
        obj.store v16 v55;
        v56.objref<i256> = obj.proj v16 1.i256;
        v57.i256 = obj.load v56;
        mstore v17 v57 i256;
        v58.@__fe_layout_2 = obj.load v15;
        v59.i256 = mload v17 i256;
        v60.i256 = call %word_at_6 v58 v59;
        mstore v20 v60 i256;
        v61.i256 = mload v20 i256;
        mstore v18 v61 i256;
        v62.i256 = mload v18 i256;
        mstore v3 v62 i256;
        v63.i256 = mload v2 i256;
        v64.objref<@__fe_layout_3> = obj.proj v0 0.i256;
        v65.objref<i256> = obj.proj v64 1.i256;
        obj.store v65 v63;
        v66.i256 = mload v3 i256;
        return v66;

    block4:
        evm_revert 0.i256 0.i256;

    block5:
        mstore v10 v38 i256;
        v40.i256 = mload v10 i256;
        mstore v2 v40 i256;
        v41.i256 = mload v2 i256;
        v42.i256 = mload v1 i256;
        v43.i1 = ne v41 0.i256;
        v44.i1 = ne v42 0.i256;
        v45.i1 = gt v43 v44;
        mstore v11 v45 i1;
        v46.i1 = mload v11 i1;
        br v46 block1 block2;
}

func private %reserve_head(v0.objref<@__fe_layout_7>, v1.i256) -> i256 {
    block0:
        v2.*i256 = alloca i256;
        v3.*i256 = alloca i256;
        v4.*i256 = alloca i256;
        v5.*i256 = alloca i256;
        v6.*i1 = alloca i1;
        v7.*i256 = alloca i256;
        v8.*i256 = alloca i256;
        v9.*i256 = alloca i256;
        v10.*i256 = alloca i256;
        v11.*i256 = alloca i256;
        v12.*i256 = alloca i256;
        v13.*i256 = alloca i256;
        v14.*i256 = alloca i256;
        v15.*i256 = alloca i256;
        mstore v2 v1 i256;
        v17.objref<i256> = obj.proj v0 0.i256;
        v18.i256 = obj.load v17;
        mstore v4 v18 i256;
        mstore v5 0.i256 i256;
        v19.i256 = mload v5 i256;
        mstore v10 v19 i256;
        v20.i256 = mload v4 i256;
        v21.i256 = mload v10 i256;
        v22.i1 = ne v20 0.i256;
        v23.i1 = ne v21 0.i256;
        v24.i1 = eq v22 v23;
        mstore v6 v24 i1;
        v25.i1 = mload v6 i1;
        br v25 block1 block2;

    block1:
        v26.i256 = mload v2 i256;
        mstore v11 v26 i256;
        v27.i256 = mload v2 i256;
        mstore v13 v27 i256;
        v28.i256 = mload v13 i256;
        v29.*i8 = evm_malloc v28;
        v30.i256 = ptr_to_int v29 i256;
        mstore v14 v30 i256;
        v31.i256 = mload v14 i256;
        mstore v7 v31 i256;
        v32.i256 = mload v7 i256;
        mstore v3 v32 i256;
        v33.i256 = mload v3 i256;
        v35.objref<i256> = obj.proj v0 0.i256;
        obj.store v35 v33;
        v36.i256 = mload v3 i256;
        v38.objref<i256> = obj.proj v0 1.i256;
        obj.store v38 v36;
        v39.i256 = mload v2 i256;
        mstore v15 v39 i256;
        v40.i256 = mload v3 i256;
        v41.i256 = mload v15 i256;
        (v42.i256, v43.i1) = uaddo v40 v41;
        br v43 block4 block5;

    block2:
        jump block3;

    block3:
        v49.objref<i256> = obj.proj v0 0.i256;
        v50.i256 = obj.load v49;
        mstore v9 v50 i256;
        v51.i256 = mload v9 i256;
        return v51;

    block4:
        evm_revert 0.i256 0.i256;

    block5:
        mstore v8 v42 i256;
        v44.i256 = mload v8 i256;
        v47.objref<i256> = obj.proj v0 2.i256;
        obj.store v47 v44;
        jump block3;
}

func private %word_at_0(v0.@__fe_layout_2, v1.i256) -> i256 {
    block0:
        v2.objref<@__fe_layout_2> = obj.alloc @__fe_layout_2;
        v3.*i256 = alloca i256;
        v4.*i256 = alloca i256;
        v5.*i256 = alloca i256;
        v6.*i256 = alloca i256;
        v7.*i256 = alloca i256;
        v8.*i256 = alloca i256;
        v9.*i256 = alloca i256;
        obj.store v2 v0;
        mstore v3 v1 i256;
        v11.objref<i256> = obj.proj v2 0.i256;
        v12.i256 = obj.load v11;
        mstore v4 v12 i256;
        v13.i256 = mload v3 i256;
        mstore v7 v13 i256;
        v14.i256 = mload v4 i256;
        v15.i256 = mload v7 i256;
        (v16.i256, v17.i1) = uaddo v14 v15;
        br v17 block1 block2;

    block1:
        evm_revert 0.i256 0.i256;

    block2:
        mstore v5 v16 i256;
        v18.i256 = mload v5 i256;
        v19.i256 = mload v18 i256;
        mstore v9 v19 i256;
        v20.i256 = mload v9 i256;
        mstore v6 v20 i256;
        v21.i256 = mload v6 i256;
        return v21;
}

func private %word_at_1(v0.@__fe_layout_2, v1.i256) -> i256 {
    block0:
        v2.objref<@__fe_layout_2> = obj.alloc @__fe_layout_2;
        v3.*i256 = alloca i256;
        v4.*i256 = alloca i256;
        v5.*i256 = alloca i256;
        v6.*i256 = alloca i256;
        v7.*i256 = alloca i256;
        v8.*i256 = alloca i256;
        v9.*i256 = alloca i256;
        obj.store v2 v0;
        mstore v3 v1 i256;
        v11.objref<i256> = obj.proj v2 0.i256;
        v12.i256 = obj.load v11;
        mstore v4 v12 i256;
        v13.i256 = mload v3 i256;
        mstore v7 v13 i256;
        v14.i256 = mload v4 i256;
        v15.i256 = mload v7 i256;
        (v16.i256, v17.i1) = uaddo v14 v15;
        br v17 block1 block2;

    block1:
        evm_revert 0.i256 0.i256;

    block2:
        mstore v5 v16 i256;
        v18.i256 = mload v5 i256;
        v19.i256 = mload v18 i256;
        mstore v9 v19 i256;
        v20.i256 = mload v9 i256;
        mstore v6 v20 i256;
        v21.i256 = mload v6 i256;
        return v21;
}

func private %word_at_2(v0.@__fe_layout_2, v1.i256) -> i256 {
    block0:
        v2.objref<@__fe_layout_2> = obj.alloc @__fe_layout_2;
        v3.*i256 = alloca i256;
        v4.*i256 = alloca i256;
        v5.*i256 = alloca i256;
        v6.*i256 = alloca i256;
        v7.*i256 = alloca i256;
        v8.*i256 = alloca i256;
        v9.*i256 = alloca i256;
        obj.store v2 v0;
        mstore v3 v1 i256;
        v11.objref<i256> = obj.proj v2 0.i256;
        v12.i256 = obj.load v11;
        mstore v4 v12 i256;
        v13.i256 = mload v3 i256;
        mstore v7 v13 i256;
        v14.i256 = mload v4 i256;
        v15.i256 = mload v7 i256;
        (v16.i256, v17.i1) = uaddo v14 v15;
        br v17 block1 block2;

    block1:
        evm_revert 0.i256 0.i256;

    block2:
        mstore v5 v16 i256;
        v18.i256 = mload v5 i256;
        v19.i256 = mload v18 i256;
        mstore v9 v19 i256;
        v20.i256 = mload v9 i256;
        mstore v6 v20 i256;
        v21.i256 = mload v6 i256;
        return v21;
}

func private %word_at_3(v0.@__fe_layout_2, v1.i256) -> i256 {
    block0:
        v2.objref<@__fe_layout_2> = obj.alloc @__fe_layout_2;
        v3.*i256 = alloca i256;
        v4.*i256 = alloca i256;
        v5.*i256 = alloca i256;
        v6.*i256 = alloca i256;
        v7.*i256 = alloca i256;
        v8.*i256 = alloca i256;
        v9.*i256 = alloca i256;
        obj.store v2 v0;
        mstore v3 v1 i256;
        v11.objref<i256> = obj.proj v2 0.i256;
        v12.i256 = obj.load v11;
        mstore v4 v12 i256;
        v13.i256 = mload v3 i256;
        mstore v7 v13 i256;
        v14.i256 = mload v4 i256;
        v15.i256 = mload v7 i256;
        (v16.i256, v17.i1) = uaddo v14 v15;
        br v17 block1 block2;

    block1:
        evm_revert 0.i256 0.i256;

    block2:
        mstore v5 v16 i256;
        v18.i256 = mload v5 i256;
        v19.i256 = mload v18 i256;
        mstore v9 v19 i256;
        v20.i256 = mload v9 i256;
        mstore v6 v20 i256;
        v21.i256 = mload v6 i256;
        return v21;
}

func private %word_at_4(v0.@__fe_layout_2, v1.i256) -> i256 {
    block0:
        v2.objref<@__fe_layout_2> = obj.alloc @__fe_layout_2;
        v3.*i256 = alloca i256;
        v4.*i256 = alloca i256;
        v5.*i256 = alloca i256;
        v6.*i256 = alloca i256;
        v7.*i256 = alloca i256;
        v8.*i256 = alloca i256;
        v9.*i256 = alloca i256;
        obj.store v2 v0;
        mstore v3 v1 i256;
        v11.objref<i256> = obj.proj v2 0.i256;
        v12.i256 = obj.load v11;
        mstore v4 v12 i256;
        v13.i256 = mload v3 i256;
        mstore v7 v13 i256;
        v14.i256 = mload v4 i256;
        v15.i256 = mload v7 i256;
        (v16.i256, v17.i1) = uaddo v14 v15;
        br v17 block1 block2;

    block1:
        evm_revert 0.i256 0.i256;

    block2:
        mstore v5 v16 i256;
        v18.i256 = mload v5 i256;
        v19.i256 = mload v18 i256;
        mstore v9 v19 i256;
        v20.i256 = mload v9 i256;
        mstore v6 v20 i256;
        v21.i256 = mload v6 i256;
        return v21;
}

func private %word_at_5(v0.@__fe_layout_2, v1.i256) -> i256 {
    block0:
        v2.objref<@__fe_layout_2> = obj.alloc @__fe_layout_2;
        v3.*i256 = alloca i256;
        v4.*i256 = alloca i256;
        v5.*i256 = alloca i256;
        v6.*i256 = alloca i256;
        v7.*i256 = alloca i256;
        v8.*i256 = alloca i256;
        v9.*i256 = alloca i256;
        obj.store v2 v0;
        mstore v3 v1 i256;
        v11.objref<i256> = obj.proj v2 0.i256;
        v12.i256 = obj.load v11;
        mstore v4 v12 i256;
        v13.i256 = mload v3 i256;
        mstore v7 v13 i256;
        v14.i256 = mload v4 i256;
        v15.i256 = mload v7 i256;
        (v16.i256, v17.i1) = uaddo v14 v15;
        br v17 block1 block2;

    block1:
        evm_revert 0.i256 0.i256;

    block2:
        mstore v5 v16 i256;
        v18.i256 = mload v5 i256;
        v19.i256 = mload v18 i256;
        mstore v9 v19 i256;
        v20.i256 = mload v9 i256;
        mstore v6 v20 i256;
        v21.i256 = mload v6 i256;
        return v21;
}

func private %word_at_6(v0.@__fe_layout_2, v1.i256) -> i256 {
    block0:
        v2.objref<@__fe_layout_2> = obj.alloc @__fe_layout_2;
        v3.*i256 = alloca i256;
        v4.*i256 = alloca i256;
        v5.*i256 = alloca i256;
        v6.*i256 = alloca i256;
        v7.*i256 = alloca i256;
        v8.*i256 = alloca i256;
        v9.*i256 = alloca i256;
        obj.store v2 v0;
        mstore v3 v1 i256;
        v11.objref<i256> = obj.proj v2 0.i256;
        v12.i256 = obj.load v11;
        mstore v4 v12 i256;
        v13.i256 = mload v3 i256;
        mstore v7 v13 i256;
        v14.i256 = mload v4 i256;
        v15.i256 = mload v7 i256;
        (v16.i256, v17.i1) = uaddo v14 v15;
        br v17 block1 block2;

    block1:
        evm_revert 0.i256 0.i256;

    block2:
        mstore v5 v16 i256;
        v18.i256 = mload v5 i256;
        v19.i256 = mload v18 i256;
        mstore v9 v19 i256;
        v20.i256 = mload v9 i256;
        mstore v6 v20 i256;
        v21.i256 = mload v6 i256;
        return v21;
}

func private %write_word_0(v0.objref<@__fe_layout_7>, v1.i256) {
    block0:
        v2.*i256 = alloca i256;
        v3.*i256 = alloca i256;
        v4.*i256 = alloca i256;
        v5.*i256 = alloca i256;
        v6.*i256 = alloca i256;
        v7.*i256 = alloca i256;
        v8.*i256 = alloca i256;
        mstore v2 v1 i256;
        v10.objref<i256> = obj.proj v0 1.i256;
        v11.i256 = obj.load v10;
        mstore v4 v11 i256;
        v12.i256 = mload v4 i256;
        mstore v3 v12 i256;
        v13.i256 = mload v2 i256;
        mstore v7 v13 i256;
        v14.i256 = mload v2 i256;
        mstore v8 v14 i256;
        v15.i256 = mload v3 i256;
        v16.i256 = mload v8 i256;
        mstore v15 v16 i256;
        mstore v5 32.i256 i256;
        v19.i256 = mload v3 i256;
        v20.i256 = mload v5 i256;
        (v21.i256, v22.i1) = uaddo v19 v20;
        br v22 block1 block2;

    block1:
        evm_revert 0.i256 0.i256;

    block2:
        mstore v6 v21 i256;
        v24.i256 = mload v6 i256;
        v26.objref<i256> = obj.proj v0 1.i256;
        obj.store v26 v24;
        return;
}

func private %write_word_1(v0.objref<@__fe_layout_7>, v1.i256) {
    block0:
        v2.*i256 = alloca i256;
        v3.*i256 = alloca i256;
        v4.*i256 = alloca i256;
        v5.*i256 = alloca i256;
        v6.*i256 = alloca i256;
        v7.*i256 = alloca i256;
        v8.*i256 = alloca i256;
        mstore v2 v1 i256;
        v10.objref<i256> = obj.proj v0 1.i256;
        v11.i256 = obj.load v10;
        mstore v4 v11 i256;
        v12.i256 = mload v4 i256;
        mstore v3 v12 i256;
        v13.i256 = mload v2 i256;
        mstore v7 v13 i256;
        v14.i256 = mload v2 i256;
        mstore v8 v14 i256;
        v15.i256 = mload v3 i256;
        v16.i256 = mload v8 i256;
        mstore v15 v16 i256;
        mstore v5 32.i256 i256;
        v19.i256 = mload v3 i256;
        v20.i256 = mload v5 i256;
        (v21.i256, v22.i1) = uaddo v19 v20;
        br v22 block1 block2;

    block1:
        evm_revert 0.i256 0.i256;

    block2:
        mstore v6 v21 i256;
        v24.i256 = mload v6 i256;
        v26.objref<i256> = obj.proj v0 1.i256;
        obj.store v26 v24;
        return;
}

func private %write_word_2(v0.objref<@__fe_layout_7>, v1.i256) {
    block0:
        v2.*i256 = alloca i256;
        v3.*i256 = alloca i256;
        v4.*i256 = alloca i256;
        v5.*i256 = alloca i256;
        v6.*i256 = alloca i256;
        v7.*i256 = alloca i256;
        v8.*i256 = alloca i256;
        mstore v2 v1 i256;
        v10.objref<i256> = obj.proj v0 1.i256;
        v11.i256 = obj.load v10;
        mstore v4 v11 i256;
        v12.i256 = mload v4 i256;
        mstore v3 v12 i256;
        v13.i256 = mload v2 i256;
        mstore v7 v13 i256;
        v14.i256 = mload v2 i256;
        mstore v8 v14 i256;
        v15.i256 = mload v3 i256;
        v16.i256 = mload v8 i256;
        mstore v15 v16 i256;
        mstore v5 32.i256 i256;
        v19.i256 = mload v3 i256;
        v20.i256 = mload v5 i256;
        (v21.i256, v22.i1) = uaddo v19 v20;
        br v22 block1 block2;

    block1:
        evm_revert 0.i256 0.i256;

    block2:
        mstore v6 v21 i256;
        v24.i256 = mload v6 i256;
        v26.objref<i256> = obj.proj v0 1.i256;
        obj.store v26 v24;
        return;
}

func private %write_word_3(v0.objref<@__fe_layout_7>, v1.i256) {
    block0:
        v2.*i256 = alloca i256;
        v3.*i256 = alloca i256;
        v4.*i256 = alloca i256;
        v5.*i256 = alloca i256;
        v6.*i256 = alloca i256;
        v7.*i256 = alloca i256;
        v8.*i256 = alloca i256;
        mstore v2 v1 i256;
        v10.objref<i256> = obj.proj v0 1.i256;
        v11.i256 = obj.load v10;
        mstore v4 v11 i256;
        v12.i256 = mload v4 i256;
        mstore v3 v12 i256;
        v13.i256 = mload v2 i256;
        mstore v7 v13 i256;
        v14.i256 = mload v2 i256;
        mstore v8 v14 i256;
        v15.i256 = mload v3 i256;
        v16.i256 = mload v8 i256;
        mstore v15 v16 i256;
        mstore v5 32.i256 i256;
        v19.i256 = mload v3 i256;
        v20.i256 = mload v5 i256;
        (v21.i256, v22.i1) = uaddo v19 v20;
        br v22 block1 block2;

    block1:
        evm_revert 0.i256 0.i256;

    block2:
        mstore v6 v21 i256;
        v24.i256 = mload v6 i256;
        v26.objref<i256> = obj.proj v0 1.i256;
        obj.store v26 v24;
        return;
}

func private %write_word_4(v0.objref<@__fe_layout_7>, v1.i256) {
    block0:
        v2.*i256 = alloca i256;
        v3.*i256 = alloca i256;
        v4.*i256 = alloca i256;
        v5.*i256 = alloca i256;
        v6.*i256 = alloca i256;
        v7.*i256 = alloca i256;
        v8.*i256 = alloca i256;
        mstore v2 v1 i256;
        v10.objref<i256> = obj.proj v0 1.i256;
        v11.i256 = obj.load v10;
        mstore v4 v11 i256;
        v12.i256 = mload v4 i256;
        mstore v3 v12 i256;
        v13.i256 = mload v2 i256;
        mstore v7 v13 i256;
        v14.i256 = mload v2 i256;
        mstore v8 v14 i256;
        v15.i256 = mload v3 i256;
        v16.i256 = mload v8 i256;
        mstore v15 v16 i256;
        mstore v5 32.i256 i256;
        v19.i256 = mload v3 i256;
        v20.i256 = mload v5 i256;
        (v21.i256, v22.i1) = uaddo v19 v20;
        br v22 block1 block2;

    block1:
        evm_revert 0.i256 0.i256;

    block2:
        mstore v6 v21 i256;
        v24.i256 = mload v6 i256;
        v26.objref<i256> = obj.proj v0 1.i256;
        obj.store v26 v24;
        return;
}


object @Child {
    section init {
        entry %__fe_contract_init_root_Child;
        embed .runtime as &Child_runtime;
    }
    section runtime {
        entry %__fe_contract_runtime_root_Child;
    }
}

object @Factory {
    section init {
        entry %__fe_contract_init_root_Factory;
        embed .runtime as &Factory_runtime;
    }
    section runtime {
        entry %__fe_contract_runtime_root_Factory;
        embed @Child.init as &Child_init;
    }
}
