---
source: crates/codegen/tests/sonatina_ir.rs
expression: output
input_file: crates/codegen/tests/fixtures/enum_variant_contract.fe
---
target = "evm-ethereum-osaka"

type @layout_0 = enum {
    #None,
    #Some(i256),
};

func private %abi_encode_u256(v0.i256) {
    block0:
        jump block1;

    block1:
        call %mstore 0.i256 v0;
        call %std__lib__evm__effects__impl_trait_Evm_0098__return_data_44fe 0.i256 32.i256;
        unreachable;
}

func private %calldataload(v0.i256) -> i256 {
    block0:
        jump block1;

    block1:
        v2.i256 = evm_calldata_load v0;
        return v2;
}

func private %codecopy(v0.i256, v1.i256, v2.i256) {
    block0:
        jump block1;

    block1:
        evm_code_copy v0 v1 v2;
        return;
}

func private %init() {
    block0:
        jump block1;

    block1:
        v0.i256 = sym_size &__EnumContract_runtime;
        v1.i256 = sym_addr &__EnumContract_runtime;
        v2.*i8 = evm_malloc v0;
        v3.i256 = ptr_to_int v2 i256;
        call %codecopy v3 v1 v0;
        call %std__lib__evm__effects__impl_trait_Evm_0098__return_data_1461_0 v3 v0;
        unreachable;
}

func private %manual_contract_init_root_EnumContract() {
    block0:
        jump block1;

    block1:
        call %init;
        evm_stop;
}

func private %manual_contract_runtime_root_EnumContract() {
    block0:
        jump block1;

    block1:
        call %runtime;
        evm_stop;
}

func private %mstore(v0.i256, v1.i256) {
    block0:
        jump block1;

    block1:
        mstore v0 v1 i256;
        return;
}

func private %std__lib__evm__effects__impl_trait_Evm_0098__return_data_1461(v0.i256, v1.i256) {
    block0:
        jump block1;

    block1:
        evm_return v0 v1;
}

func private %std__lib__evm__effects__impl_trait_Evm_0098__return_data_1461_0(v0.i256, v1.i256) {
    block0:
        jump block1;

    block1:
        evm_return v0 v1;
}

func private %std__lib__evm__effects__impl_trait_Evm_0098__return_data_44fe(v0.i256, v1.i256) {
    block0:
        jump block1;

    block1:
        evm_return v0 v1;
}

func private %runtime() {
    block0:
        jump block1;

    block1:
        v1.i256 = call %calldataload 0.i256;
        v3.i256 = shr 224.i256 v1;
        v5.i1 = eq v3 1817627404.i256;
        br v5 block2 block3;

    block2:
        v7.i256 = call %calldataload 4.i256;
        v8.@layout_0 = enum.make @layout_0 #Some v7;
        v9.enumtag(@layout_0) = enum.tag v8;
        br_table v9 (1.enumtag(@layout_0) block6) (0.enumtag(@layout_0) block7);

    block3:
        jump block4;

    block4:
        v14.i1 = eq v3 1163776883.i256;
        br v14 block8 block9;

    block5:
        v15.i256 = phi (v17 block6) (0.i256 block7);
        call %abi_encode_u256 v15;
        unreachable;

    block6:
        enum.assert_variant v8 #Some;
        v17.i256 = enum.extract v8 #Some 0.i256;
        jump block5;

    block7:
        jump block5;

    block8:
        v18.@layout_0 = enum.make @layout_0 #None;
        v19.@layout_0 = enum.make @layout_0 #None;
        v20.enumtag(@layout_0) = enum.tag v19;
        br_table v20 (1.enumtag(@layout_0) block12) (0.enumtag(@layout_0) block13);

    block9:
        jump block10;

    block10:
        v23.i1 = eq v3 3572425762.i256;
        br v23 block14 block15;

    block11:
        v24.i256 = phi (v26 block12) (0.i256 block13);
        call %abi_encode_u256 v24;
        unreachable;

    block12:
        enum.assert_variant v19 #Some;
        v26.i256 = enum.extract v19 #Some 0.i256;
        jump block11;

    block13:
        jump block11;

    block14:
        v27.i256 = call %calldataload 4.i256;
        v28.@layout_0 = enum.make @layout_0 #Some v27;
        v29.enumtag(@layout_0) = enum.tag v28;
        br_table v29 (1.enumtag(@layout_0) block18) (0.enumtag(@layout_0) block19);

    block15:
        jump block16;

    block16:
        call %std__lib__evm__effects__impl_trait_Evm_0098__return_data_1461 0.i256 0.i256;
        unreachable;

    block17:
        v30.i256 = phi (1.i256 block18) (0.i256 block19);
        call %abi_encode_u256 v30;
        unreachable;

    block18:
        jump block17;

    block19:
        jump block17;
}


object @EnumContract {
    section init {
        entry %manual_contract_init_root_EnumContract;
        embed .runtime as &__EnumContract_runtime;
    }
    section runtime {
        entry %manual_contract_runtime_root_EnumContract;
    }
}
