---
source: crates/codegen/tests/sonatina_ir.rs
assertion_line: 388
expression: output
input_file: crates/codegen/tests/fixtures/erc20_low_level.fe
---
target = "evm-ethereum-osaka"

type @layout_0 = {i256, i256, i256};
type @layout_1 = {i256};
type @layout_2 = {@layout_1, @layout_1};
type @layout_3 = {i256, i256};
type @layout_4 = {i256, i256};

global private const @layout_1 $const_region_0 = {0};

func private %abi_encode_string(v0.i256, v1.i256) {
    block0:
        v2.objref<@layout_0> = obj.alloc @layout_0;
        v3.objref<@layout_3> = obj.alloc @layout_3;
        jump block1;

    block1:
        v5.@layout_0 = call %alloc 96.i256;
        v7.objref<i256> = obj.proj v2 0.i256;
        v8.i256 = extract_value v5 0.i256;
        obj.store v7 v8;
        v10.objref<i256> = obj.proj v2 1.i256;
        v11.i256 = extract_value v5 1.i256;
        obj.store v10 v11;
        v13.objref<i256> = obj.proj v2 2.i256;
        v14.i256 = extract_value v5 2.i256;
        obj.store v13 v14;
        v15.i256 = call %impl_MemBuffer__ptr v2;
        call %mstore v15 32.i256;
        v18.i256 = call %impl_MemBuffer__ptr v2;
        v19.i256 = add v18 32.i256;
        call %mstore v19 v1;
        v22.i256 = call %impl_MemBuffer__ptr v2;
        v24.i256 = add v22 64.i256;
        call %mstore v24 v0;
        jump block3;

    block2:
        call %return_data v3;
        unreachable;

    block3:
        v29.objref<i256> = obj.proj v2 0.i256;
        v30.i256 = obj.load v29;
        v31.objref<i256> = obj.proj v2 1.i256;
        v32.i256 = obj.load v31;
        jump block5;

    block4:
        jump block2;

    block5:
        v36.@layout_3 = insert_value undef.@layout_3 0.i256 v30;
        v38.@layout_3 = insert_value v36 1.i256 v32;
        v39.objref<i256> = obj.proj v3 0.i256;
        v40.i256 = extract_value v38 0.i256;
        obj.store v39 v40;
        v41.objref<i256> = obj.proj v3 1.i256;
        v42.i256 = extract_value v38 1.i256;
        obj.store v41 v42;
        jump block4;
}

func private %abi_encode_u256(v0.i256) {
    block0:
        v1.objref<@layout_0> = obj.alloc @layout_0;
        v2.objref<@layout_3> = obj.alloc @layout_3;
        jump block1;

    block1:
        v4.@layout_0 = call %alloc 32.i256;
        v6.objref<i256> = obj.proj v1 0.i256;
        v7.i256 = extract_value v4 0.i256;
        obj.store v6 v7;
        v9.objref<i256> = obj.proj v1 1.i256;
        v10.i256 = extract_value v4 1.i256;
        obj.store v9 v10;
        v12.objref<i256> = obj.proj v1 2.i256;
        v13.i256 = extract_value v4 2.i256;
        obj.store v12 v13;
        v14.i256 = call %impl_MemBuffer__ptr v1;
        call %mstore v14 v0;
        jump block3;

    block2:
        call %return_data v2;
        unreachable;

    block3:
        v19.objref<i256> = obj.proj v1 0.i256;
        v20.i256 = obj.load v19;
        v21.objref<i256> = obj.proj v1 1.i256;
        v22.i256 = obj.load v21;
        jump block5;

    block4:
        jump block2;

    block5:
        v26.@layout_3 = insert_value undef.@layout_3 0.i256 v20;
        v28.@layout_3 = insert_value v26 1.i256 v22;
        v29.objref<i256> = obj.proj v2 0.i256;
        v30.i256 = extract_value v28 0.i256;
        obj.store v29 v30;
        v31.objref<i256> = obj.proj v2 1.i256;
        v32.i256 = extract_value v28 1.i256;
        obj.store v31 v32;
        jump block4;
}

func private %alloc(v0.i256) -> @layout_0 {
    block0:
        jump block1;

    block1:
        v2.*i8 = evm_malloc v0;
        v3.i256 = ptr_to_int v2 i256;
        v6.@layout_0 = insert_value undef.@layout_0 0.i256 v3;
        v8.@layout_0 = insert_value v6 1.i256 v0;
        v10.@layout_0 = insert_value v8 2.i256 v0;
        return v10;
}

func private %alloc_bytes(v0.i256) -> i256 {
    block0:
        jump block1;

    block1:
        v2.*i8 = evm_malloc v0;
        v3.i256 = ptr_to_int v2 i256;
        return v3;
}

func private %allowance__ge63f(v0.@layout_1, v1.@layout_1, v2.i256) -> i256 {
    block0:
        jump block1;

    block1:
        v5.i256 = add v2 1.i256;
        v10.@layout_2 = insert_value undef.@layout_2 0.i256 v0;
        v11.@layout_2 = insert_value v10 1.i256 v1;
        v12.i256 = call %get__g4007 v5 v11;
        return v12;
}

func private %impl_Erc20__allowance(v0.i256, v1.@layout_1, v2.@layout_1) -> i256 {
    block0:
        jump block1;

    block1:
        v5.i256 = add v0 1.i256;
        v10.@layout_2 = insert_value undef.@layout_2 0.i256 v1;
        v11.@layout_2 = insert_value v10 1.i256 v2;
        v12.i256 = call %get__g4007 v5 v11;
        return v12;
}

func private %approve__g7c76(v0.@layout_1, v1.i256, v2.i256) -> i256 {
    block0:
        jump block1;

    block1:
        v4.@layout_1 = call %caller;
        call %impl_Erc20__approve v2 v4 v0 v1;
        return 1.i256;
}

func private %impl_Erc20__approve(v0.i256, v1.@layout_1, v2.@layout_1, v3.i256) {
    block0:
        jump block1;

    block1:
        v6.i256 = add v0 1.i256;
        v11.@layout_2 = insert_value undef.@layout_2 0.i256 v1;
        v12.@layout_2 = insert_value v11 1.i256 v2;
        v14.i256 = add v0 1.i256;
        call %set__g4007 v14 v12 v3;
        return;
}

func private %balance_of__ge63f(v0.@layout_1, v1.i256) -> i256 {
    block0:
        jump block1;

    block1:
        v4.i256 = call %get__g5cd5 v1 v0;
        return v4;
}

func private %impl_Erc20__balance_of(v0.i256, v1.@layout_1) -> i256 {
    block0:
        jump block1;

    block1:
        v4.i256 = call %get__g5cd5 v0 v1;
        return v4;
}

func private %calldataload(v0.i256) -> i256 {
    block0:
        jump block1;

    block1:
        v2.i256 = evm_calldata_load v0;
        return v2;
}

func private %caller() -> @layout_1 {
    block0:
        jump block1;

    block1:
        v0.i256 = evm_caller;
        v3.@layout_1 = insert_value undef.@layout_1 0.i256 v0;
        return v3;
}

func private %capacity(v0.objref<@layout_0>) -> i256 {
    block0:
        jump block1;

    block1:
        v3.objref<i256> = obj.proj v0 2.i256;
        v4.i256 = obj.load v3;
        return v4;
}

func private %cast(v0.i256) -> i256 {
    block0:
        jump block1;

    block1:
        return v0;
}

func private %codecopy(v0.objref<@layout_0>, v1.i256, v2.i256, v3.i256) {
    block0:
        jump block1;

    block1:
        v7.i256 = call %prepare_copy_destination v0 v1 v3;
        v9.i1 = eq v3 0.i256;
        br v9 block2 block3;

    block2:
        return;

    block3:
        jump block4;

    block4:
        evm_code_copy v7 v2 v3;
        (v15.i256, v16.i1) = uaddo v1 v3;
        br v16 block8 block9;

    block5:
        call %set_len v0 v15;
        jump block7;

    block6:
        jump block7;

    block7:
        return;

    block8:
        mstore 0.i256 35408467139433450592217433187231851964531694900788300625387963629091585785856.i256 i256;
        mstore 4.i256 17.i256 i256;
        evm_revert 0.i256 36.i256;

    block9:
        v22.i256 = call %impl_MemBuffer__len v0;
        v23.i1 = gt v15 v22;
        br v23 block5 block6;
}

func private %do_init(v0.i256) {
    block0:
        v1.objref<@layout_3> = obj.alloc @layout_3;
        jump block1;

    block1:
        v3.@layout_1 = call %caller;
        v4.i1 = call %set_owner_once v0 v3;
        v5.i1 = is_zero v4;
        br v5 block2 block3;

    block2:
        jump block6;

    block3:
        jump block4;

    block4:
        return;

    block5:
        call %revert v1;
        unreachable;

    block6:
        v8.*i8 = evm_malloc 0.i256;
        v9.i256 = ptr_to_int v8 i256;
        v10.i256 = call %cast v9;
        jump block8;

    block7:
        jump block5;

    block8:
        v14.@layout_3 = insert_value undef.@layout_3 0.i256 v10;
        v17.@layout_3 = insert_value v14 1.i256 0.i256;
        v18.objref<i256> = obj.proj v1 0.i256;
        v19.i256 = extract_value v17 0.i256;
        obj.store v18 v19;
        v20.objref<i256> = obj.proj v1 1.i256;
        v21.i256 = extract_value v17 1.i256;
        obj.store v20 v21;
        jump block7;
}

func private %impl_trait_Address__encoded_len(v0.@layout_1) -> i256 {
    block0:
        jump block1;

    block1:
        return 32.i256;
}

func inline(always) private %encoded_len__g7528(v0.@layout_2) -> i256 {
    block0:
        jump block1;

    block1:
        v3.@layout_1 = extract_value v0 0.i256;
        v4.i256 = call %impl_trait_Address__encoded_len v3;
        v6.@layout_1 = extract_value v0 1.i256;
        v7.i256 = call %impl_trait_Address__encoded_len v6;
        (v8.i256, v9.i1) = uaddo v4 v7;
        br v9 block2 block3;

    block2:
        mstore 0.i256 35408467139433450592217433187231851964531694900788300625387963629091585785856.i256 i256;
        mstore 4.i256 17.i256 i256;
        evm_revert 0.i256 36.i256;

    block3:
        return v8;
}

func private %eq(v0.@layout_1, v1.@layout_1) -> i1 {
    block0:
        jump block1;

    block1:
        v4.i256 = extract_value v0 0.i256;
        v6.i256 = extract_value v1 0.i256;
        v7.i1 = eq v4 v6;
        return v7;
}

func inline(always) private %get__g5cd5(v0.i256, v1.@layout_1) -> i256 {
    block0:
        jump block1;

    block1:
        v4.@layout_4 = call %locate__g5cd5 v0 v0 v1;
        v6.i256 = extract_value v4 0.i256;
        v7.i256 = evm_sload v6;
        return v7;
}

func inline(always) private %get__g4007(v0.i256, v1.@layout_2) -> i256 {
    block0:
        jump block1;

    block1:
        v4.@layout_4 = call %locate__g4007 v0 v0 v1;
        v6.i256 = extract_value v4 0.i256;
        v7.i256 = evm_sload v6;
        return v7;
}

func private %index_out_of_bounds() {
    block0:
        jump block1;

    block1:
        mstore 0.i256 35408467139433450592217433187231851964531694900788300625387963629091585785856.i256 i256;
        mstore 4.i256 50.i256 i256;
        evm_revert 0.i256 36.i256;
}

func private %init() {
    block0:
        v0.objref<@layout_1> = obj.alloc @layout_1;
        v1.objref<@layout_0> = obj.alloc @layout_0;
        v2.objref<@layout_3> = obj.alloc @layout_3;
        jump block1;

    block1:
        v4.@layout_1 = call %stor_ptr 0.i256;
        v5.objref<i256> = obj.proj v0 0.i256;
        v6.i256 = extract_value v4 0.i256;
        obj.store v5 v6;
        v7.@layout_1 = obj.load v0;
        v8.i256 = call %raw v7;
        call %do_init v8;
        v10.i256 = sym_size &__Erc20Contract_runtime;
        v11.i256 = sym_addr &__Erc20Contract_runtime;
        v12.@layout_0 = call %alloc v10;
        v13.objref<i256> = obj.proj v1 0.i256;
        v14.i256 = extract_value v12 0.i256;
        obj.store v13 v14;
        v16.objref<i256> = obj.proj v1 1.i256;
        v17.i256 = extract_value v12 1.i256;
        obj.store v16 v17;
        v19.objref<i256> = obj.proj v1 2.i256;
        v20.i256 = extract_value v12 2.i256;
        obj.store v19 v20;
        call %codecopy v1 0.i256 v11 v10;
        jump block3;

    block2:
        call %return_data v2;
        unreachable;

    block3:
        v24.objref<i256> = obj.proj v1 0.i256;
        v25.i256 = obj.load v24;
        v26.objref<i256> = obj.proj v1 1.i256;
        v27.i256 = obj.load v26;
        jump block5;

    block4:
        jump block2;

    block5:
        v31.@layout_3 = insert_value undef.@layout_3 0.i256 v25;
        v33.@layout_3 = insert_value v31 1.i256 v27;
        v34.objref<i256> = obj.proj v2 0.i256;
        v35.i256 = extract_value v33 0.i256;
        obj.store v34 v35;
        v36.objref<i256> = obj.proj v2 1.i256;
        v37.i256 = extract_value v33 1.i256;
        obj.store v36 v37;
        jump block4;
}

func private %keccak256(v0.objref<@layout_3>) -> i256 {
    block0:
        jump block1;

    block1:
        v2.i256 = call %core__lib__ptr__impl_MemSlice_aa77__ptr__g79ff_d0c6 v0;
        v3.i256 = call %core__lib__ptr__impl_MemSlice_aa77__len__g79ff_93a6 v0;
        v4.i256 = evm_keccak256 v2 v3;
        return v4;
}

func private %core__lib__ptr__impl_MemSlice_aa77__len__g79ff_93a6(v0.objref<@layout_3>) -> i256 {
    block0:
        jump block1;

    block1:
        v3.objref<i256> = obj.proj v0 1.i256;
        v4.i256 = obj.load v3;
        return v4;
}

func private %impl_MemBuffer__len(v0.objref<@layout_0>) -> i256 {
    block0:
        jump block1;

    block1:
        v3.objref<i256> = obj.proj v0 1.i256;
        v4.i256 = obj.load v3;
        return v4;
}

func private %core__lib__ptr__impl_MemSlice_aa77__len__g79ff_d37d(v0.objref<@layout_3>) -> i256 {
    block0:
        jump block1;

    block1:
        v3.objref<i256> = obj.proj v0 1.i256;
        v4.i256 = obj.load v3;
        return v4;
}

func inline(always) private %locate__g5cd5(v0.i256, v1.i256, v2.@layout_1) -> @layout_4 {
    block0:
        v3.objref<@layout_3> = obj.alloc @layout_3;
        jump block1;

    block1:
        v5.i256 = call %impl_trait_Address__encoded_len v2;
        (v7.i256, v8.i1) = uaddo v5 32.i256;
        br v8 block6 block7;

    block2:
        v25.i256 = call %keccak256 v3;
        jump block5;

    block3:
        v28.@layout_3 = insert_value undef.@layout_3 0.i256 v14;
        v31.@layout_3 = insert_value v28 1.i256 v21;
        v32.objref<i256> = obj.proj v3 0.i256;
        v33.i256 = extract_value v31 0.i256;
        obj.store v32 v33;
        v34.objref<i256> = obj.proj v3 1.i256;
        v35.i256 = extract_value v31 1.i256;
        obj.store v34 v35;
        jump block2;

    block4:
        v38.@layout_4 = insert_value undef.@layout_4 0.i256 v25;
        v39.@layout_4 = insert_value v38 1.i256 0.i256;
        return v39;

    block5:
        jump block4;

    block6:
        mstore 0.i256 35408467139433450592217433187231851964531694900788300625387963629091585785856.i256 i256;
        mstore 4.i256 17.i256 i256;
        evm_revert 0.i256 36.i256;

    block7:
        v14.i256 = call %alloc_bytes v7;
        call %impl_trait_Address__write_key v14 v2;
        v18.i256 = add v14 v5;
        mstore v18 v1 i256;
        (v21.i256, v22.i1) = uaddo v5 32.i256;
        br v22 block6 block8;

    block8:
        jump block3;
}

func inline(always) private %locate__g4007(v0.i256, v1.i256, v2.@layout_2) -> @layout_4 {
    block0:
        v3.objref<@layout_3> = obj.alloc @layout_3;
        jump block1;

    block1:
        v5.i256 = call %encoded_len__g7528 v2;
        (v7.i256, v8.i1) = uaddo v5 32.i256;
        br v8 block6 block7;

    block2:
        v25.i256 = call %keccak256 v3;
        jump block5;

    block3:
        v28.@layout_3 = insert_value undef.@layout_3 0.i256 v14;
        v31.@layout_3 = insert_value v28 1.i256 v21;
        v32.objref<i256> = obj.proj v3 0.i256;
        v33.i256 = extract_value v31 0.i256;
        obj.store v32 v33;
        v34.objref<i256> = obj.proj v3 1.i256;
        v35.i256 = extract_value v31 1.i256;
        obj.store v34 v35;
        jump block2;

    block4:
        v38.@layout_4 = insert_value undef.@layout_4 0.i256 v25;
        v39.@layout_4 = insert_value v38 1.i256 0.i256;
        return v39;

    block5:
        jump block4;

    block6:
        mstore 0.i256 35408467139433450592217433187231851964531694900788300625387963629091585785856.i256 i256;
        mstore 4.i256 17.i256 i256;
        evm_revert 0.i256 36.i256;

    block7:
        v14.i256 = call %alloc_bytes v7;
        call %write_key__g7528 v14 v2;
        v18.i256 = add v14 v5;
        mstore v18 v1 i256;
        (v21.i256, v22.i1) = uaddo v5 32.i256;
        br v22 block6 block8;

    block8:
        jump block3;
}

func private %manual_contract_init_root_Erc20Contract() {
    block0:
        jump block1;

    block1:
        call %init;
        evm_stop;
}

func private %manual_contract_runtime_root_Erc20Contract() {
    block0:
        jump block1;

    block1:
        call %runtime;
        evm_stop;
}

func private %mint__g5033(v0.@layout_1, v1.i256, v2.i256) -> i256 {
    block0:
        jump block1;

    block1:
        v4.@layout_1 = call %caller;
        call %impl_Erc20__mint v2 v4 v0 v1;
        v9.i256 = add v2 2.i256;
        v10.i256 = evm_sload v9;
        (v11.i256, v12.i1) = uaddo v10 v1;
        br v12 block2 block3;

    block2:
        mstore 0.i256 35408467139433450592217433187231851964531694900788300625387963629091585785856.i256 i256;
        mstore 4.i256 17.i256 i256;
        evm_revert 0.i256 36.i256;

    block3:
        v19.i256 = add v2 2.i256;
        evm_sstore v19 v11;
        return 1.i256;
}

func private %impl_Erc20__mint(v0.i256, v1.@layout_1, v2.@layout_1, v3.i256) {
    block0:
        jump block1;

    block1:
        v6.i256 = add v0 3.i256;
        v8.i256 = evm_sload v6;
        v10.@layout_1 = insert_value undef.@layout_1 0.i256 v8;
        v12.i1 = call %ne v1 v10;
        br v12 block2 block3;

    block2:
        call %revert_empty;
        unreachable;

    block3:
        jump block4;

    block4:
        v15.i256 = call %impl_Erc20__balance_of v0 v2;
        (v17.i256, v18.i1) = uaddo v15 v3;
        br v18 block5 block6;

    block5:
        mstore 0.i256 35408467139433450592217433187231851964531694900788300625387963629091585785856.i256 i256;
        mstore 4.i256 17.i256 i256;
        evm_revert 0.i256 36.i256;

    block6:
        call %set__g5cd5 v0 v2 v17;
        return;
}

func private %mstore(v0.i256, v1.i256) {
    block0:
        jump block1;

    block1:
        mstore v0 v1 i256;
        return;
}

func private %ne(v0.@layout_1, v1.@layout_1) -> i1 {
    block0:
        jump block1;

    block1:
        v4.i1 = call %eq v0 v1;
        v5.i1 = is_zero v4;
        return v5;
}

func private %prepare_copy_destination(v0.objref<@layout_0>, v1.i256, v2.i256) -> i256 {
    block0:
        jump block1;

    block1:
        v4.i256 = call %capacity v0;
        v6.i1 = gt v1 v4;
        br v6 block2 block5;

    block2:
        evm_invalid;

    block3:
        jump block4;

    block4:
        v9.i1 = eq v2 0.i256;
        v10.i1 = is_zero v9;
        br v10 block9 block7;

    block5:
        v12.i256 = call %capacity v0;
        (v14.i256, v15.i1) = usubo v12 v1;
        br v15 block10 block11;

    block6:
        v23.i256 = call %impl_MemBuffer__ptr v0;
        v24.i256 = call %impl_MemBuffer__len v0;
        v25.i256 = add v23 v24;
        v27.i256 = call %impl_MemBuffer__len v0;
        (v28.i256, v29.i1) = usubo v1 v27;
        br v29 block10 block12;

    block7:
        jump block8;

    block8:
        v33.i256 = call %impl_MemBuffer__ptr v0;
        v35.i256 = add v33 v1;
        return v35;

    block9:
        v37.i256 = call %impl_MemBuffer__len v0;
        v39.i1 = gt v1 v37;
        br v39 block6 block7;

    block10:
        mstore 0.i256 35408467139433450592217433187231851964531694900788300625387963629091585785856.i256 i256;
        mstore 4.i256 17.i256 i256;
        evm_revert 0.i256 36.i256;

    block11:
        v21.i1 = gt v2 v14;
        br v21 block2 block3;

    block12:
        call %zero_bytes v25 v28;
        jump block8;
}

func private %impl_MemBuffer__ptr(v0.objref<@layout_0>) -> i256 {
    block0:
        jump block1;

    block1:
        v3.objref<i256> = obj.proj v0 0.i256;
        v4.i256 = obj.load v3;
        return v4;
}

func private %core__lib__ptr__impl_MemSlice_aa77__ptr__g79ff_aecf(v0.objref<@layout_3>) -> i256 {
    block0:
        jump block1;

    block1:
        v3.objref<i256> = obj.proj v0 0.i256;
        v4.i256 = obj.load v3;
        return v4;
}

func private %core__lib__ptr__impl_MemSlice_aa77__ptr__g79ff_d0c6(v0.objref<@layout_3>) -> i256 {
    block0:
        jump block1;

    block1:
        v3.objref<i256> = obj.proj v0 0.i256;
        v4.i256 = obj.load v3;
        return v4;
}

func private %raw(v0.@layout_1) -> i256 {
    block0:
        jump block1;

    block1:
        v3.i256 = extract_value v0 0.i256;
        return v3;
}

func private %return_data(v0.objref<@layout_3>) {
    block0:
        jump block1;

    block1:
        v2.i256 = call %core__lib__ptr__impl_MemSlice_aa77__ptr__g79ff_aecf v0;
        v3.i256 = call %core__lib__ptr__impl_MemSlice_aa77__len__g79ff_d37d v0;
        evm_return v2 v3;
}

func private %revert(v0.objref<@layout_3>) {
    block0:
        jump block1;

    block1:
        v2.i256 = call %core__lib__ptr__impl_MemSlice_aa77__ptr__g79ff_aecf v0;
        v3.i256 = call %core__lib__ptr__impl_MemSlice_aa77__len__g79ff_d37d v0;
        evm_revert v2 v3;
}

func private %revert_empty() {
    block0:
        jump block1;

    block1:
        evm_revert 0.i256 0.i256;
}

func private %runtime() {
    block0:
        v0.objref<@layout_1> = obj.alloc @layout_1;
        v1.objref<@layout_3> = obj.alloc @layout_3;
        jump block1;

    block1:
        v3.@layout_1 = call %stor_ptr 0.i256;
        v4.objref<i256> = obj.proj v0 0.i256;
        v5.i256 = extract_value v3 0.i256;
        obj.store v4 v5;
        v6.i256 = call %calldataload 0.i256;
        v8.i256 = shr 224.i256 v6;
        v10.i1 = eq v8 1889567281.i256;
        br v10 block2 block12;

    block2:
        v12.i256 = call %calldataload 4.i256;
        v14.@layout_1 = insert_value undef.@layout_1 0.i256 v12;
        v15.@layout_1 = obj.load v0;
        v16.i256 = call %raw v15;
        v17.i256 = call %balance_of__ge63f v14 v16;
        call %abi_encode_u256 v17;
        unreachable;

    block3:
        v18.i256 = call %calldataload 4.i256;
        v20.@layout_1 = insert_value undef.@layout_1 0.i256 v18;
        v22.i256 = call %calldataload 36.i256;
        v24.@layout_1 = insert_value undef.@layout_1 0.i256 v22;
        v25.@layout_1 = obj.load v0;
        v26.i256 = call %raw v25;
        v27.i256 = call %allowance__ge63f v20 v24 v26;
        call %abi_encode_u256 v27;
        unreachable;

    block4:
        call %abi_encode_string 31840933704928615426292613906591192052886564858731089189578963311002547912704.i256 7.i256;
        unreachable;

    block5:
        call %abi_encode_string 31784391594991486112232083260356792451358613714049171750120207607087736291328.i256 3.i256;
        unreachable;

    block6:
        call %abi_encode_u256 18.i256;
        unreachable;

    block7:
        v33.i256 = call %calldataload 4.i256;
        v35.@layout_1 = insert_value undef.@layout_1 0.i256 v33;
        v36.i256 = call %calldataload 36.i256;
        v37.@layout_1 = obj.load v0;
        v38.i256 = call %raw v37;
        v39.i256 = call %transfer__g5033 v35 v36 v38;
        call %abi_encode_u256 v39;
        unreachable;

    block8:
        v40.i256 = call %calldataload 4.i256;
        v42.@layout_1 = insert_value undef.@layout_1 0.i256 v40;
        v43.i256 = call %calldataload 36.i256;
        v44.@layout_1 = obj.load v0;
        v45.i256 = call %raw v44;
        v46.i256 = call %approve__g7c76 v42 v43 v45;
        call %abi_encode_u256 v46;
        unreachable;

    block9:
        v47.i256 = call %calldataload 4.i256;
        v49.@layout_1 = insert_value undef.@layout_1 0.i256 v47;
        v50.i256 = call %calldataload 36.i256;
        v52.@layout_1 = insert_value undef.@layout_1 0.i256 v50;
        v54.i256 = call %calldataload 68.i256;
        v55.@layout_1 = obj.load v0;
        v56.i256 = call %raw v55;
        v57.i256 = call %transfer_from__g5033 v49 v52 v54 v56;
        call %abi_encode_u256 v57;
        unreachable;

    block10:
        v58.i256 = call %calldataload 4.i256;
        v60.@layout_1 = insert_value undef.@layout_1 0.i256 v58;
        v61.i256 = call %calldataload 36.i256;
        v62.@layout_1 = obj.load v0;
        v63.i256 = call %raw v62;
        v64.i256 = call %mint__g5033 v60 v61 v63;
        call %abi_encode_u256 v64;
        unreachable;

    block11:
        jump block22;

    block12:
        v67.i1 = eq v8 3714247998.i256;
        br v67 block3 block13;

    block13:
        v70.i1 = eq v8 117300739.i256;
        br v70 block4 block14;

    block14:
        v73.i1 = eq v8 2514000705.i256;
        br v73 block5 block15;

    block15:
        v76.i1 = eq v8 826074471.i256;
        br v76 block6 block16;

    block16:
        v79.i1 = eq v8 2835717307.i256;
        br v79 block7 block17;

    block17:
        v82.i1 = eq v8 157198259.i256;
        br v82 block8 block18;

    block18:
        v85.i1 = eq v8 599290589.i256;
        br v85 block9 block19;

    block19:
        v88.i1 = eq v8 1086394137.i256;
        br v88 block10 block20;

    block20:
        jump block11;

    block21:
        call %revert v1;
        unreachable;

    block22:
        v90.*i8 = evm_malloc 0.i256;
        v91.i256 = ptr_to_int v90 i256;
        v92.i256 = call %cast v91;
        jump block24;

    block23:
        jump block21;

    block24:
        v96.@layout_3 = insert_value undef.@layout_3 0.i256 v92;
        v99.@layout_3 = insert_value v96 1.i256 0.i256;
        v100.objref<i256> = obj.proj v1 0.i256;
        v101.i256 = extract_value v99 0.i256;
        obj.store v100 v101;
        v102.objref<i256> = obj.proj v1 1.i256;
        v103.i256 = extract_value v99 1.i256;
        obj.store v102 v103;
        jump block23;
}

func inline(always) private %set__g5cd5(v0.i256, v1.@layout_1, v2.i256) {
    block0:
        jump block1;

    block1:
        v5.@layout_4 = call %locate__g5cd5 v0 v0 v1;
        v7.i256 = extract_value v5 0.i256;
        evm_sstore v7 v2;
        return;
}

func inline(always) private %set__g4007(v0.i256, v1.@layout_2, v2.i256) {
    block0:
        jump block1;

    block1:
        v5.@layout_4 = call %locate__g4007 v0 v0 v1;
        v7.i256 = extract_value v5 0.i256;
        evm_sstore v7 v2;
        return;
}

func private %set_len(v0.objref<@layout_0>, v1.i256) {
    block0:
        jump block1;

    block1:
        v4.objref<i256> = obj.proj v0 2.i256;
        v5.i256 = obj.load v4;
        v7.i1 = gt v1 v5;
        br v7 block2 block3;

    block2:
        call %index_out_of_bounds;
        unreachable;

    block3:
        jump block4;

    block4:
        v11.objref<i256> = obj.proj v0 1.i256;
        obj.store v11 v1;
        return;
}

func private %set_owner_once(v0.i256, v1.@layout_1) -> i1 {
    block0:
        jump block1;

    block1:
        v4.i256 = add v0 3.i256;
        v6.i256 = evm_sload v4;
        v8.@layout_1 = insert_value undef.@layout_1 0.i256 v6;
        v9.@layout_1 = call %zero;
        v10.i1 = call %ne v8 v9;
        br v10 block2 block3;

    block2:
        return 0.i1;

    block3:
        jump block4;

    block4:
        v14.i256 = add v0 3.i256;
        v15.i256 = extract_value v1 0.i256;
        evm_sstore v14 v15;
        return 1.i1;
}

func private %stor_ptr(v0.i256) -> @layout_1 {
    block0:
        jump block1;

    block1:
        v4.@layout_1 = insert_value undef.@layout_1 0.i256 v0;
        return v4;
}

func private %transfer__g5033(v0.@layout_1, v1.i256, v2.i256) -> i256 {
    block0:
        jump block1;

    block1:
        v4.@layout_1 = call %caller;
        call %impl_Erc20__transfer v2 v4 v0 v1;
        return 1.i256;
}

func private %impl_Erc20__transfer(v0.i256, v1.@layout_1, v2.@layout_1, v3.i256) {
    block0:
        jump block1;

    block1:
        v6.i256 = call %impl_Erc20__balance_of v0 v1;
        v8.i1 = lt v6 v3;
        br v8 block2 block3;

    block2:
        call %revert_empty;
        unreachable;

    block3:
        jump block4;

    block4:
        v11.i256 = call %impl_Erc20__balance_of v0 v2;
        (v14.i256, v15.i1) = usubo v6 v3;
        br v15 block5 block6;

    block5:
        mstore 0.i256 35408467139433450592217433187231851964531694900788300625387963629091585785856.i256 i256;
        mstore 4.i256 17.i256 i256;
        evm_revert 0.i256 36.i256;

    block6:
        call %set__g5cd5 v0 v1 v14;
        (v26.i256, v27.i1) = uaddo v11 v3;
        br v27 block5 block7;

    block7:
        call %set__g5cd5 v0 v2 v26;
        return;
}

func private %impl_Erc20__transfer_from(v0.i256, v1.@layout_1, v2.@layout_1, v3.@layout_1, v4.i256) {
    block0:
        jump block1;

    block1:
        v8.i256 = call %impl_Erc20__allowance v0 v2 v1;
        v10.i1 = lt v8 v4;
        br v10 block2 block3;

    block2:
        call %revert_empty;
        unreachable;

    block3:
        jump block4;

    block4:
        call %impl_Erc20__transfer v0 v2 v3 v4;
        v17.i256 = add v0 1.i256;
        v21.@layout_2 = insert_value undef.@layout_2 0.i256 v2;
        v22.@layout_2 = insert_value v21 1.i256 v1;
        (v24.i256, v25.i1) = usubo v8 v4;
        br v25 block5 block6;

    block5:
        mstore 0.i256 35408467139433450592217433187231851964531694900788300625387963629091585785856.i256 i256;
        mstore 4.i256 17.i256 i256;
        evm_revert 0.i256 36.i256;

    block6:
        v31.i256 = add v0 1.i256;
        call %set__g4007 v31 v22 v24;
        return;
}

func private %transfer_from__g5033(v0.@layout_1, v1.@layout_1, v2.i256, v3.i256) -> i256 {
    block0:
        jump block1;

    block1:
        v5.@layout_1 = call %caller;
        call %impl_Erc20__transfer_from v3 v5 v0 v1 v2;
        return 1.i256;
}

func inline(always) private %impl_trait_u256__write_key(v0.i256, v1.i256) {
    block0:
        jump block1;

    block1:
        mstore v0 v1 i256;
        return;
}

func inline(always) private %write_key__g7528(v0.i256, v1.@layout_2) {
    block0:
        jump block1;

    block1:
        v4.@layout_1 = extract_value v1 0.i256;
        v5.i256 = call %impl_trait_Address__encoded_len v4;
        v6.@layout_1 = extract_value v1 0.i256;
        call %impl_trait_Address__write_key v0 v6;
        v9.i256 = add v0 v5;
        v11.@layout_1 = extract_value v1 1.i256;
        call %impl_trait_Address__write_key v9 v11;
        return;
}

func inline(always) private %impl_trait_Address__write_key(v0.i256, v1.@layout_1) {
    block0:
        jump block1;

    block1:
        v4.i256 = extract_value v1 0.i256;
        call %impl_trait_u256__write_key v0 v4;
        return;
}

func private %zero() -> @layout_1 {
    block0:
        jump block1;

    block1:
        v1.constref<@layout_1> = const.ref $const_region_0;
        v2.objref<@layout_1> = obj.alloc @layout_1;
        obj.init.const v2 v1;
        v3.@layout_1 = obj.load v2;
        return v3;
}

func private %zero_bytes(v0.i256, v1.i256) {
    block0:
        jump block1;

    block1:
        memzero v0 v1;
        return;
}


object @Erc20Contract {
    section init {
        entry %manual_contract_init_root_Erc20Contract;
        embed .runtime as &__Erc20Contract_runtime;
    }
    section runtime {
        entry %manual_contract_runtime_root_Erc20Contract;
    }
}
