---
source: crates/codegen/tests/sonatina_ir.rs
expression: output
input_file: crates/codegen/tests/fixtures/full_contract.fe
---
target = "evm-ethereum-osaka"

type @layout_0 = {};
type @layout_1 = {@layout_0};
type @layout_2 = {i256};
type @layout_3 = {i256, i256};

func private %abi_encode(v0.i256, v1.objref<@layout_1>) {
    block0:
        v2.*i256 = alloca i256;
        mstore v2 v0 i256;
        jump block1;

    block1:
        v5.i256 = mload v2 i256;
        call %mstore v1 0.i256 v5;
        call %std__lib__evm__effects__impl_trait_Evm_0098__return_data_f771 0.i256 32.i256;
        unreachable;
}

func private %impl_Square__area(v0.objref<@layout_2>) -> i256 {
    block0:
        jump block1;

    block1:
        v3.objref<i256> = obj.proj v0 0.i256;
        v4.i256 = obj.load v3;
        (v5.i256, v6.i1) = umulo v4 v4;
        br v6 block2 block3;

    block2:
        mstore 0.i256 35408467139433450592217433187231851964531694900788300625387963629091585785856.i256 i256;
        mstore 4.i256 17.i256 i256;
        evm_revert 0.i256 36.i256;

    block3:
        return v5;
}

func private %impl_Point__area(v0.objref<@layout_3>) -> i256 {
    block0:
        jump block1;

    block1:
        v3.objref<i256> = obj.proj v0 0.i256;
        v4.i256 = obj.load v3;
        v6.objref<i256> = obj.proj v0 1.i256;
        v7.i256 = obj.load v6;
        (v8.i256, v9.i1) = umulo v4 v7;
        br v9 block2 block3;

    block2:
        mstore 0.i256 35408467139433450592217433187231851964531694900788300625387963629091585785856.i256 i256;
        mstore 4.i256 17.i256 i256;
        evm_revert 0.i256 36.i256;

    block3:
        return v8;
}

func private %calldataload(v0.i256) -> i256 {
    block0:
        v1.*i256 = alloca i256;
        mstore v1 v0 i256;
        jump block1;

    block1:
        v2.i256 = mload v1 i256;
        v3.i256 = evm_calldata_load v2;
        return v3;
}

func private %codecopy(v0.objref<@layout_1>, v1.i256, v2.i256, v3.i256) {
    block0:
        v4.*i256 = alloca i256;
        v5.*i256 = alloca i256;
        v6.*i256 = alloca i256;
        mstore v4 v1 i256;
        mstore v5 v2 i256;
        mstore v6 v3 i256;
        jump block1;

    block1:
        v7.i256 = mload v4 i256;
        v8.i256 = mload v5 i256;
        v9.i256 = mload v6 i256;
        evm_code_copy v7 v8 v9;
        return;
}

func private %dispatch(v0.objref<@layout_1>) {
    block0:
        jump block1;

    block1:
        v2.i256 = call %calldataload 0.i256;
        v4.i256 = shr 224.i256 v2;
        v6.i1 = eq v4 151146943.i256;
        br v6 block2 block3;

    block2:
        v8.i256 = call %calldataload 4.i256;
        v10.i256 = call %calldataload 36.i256;
        v11.objref<@layout_3> = obj.alloc @layout_3;
        v12.objref<i256> = obj.proj v11 0.i256;
        obj.store v12 v8;
        v14.objref<i256> = obj.proj v11 1.i256;
        obj.store v14 v10;
        v15.@layout_3 = obj.load v11;
        v16.objref<@layout_3> = obj.alloc @layout_3;
        v17.objref<i256> = obj.proj v16 0.i256;
        v18.i256 = extract_value v15 0.i256;
        obj.store v17 v18;
        v19.objref<i256> = obj.proj v16 1.i256;
        v20.i256 = extract_value v15 1.i256;
        obj.store v19 v20;
        v21.objref<i256> = obj.proj v16 0.i256;
        v22.i256 = obj.load v21;
        (v23.i256, v24.i1) = uaddo v22 1.i256;
        br v24 block8 block9;

    block3:
        jump block4;

    block4:
        v40.i1 = eq v4 2066295049.i256;
        br v40 block5 block6;

    block5:
        v41.i256 = call %calldataload 4.i256;
        v42.objref<@layout_2> = obj.alloc @layout_2;
        v43.objref<i256> = obj.proj v42 0.i256;
        obj.store v43 v41;
        v44.@layout_2 = obj.load v42;
        v45.objref<@layout_2> = obj.alloc @layout_2;
        v46.objref<i256> = obj.proj v45 0.i256;
        v47.i256 = extract_value v44 0.i256;
        obj.store v46 v47;
        v48.objref<i256> = obj.proj v45 0.i256;
        v49.i256 = obj.load v48;
        (v51.i256, v52.i1) = uaddo v49 3.i256;
        br v52 block8 block11;

    block6:
        jump block7;

    block7:
        call %std__lib__evm__effects__impl_trait_Evm_0098__return_data_b16a_0 0.i256 0.i256;
        unreachable;

    block8:
        mstore 0.i256 35408467139433450592217433187231851964531694900788300625387963629091585785856.i256 i256;
        mstore 4.i256 17.i256 i256;
        evm_revert 0.i256 36.i256;

    block9:
        v28.objref<i256> = obj.proj v16 0.i256;
        obj.store v28 v23;
        v29.objref<i256> = obj.proj v16 1.i256;
        v30.i256 = obj.load v29;
        (v32.i256, v33.i1) = uaddo v30 2.i256;
        br v33 block8 block10;

    block10:
        v35.objref<i256> = obj.proj v16 1.i256;
        obj.store v35 v32;
        v36.i256 = call %impl_Point__area v16;
        call %abi_encode v36 v0;
        unreachable;

    block11:
        v54.objref<i256> = obj.proj v45 0.i256;
        obj.store v54 v51;
        v55.i256 = call %impl_Square__area v45;
        call %abi_encode v55 v0;
        unreachable;
}

func private %init(v0.objref<@layout_1>) {
    block0:
        jump block1;

    block1:
        v1.i256 = sym_size &__ShapeDispatcher_runtime;
        v2.i256 = sym_addr &__ShapeDispatcher_runtime;
        v3.*i8 = evm_malloc v1;
        v4.i256 = ptr_to_int v3 i256;
        call %codecopy v0 v4 v2 v1;
        call %std__lib__evm__effects__impl_trait_Evm_0098__return_data_b16a v4 v1;
        unreachable;
}

func private %manual_contract_init_root_ShapeDispatcher() {
    block0:
        jump block1;

    block1:
        v0.objref<@layout_1> = obj.alloc @layout_1;
        call %init v0;
        evm_stop;
}

func private %manual_contract_runtime_root_ShapeDispatcher() {
    block0:
        jump block1;

    block1:
        v0.objref<@layout_1> = obj.alloc @layout_1;
        call %dispatch v0;
        evm_stop;
}

func private %mstore(v0.objref<@layout_1>, v1.i256, v2.i256) {
    block0:
        v3.*i256 = alloca i256;
        v4.*i256 = alloca i256;
        mstore v3 v1 i256;
        mstore v4 v2 i256;
        jump block1;

    block1:
        v5.i256 = mload v3 i256;
        v6.i256 = mload v4 i256;
        mstore v5 v6 i256;
        return;
}

func private %std__lib__evm__effects__impl_trait_Evm_0098__return_data_b16a(v0.i256, v1.i256) {
    block0:
        v2.*i256 = alloca i256;
        v3.*i256 = alloca i256;
        mstore v2 v0 i256;
        mstore v3 v1 i256;
        jump block1;

    block1:
        v4.i256 = mload v2 i256;
        v5.i256 = mload v3 i256;
        evm_return v4 v5;
}

func private %std__lib__evm__effects__impl_trait_Evm_0098__return_data_b16a_0(v0.i256, v1.i256) {
    block0:
        v2.*i256 = alloca i256;
        v3.*i256 = alloca i256;
        mstore v2 v0 i256;
        mstore v3 v1 i256;
        jump block1;

    block1:
        v4.i256 = mload v2 i256;
        v5.i256 = mload v3 i256;
        evm_return v4 v5;
}

func private %std__lib__evm__effects__impl_trait_Evm_0098__return_data_f771(v0.i256, v1.i256) {
    block0:
        v2.*i256 = alloca i256;
        v3.*i256 = alloca i256;
        mstore v2 v0 i256;
        mstore v3 v1 i256;
        jump block1;

    block1:
        v4.i256 = mload v2 i256;
        v5.i256 = mload v3 i256;
        evm_return v4 v5;
}


object @ShapeDispatcher {
    section init {
        entry %manual_contract_init_root_ShapeDispatcher;
        embed .runtime as &__ShapeDispatcher_runtime;
    }
    section runtime {
        entry %manual_contract_runtime_root_ShapeDispatcher;
    }
}
