---
source: crates/codegen/tests/sonatina_ir.rs
expression: output
input_file: crates/codegen/tests/fixtures/full_contract.fe
---
target = "evm-ethereum-osaka"

type @layout_0 = {i256};
type @layout_1 = {i256, i256};

func private %abi_encode(v0.i256) {
    block0:
        jump block1;

    block1:
        call %mstore 0.i256 v0;
        call %std__lib__evm__effects__impl_trait_Evm_0098__return_data_f771 0.i256 32.i256;
        unreachable;
}

func private %impl_Square__area(v0.objref<@layout_0>) -> i256 {
    block0:
        jump block1;

    block1:
        v3.objref<i256> = obj.proj v0 0.i256;
        v4.i256 = obj.load v3;
        (v5.i256, v6.i1) = umulo v4 v4;
        br v6 block2 block3;

    block2:
        mstore 0.i256 35408467139433450592217433187231851964531694900788300625387963629091585785856.i256 i256;
        mstore 4.i256 17.i256 i256;
        evm_revert 0.i256 36.i256;

    block3:
        return v5;
}

func private %impl_Point__area(v0.objref<@layout_1>) -> i256 {
    block0:
        jump block1;

    block1:
        v3.objref<i256> = obj.proj v0 0.i256;
        v4.i256 = obj.load v3;
        v6.objref<i256> = obj.proj v0 1.i256;
        v7.i256 = obj.load v6;
        (v8.i256, v9.i1) = umulo v4 v7;
        br v9 block2 block3;

    block2:
        mstore 0.i256 35408467139433450592217433187231851964531694900788300625387963629091585785856.i256 i256;
        mstore 4.i256 17.i256 i256;
        evm_revert 0.i256 36.i256;

    block3:
        return v8;
}

func private %calldataload(v0.i256) -> i256 {
    block0:
        jump block1;

    block1:
        v2.i256 = evm_calldata_load v0;
        return v2;
}

func private %codecopy(v0.i256, v1.i256, v2.i256) {
    block0:
        jump block1;

    block1:
        evm_code_copy v0 v1 v2;
        return;
}

func private %dispatch() {
    block0:
        jump block1;

    block1:
        v1.i256 = call %calldataload 0.i256;
        v3.i256 = shr 224.i256 v1;
        v5.i1 = eq v3 151146943.i256;
        br v5 block2 block3;

    block2:
        v7.i256 = call %calldataload 4.i256;
        v9.i256 = call %calldataload 36.i256;
        v11.@layout_1 = insert_value undef.@layout_1 0.i256 v7;
        v13.@layout_1 = insert_value v11 1.i256 v9;
        v14.objref<@layout_1> = obj.alloc @layout_1;
        v15.objref<i256> = obj.proj v14 0.i256;
        v16.i256 = extract_value v13 0.i256;
        obj.store v15 v16;
        v17.objref<i256> = obj.proj v14 1.i256;
        v18.i256 = extract_value v13 1.i256;
        obj.store v17 v18;
        v19.objref<i256> = obj.proj v14 0.i256;
        v20.i256 = obj.load v19;
        (v21.i256, v22.i1) = uaddo v20 1.i256;
        br v22 block8 block9;

    block3:
        jump block4;

    block4:
        v37.i1 = eq v3 2066295049.i256;
        br v37 block5 block6;

    block5:
        v38.i256 = call %calldataload 4.i256;
        v40.@layout_0 = insert_value undef.@layout_0 0.i256 v38;
        v41.objref<@layout_0> = obj.alloc @layout_0;
        v42.objref<i256> = obj.proj v41 0.i256;
        v43.i256 = extract_value v40 0.i256;
        obj.store v42 v43;
        v44.objref<i256> = obj.proj v41 0.i256;
        v45.i256 = obj.load v44;
        (v47.i256, v48.i1) = uaddo v45 3.i256;
        br v48 block8 block11;

    block6:
        jump block7;

    block7:
        call %std__lib__evm__effects__impl_trait_Evm_0098__return_data_b16a 0.i256 0.i256;
        unreachable;

    block8:
        mstore 0.i256 35408467139433450592217433187231851964531694900788300625387963629091585785856.i256 i256;
        mstore 4.i256 17.i256 i256;
        evm_revert 0.i256 36.i256;

    block9:
        v26.objref<i256> = obj.proj v14 0.i256;
        obj.store v26 v21;
        v27.objref<i256> = obj.proj v14 1.i256;
        v28.i256 = obj.load v27;
        (v30.i256, v31.i1) = uaddo v28 2.i256;
        br v31 block8 block10;

    block10:
        v33.objref<i256> = obj.proj v14 1.i256;
        obj.store v33 v30;
        v34.i256 = call %impl_Point__area v14;
        call %abi_encode v34;
        unreachable;

    block11:
        v50.objref<i256> = obj.proj v41 0.i256;
        obj.store v50 v47;
        v51.i256 = call %impl_Square__area v41;
        call %abi_encode v51;
        unreachable;
}

func private %init() {
    block0:
        jump block1;

    block1:
        v0.i256 = sym_size &__ShapeDispatcher_runtime;
        v1.i256 = sym_addr &__ShapeDispatcher_runtime;
        v2.*i8 = evm_malloc v0;
        v3.i256 = ptr_to_int v2 i256;
        call %codecopy v3 v1 v0;
        call %std__lib__evm__effects__impl_trait_Evm_0098__return_data_b16a_0 v3 v0;
        unreachable;
}

func private %manual_contract_init_root_ShapeDispatcher() {
    block0:
        jump block1;

    block1:
        call %init;
        evm_stop;
}

func private %manual_contract_runtime_root_ShapeDispatcher() {
    block0:
        jump block1;

    block1:
        call %dispatch;
        evm_stop;
}

func private %mstore(v0.i256, v1.i256) {
    block0:
        jump block1;

    block1:
        mstore v0 v1 i256;
        return;
}

func private %std__lib__evm__effects__impl_trait_Evm_0098__return_data_b16a(v0.i256, v1.i256) {
    block0:
        jump block1;

    block1:
        evm_return v0 v1;
}

func private %std__lib__evm__effects__impl_trait_Evm_0098__return_data_b16a_0(v0.i256, v1.i256) {
    block0:
        jump block1;

    block1:
        evm_return v0 v1;
}

func private %std__lib__evm__effects__impl_trait_Evm_0098__return_data_f771(v0.i256, v1.i256) {
    block0:
        jump block1;

    block1:
        evm_return v0 v1;
}


object @ShapeDispatcher {
    section init {
        entry %manual_contract_init_root_ShapeDispatcher;
        embed .runtime as &__ShapeDispatcher_runtime;
    }
    section runtime {
        entry %manual_contract_runtime_root_ShapeDispatcher;
    }
}
