---
source: crates/codegen/tests/sonatina_ir.rs
expression: output
input_file: crates/codegen/tests/fixtures/logical_ops.fe
---
target = "evm-ethereum-osaka"

func private %__fe_main_root() {
    block0:
        v0.i1 = call %logical_ops;
        evm_stop;
}

func private %logical_ops() -> i1 {
    block0:
        v0.*i1 = alloca i1;
        v1.*i1 = alloca i1;
        v2.*i1 = alloca i1;
        mstore v0 1.i1 i1;
        mstore v1 0.i1 i1;
        v5.i1 = mload v0 i1;
        v6.i1 = mload v1 i1;
        v7.i1 = and v5 v6;
        mstore v2 v7 i1;
        v8.i1 = mload v2 i1;
        return v8;
}


object @main {
    section main {
        entry %__fe_main_root;
    }
}
