---
source: crates/codegen/tests/sonatina_ir.rs
expression: output
input_file: crates/codegen/tests/fixtures/match_literal.fe
---
target = "evm-ethereum-osaka"

func private %__fe_main_root() {
    block0:
        jump block1;

    block1:
        call %main;
        evm_stop;
}

func private %main() {
    block0:
        jump block1;

    block1:
        v1.i64 = call %match_bool 1.i1;
        v3.i8 = call %match_u8 -1.i8;
        v5.i16 = call %match_u16 4660.i16;
        v7.i32 = call %match_u32 -559038737.i32;
        v9.i64 = call %match_u64 1.i64;
        v11.i128 = call %match_u128 1.i128;
        v13.i256 = call %match_u256 1.i256;
        v15.i8 = call %match_i8 99.i8;
        v17.i16 = call %match_i16 32000.i16;
        v19.i32 = call %match_i32 2000000000.i32;
        v20.i64 = call %match_i64 1.i64;
        v21.i128 = call %match_i128 1.i128;
        v22.i256 = call %match_i256 1.i256;
        return;
}

func private %match_bool(v0.i1) -> i64 {
    block0:
        v1.*i1 = alloca i1;
        mstore v1 v0 i1;
        jump block1;

    block1:
        v2.i256 = mload v1 i256;
        v4.i1 = ne v2 0.i256;
        v6.i1 = eq v4 1.i1;
        br v6 block3 block5;

    block2:
        v7.i64 = phi (1.i64 block3) (2.i64 block4);
        return v7;

    block3:
        jump block2;

    block4:
        jump block2;

    block5:
        jump block4;
}

func private %match_i128(v0.i128) -> i128 {
    block0:
        v1.*i128 = alloca i128;
        mstore v1 v0 i128;
        jump block1;

    block1:
        v2.i256 = mload v1 i256;
        v3.i128 = trunc v2 i128;
        v5.i1 = eq v3 0.i128;
        br v5 block3 block6;

    block2:
        v6.i128 = phi (1.i128 block3) (2.i128 block4) (3.i128 block5);
        return v6;

    block3:
        jump block2;

    block4:
        jump block2;

    block5:
        jump block2;

    block6:
        v12.i1 = eq v3 170141183460469231731687303715884105727.i128;
        br v12 block4 block7;

    block7:
        jump block5;
}

func private %match_i16(v0.i16) -> i16 {
    block0:
        v1.*i16 = alloca i16;
        mstore v1 v0 i16;
        jump block1;

    block1:
        v2.i256 = mload v1 i256;
        v3.i16 = trunc v2 i16;
        v5.i1 = eq v3 0.i16;
        br v5 block3 block6;

    block2:
        v6.i16 = phi (1.i16 block3) (2.i16 block4) (3.i16 block5);
        return v6;

    block3:
        jump block2;

    block4:
        jump block2;

    block5:
        jump block2;

    block6:
        v12.i1 = eq v3 32000.i16;
        br v12 block4 block7;

    block7:
        jump block5;
}

func private %match_i256(v0.i256) -> i256 {
    block0:
        v1.*i256 = alloca i256;
        mstore v1 v0 i256;
        jump block1;

    block1:
        v2.i256 = mload v1 i256;
        v4.i1 = eq v2 0.i256;
        br v4 block3 block6;

    block2:
        v5.i256 = phi (1.i256 block3) (2.i256 block4) (3.i256 block5);
        return v5;

    block3:
        jump block2;

    block4:
        jump block2;

    block5:
        jump block2;

    block6:
        v11.i1 = eq v2 -1.i256;
        br v11 block4 block7;

    block7:
        jump block5;
}

func private %match_i32(v0.i32) -> i32 {
    block0:
        v1.*i32 = alloca i32;
        mstore v1 v0 i32;
        jump block1;

    block1:
        v2.i256 = mload v1 i256;
        v3.i32 = trunc v2 i32;
        v5.i1 = eq v3 0.i32;
        br v5 block3 block6;

    block2:
        v6.i32 = phi (1.i32 block3) (2.i32 block4) (3.i32 block5);
        return v6;

    block3:
        jump block2;

    block4:
        jump block2;

    block5:
        jump block2;

    block6:
        v12.i1 = eq v3 2000000000.i32;
        br v12 block4 block7;

    block7:
        jump block5;
}

func private %match_i64(v0.i64) -> i64 {
    block0:
        v1.*i64 = alloca i64;
        mstore v1 v0 i64;
        jump block1;

    block1:
        v2.i256 = mload v1 i256;
        v3.i64 = trunc v2 i64;
        v5.i1 = eq v3 0.i64;
        br v5 block3 block6;

    block2:
        v6.i64 = phi (1.i64 block3) (2.i64 block4) (3.i64 block5);
        return v6;

    block3:
        jump block2;

    block4:
        jump block2;

    block5:
        jump block2;

    block6:
        v12.i1 = eq v3 9223372036854775807.i64;
        br v12 block4 block7;

    block7:
        jump block5;
}

func private %match_i8(v0.i8) -> i8 {
    block0:
        v1.*i8 = alloca i8;
        mstore v1 v0 i8;
        jump block1;

    block1:
        v2.i256 = mload v1 i256;
        v3.i8 = trunc v2 i8;
        v5.i1 = eq v3 0.i8;
        br v5 block3 block6;

    block2:
        v6.i8 = phi (1.i8 block3) (2.i8 block4) (3.i8 block5);
        return v6;

    block3:
        jump block2;

    block4:
        jump block2;

    block5:
        jump block2;

    block6:
        v12.i1 = eq v3 99.i8;
        br v12 block4 block7;

    block7:
        jump block5;
}

func private %match_u128(v0.i128) -> i128 {
    block0:
        v1.*i128 = alloca i128;
        mstore v1 v0 i128;
        jump block1;

    block1:
        v2.i256 = mload v1 i256;
        v3.i128 = trunc v2 i128;
        v5.i1 = eq v3 0.i128;
        br v5 block3 block6;

    block2:
        v6.i128 = phi (1.i128 block3) (2.i128 block4) (3.i128 block5);
        return v6;

    block3:
        jump block2;

    block4:
        jump block2;

    block5:
        jump block2;

    block6:
        v12.i1 = eq v3 -1.i128;
        br v12 block4 block7;

    block7:
        jump block5;
}

func private %match_u16(v0.i16) -> i16 {
    block0:
        v1.*i16 = alloca i16;
        mstore v1 v0 i16;
        jump block1;

    block1:
        v2.i256 = mload v1 i256;
        v3.i16 = trunc v2 i16;
        v5.i1 = eq v3 4660.i16;
        br v5 block3 block6;

    block2:
        v6.i16 = phi (1.i16 block3) (2.i16 block4) (3.i16 block5);
        return v6;

    block3:
        jump block2;

    block4:
        jump block2;

    block5:
        jump block2;

    block6:
        v12.i1 = eq v3 -21555.i16;
        br v12 block4 block7;

    block7:
        jump block5;
}

func private %match_u256(v0.i256) -> i256 {
    block0:
        v1.*i256 = alloca i256;
        mstore v1 v0 i256;
        jump block1;

    block1:
        v2.i256 = mload v1 i256;
        v4.i1 = eq v2 0.i256;
        br v4 block3 block6;

    block2:
        v5.i256 = phi (1.i256 block3) (2.i256 block4) (3.i256 block5);
        return v5;

    block3:
        jump block2;

    block4:
        jump block2;

    block5:
        jump block2;

    block6:
        v11.i1 = eq v2 -1.i256;
        br v11 block4 block7;

    block7:
        jump block5;
}

func private %match_u32(v0.i32) -> i32 {
    block0:
        v1.*i32 = alloca i32;
        mstore v1 v0 i32;
        jump block1;

    block1:
        v2.i256 = mload v1 i256;
        v3.i32 = trunc v2 i32;
        v5.i1 = eq v3 -559038737.i32;
        br v5 block3 block6;

    block2:
        v6.i32 = phi (1.i32 block3) (2.i32 block4) (3.i32 block5);
        return v6;

    block3:
        jump block2;

    block4:
        jump block2;

    block5:
        jump block2;

    block6:
        v12.i1 = eq v3 -889275714.i32;
        br v12 block4 block7;

    block7:
        jump block5;
}

func private %match_u64(v0.i64) -> i64 {
    block0:
        v1.*i64 = alloca i64;
        mstore v1 v0 i64;
        jump block1;

    block1:
        v2.i256 = mload v1 i256;
        v3.i64 = trunc v2 i64;
        v5.i1 = eq v3 0.i64;
        br v5 block3 block6;

    block2:
        v6.i64 = phi (1.i64 block3) (2.i64 block4) (3.i64 block5);
        return v6;

    block3:
        jump block2;

    block4:
        jump block2;

    block5:
        jump block2;

    block6:
        v12.i1 = eq v3 -1.i64;
        br v12 block4 block7;

    block7:
        jump block5;
}

func private %match_u8(v0.i8) -> i8 {
    block0:
        v1.*i8 = alloca i8;
        mstore v1 v0 i8;
        jump block1;

    block1:
        v2.i256 = mload v1 i256;
        v3.i8 = trunc v2 i8;
        v5.i1 = eq v3 0.i8;
        br v5 block3 block6;

    block2:
        v6.i8 = phi (1.i8 block3) (2.i8 block4) (3.i8 block5);
        return v6;

    block3:
        jump block2;

    block4:
        jump block2;

    block5:
        jump block2;

    block6:
        v12.i1 = eq v3 -1.i8;
        br v12 block4 block7;

    block7:
        jump block5;
}


object @main {
    section main {
        entry %__fe_main_root;
    }
}
