---
source: crates/codegen/tests/sonatina_ir.rs
expression: output
input_file: crates/codegen/tests/fixtures/match_struct.fe
---
target = "evm-ethereum-osaka"

type @__fe_Point_0 = {i256, i256};

func public %match_struct_fields(v0.i256) -> i256 {
    block0:
        jump block6;

    block1:
        jump block2;

    block2:
        v2.i256 = phi (0.i256 block1) (v9 block3) (v15 block4) (v27 block5);
        return v2;

    block3:
        v4.*@__fe_Point_0 = int_to_ptr v0 *@__fe_Point_0;
        v6.*i256 = gep v4 0.i256 1.i256;
        v7.i256 = mload v6 i256;
        v8.i8 = trunc v7 i8;
        v9.i256 = zext v8 i256;
        jump block2;

    block4:
        v11.*@__fe_Point_0 = int_to_ptr v0 *@__fe_Point_0;
        v12.*i256 = gep v11 0.i256 0.i256;
        v13.i256 = mload v12 i256;
        v14.i8 = trunc v13 i8;
        v15.i256 = zext v14 i256;
        jump block2;

    block5:
        v17.*@__fe_Point_0 = int_to_ptr v0 *@__fe_Point_0;
        v18.*i256 = gep v17 0.i256 1.i256;
        v19.i256 = mload v18 i256;
        v20.i8 = trunc v19 i8;
        v21.i256 = zext v20 i256;
        v22.*@__fe_Point_0 = int_to_ptr v0 *@__fe_Point_0;
        v23.*i256 = gep v22 0.i256 0.i256;
        v24.i256 = mload v23 i256;
        v25.i8 = trunc v24 i8;
        v26.i256 = zext v25 i256;
        v27.i256 = add v26 v21;
        jump block2;

    block6:
        v29.*@__fe_Point_0 = int_to_ptr v0 *@__fe_Point_0;
        v30.*i256 = gep v29 0.i256 1.i256;
        v31.i256 = mload v30 i256;
        v32.i8 = trunc v31 i8;
        v33.i256 = zext v32 i256;
        v34.i1 = eq v33 0.i256;
        br v34 block7 block8;

    block7:
        v36.*@__fe_Point_0 = int_to_ptr v0 *@__fe_Point_0;
        v37.*i256 = gep v36 0.i256 0.i256;
        v38.i256 = mload v37 i256;
        v39.i8 = trunc v38 i8;
        v40.i256 = zext v39 i256;
        v41.i1 = eq v40 0.i256;
        br v41 block1 block4;

    block8:
        v43.*@__fe_Point_0 = int_to_ptr v0 *@__fe_Point_0;
        v44.*i256 = gep v43 0.i256 0.i256;
        v45.i256 = mload v44 i256;
        v46.i8 = trunc v45 i8;
        v47.i256 = zext v46 i256;
        v48.i1 = eq v47 0.i256;
        br v48 block3 block5;
}

func public %match_struct_wildcard(v0.i256) -> i256 {
    block0:
        jump block5;

    block1:
        jump block2;

    block2:
        v3.i256 = phi (1.i256 block1) (2.i256 block3) (3.i256 block4);
        return v3;

    block3:
        jump block2;

    block4:
        jump block2;

    block5:
        v7.*@__fe_Point_0 = int_to_ptr v0 *@__fe_Point_0;
        v8.*i256 = gep v7 0.i256 0.i256;
        v9.i256 = mload v8 i256;
        v10.i8 = trunc v9 i8;
        v11.i256 = zext v10 i256;
        v12.i1 = eq v11 0.i256;
        br v12 block1 block6;

    block6:
        v14.*@__fe_Point_0 = int_to_ptr v0 *@__fe_Point_0;
        v15.*i256 = gep v14 0.i256 1.i256;
        v16.i256 = mload v15 i256;
        v17.i8 = trunc v16 i8;
        v18.i256 = zext v17 i256;
        v19.i1 = eq v18 0.i256;
        br v19 block3 block4;
}

func public %__fe_sonatina_entry() {
    block0:
        v1.i256 = call %match_struct_fields 0.i256;
        evm_stop;
}


object @Contract {
    section runtime {
        entry %__fe_sonatina_entry;
    }
}
