---
source: crates/codegen/tests/sonatina_ir.rs
expression: output
input_file: crates/codegen/tests/fixtures/match_return.fe
---
target = "evm-ethereum-osaka"

type @layout_0 = {i256, i256};
type @layout_1 = enum {
    #variant_0,
    #variant_1,
};

func private %alloc(v0.i256) -> @layout_0 {
    block0:
        jump block1;

    block1:
        v2.*i8 = evm_malloc v0;
        v3.i256 = ptr_to_int v2 i256;
        v4.@layout_0 = call %from_raw_parts v3 v0;
        return v4;
}

func private %empty() -> @layout_0 {
    block0:
        jump block1;

    block1:
        v1.@layout_0 = call %alloc 0.i256;
        return v1;
}

func private %f(v0.@layout_1) {
    block0:
        jump block1;

    block1:
        v2.enumtag(@layout_1) = enum.tag v0;
        br_table v2 (0.enumtag(@layout_1) block2) (1.enumtag(@layout_1) block3);

    block2:
        v5.@layout_0 = call %empty;
        call %return_data v5;
        unreachable;

    block3:
        v6.@layout_0 = call %empty;
        call %return_data v6;
        unreachable;
}

func private %from_raw_parts(v0.i256, v1.i256) -> @layout_0 {
    block0:
        jump block1;

    block1:
        v6.@layout_0 = insert_value undef.@layout_0 0.i256 v0;
        v8.@layout_0 = insert_value v6 1.i256 v1;
        return v8;
}

func private %into(v0.@layout_0) -> @layout_0 {
    block0:
        jump block1;

    block1:
        return v0;
}

func private %main() {
    block0:
        jump block1;

    block1:
        v0.@layout_1 = enum.make @layout_1 #variant_0;
        call %f v0;
        unreachable;
}

func private %main_root() {
    block0:
        jump block1;

    block1:
        call %main;
        evm_stop;
}

func private %return_data(v0.@layout_0) {
    block0:
        v1.objref<@layout_0> = obj.alloc @layout_0;
        v3.objref<i256> = obj.proj v1 0.i256;
        v4.i256 = extract_value v0 0.i256;
        obj.store v3 v4;
        v6.objref<i256> = obj.proj v1 1.i256;
        v7.i256 = extract_value v0 1.i256;
        obj.store v6 v7;
        jump block1;

    block1:
        v8.@layout_0 = obj.load v1;
        v9.@layout_0 = call %into v8;
        v10.objref<@layout_0> = obj.alloc @layout_0;
        v11.objref<i256> = obj.proj v10 0.i256;
        v12.i256 = extract_value v9 0.i256;
        obj.store v11 v12;
        v13.objref<i256> = obj.proj v10 1.i256;
        v14.i256 = extract_value v9 1.i256;
        obj.store v13 v14;
        v15.objref<i256> = obj.proj v10 0.i256;
        v16.i256 = obj.load v15;
        v17.objref<i256> = obj.proj v10 1.i256;
        v18.i256 = obj.load v17;
        evm_return v16 v18;
}


object @main {
    section main {
        entry %main_root;
    }
}
