---
source: crates/codegen/tests/sonatina_ir.rs
expression: output
input_file: crates/codegen/tests/fixtures/match_struct.fe
---
target = "evm-ethereum-osaka"

type @__fe_Point_0 = {i256, i256};

func private %match_struct_fields(v0.i256) -> i256 {
    block0:
        jump block6;

    block1:
        jump block2;

    block2:
        v2.i256 = phi (0.i256 block1) (v9 block3) (v15 block4) (v27 block5);
        return v2;

    block3:
        v4.*@__fe_Point_0 = int_to_ptr v0 *@__fe_Point_0;
        v6.*i256 = gep v4 0.i256 1.i256;
        v7.i256 = mload v6 i256;
        v8.i8 = trunc v7 i8;
        v9.i256 = zext v8 i256;
        jump block2;

    block4:
        v11.*@__fe_Point_0 = int_to_ptr v0 *@__fe_Point_0;
        v12.*i256 = gep v11 0.i256 0.i256;
        v13.i256 = mload v12 i256;
        v14.i8 = trunc v13 i8;
        v15.i256 = zext v14 i256;
        jump block2;

    block5:
        v17.*@__fe_Point_0 = int_to_ptr v0 *@__fe_Point_0;
        v18.*i256 = gep v17 0.i256 1.i256;
        v19.i256 = mload v18 i256;
        v20.i8 = trunc v19 i8;
        v21.i256 = zext v20 i256;
        v22.*@__fe_Point_0 = int_to_ptr v0 *@__fe_Point_0;
        v23.*i256 = gep v22 0.i256 0.i256;
        v24.i256 = mload v23 i256;
        v25.i8 = trunc v24 i8;
        v26.i256 = zext v25 i256;
        v27.i256 = add v26 v21;
        jump block2;

    block6:
        v29.*@__fe_Point_0 = int_to_ptr v0 *@__fe_Point_0;
        v30.*i256 = gep v29 0.i256 1.i256;
        v31.i256 = mload v30 i256;
        v32.i8 = trunc v31 i8;
        v33.i256 = zext v32 i256;
        br_table v33 block8 (0.i256 block7);

    block7:
        v35.*@__fe_Point_0 = int_to_ptr v0 *@__fe_Point_0;
        v36.*i256 = gep v35 0.i256 0.i256;
        v37.i256 = mload v36 i256;
        v38.i8 = trunc v37 i8;
        v39.i256 = zext v38 i256;
        br_table v39 block4 (0.i256 block1);

    block8:
        v41.*@__fe_Point_0 = int_to_ptr v0 *@__fe_Point_0;
        v42.*i256 = gep v41 0.i256 0.i256;
        v43.i256 = mload v42 i256;
        v44.i8 = trunc v43 i8;
        v45.i256 = zext v44 i256;
        br_table v45 block5 (0.i256 block3);
}

func private %match_struct_wildcard(v0.i256) -> i256 {
    block0:
        jump block5;

    block1:
        jump block2;

    block2:
        v3.i256 = phi (1.i256 block1) (2.i256 block3) (3.i256 block4);
        return v3;

    block3:
        jump block2;

    block4:
        jump block2;

    block5:
        v7.*@__fe_Point_0 = int_to_ptr v0 *@__fe_Point_0;
        v8.*i256 = gep v7 0.i256 0.i256;
        v9.i256 = mload v8 i256;
        v10.i8 = trunc v9 i8;
        v11.i256 = zext v10 i256;
        br_table v11 block6 (0.i256 block1);

    block6:
        v13.*@__fe_Point_0 = int_to_ptr v0 *@__fe_Point_0;
        v14.*i256 = gep v13 0.i256 1.i256;
        v15.i256 = mload v14 i256;
        v16.i8 = trunc v15 i8;
        v17.i256 = zext v16 i256;
        br_table v17 block4 (0.i256 block3);
}

func private %__fe_sonatina_entry() {
    block0:
        v1.i256 = call %match_struct_fields 0.i256;
        evm_stop;
}


object @Contract {
    section runtime {
        entry %__fe_sonatina_entry;
    }
}
