---
source: crates/codegen/tests/sonatina_ir.rs
expression: output
input_file: crates/codegen/tests/fixtures/momo.fe
---
target = "evm-ethereum-osaka"

type @__fe_MyStruct_0 = {i8, i8};

func private %read_x(v0.i256) -> i8 {
    block0:
        v1.*@__fe_MyStruct_0 = int_to_ptr v0 *@__fe_MyStruct_0;
        v3.*i8 = gep v1 0.i256 0.i256;
        v4.i256 = mload v3 i256;
        v5.i8 = trunc v4 i8;
        v6.*@__fe_MyStruct_0 = int_to_ptr v0 *@__fe_MyStruct_0;
        v8.*i8 = gep v6 0.i256 1.i256;
        v9.i256 = mload v8 i256;
        v10.i8 = trunc v9 i8;
        v11.i8 = call %u8_hbc9d6eeaea22ffb5_add_h4cebc227a0cfd3c0_add v5 v10;
        return v11;
}

func private %u8_hbc9d6eeaea22ffb5_add_h4cebc227a0cfd3c0_add(v0.i8, v1.i8) -> i8 {
    block0:
        v2.i256 = zext v0 i256;
        v3.i256 = zext v1 i256;
        v4.i8 = trunc v2 i8;
        v5.i8 = trunc v3 i8;
        (v6.i8, v7.i1) = uaddo v4 v5;
        br v7 block1 block2;

    block1:
        evm_revert 0.i256 0.i256;

    block2:
        return v6;
}

func private %__fe_sonatina_entry() {
    block0:
        v1.i8 = call %read_x 0.i256;
        evm_stop;
}


object @Contract {
    section runtime {
        entry %__fe_sonatina_entry;
    }
}
