---
source: crates/codegen/tests/sonatina_ir.rs
expression: output
input_file: crates/codegen/tests/fixtures/newtype_field_mut_method_call.fe
---
target = "evm-ethereum-osaka"

type @__fe_Counter_0 = {i256, i256};
type @__fe_WrapCounter_1 = {@__fe_Counter_0};
type @__fe_Container_2 = {i256, @__fe_WrapCounter_1};

func private %newtype_field_mut_method_call(v0.i256) -> i256 {
    block0:
        v2.*@__fe_Counter_0 = alloca @__fe_Counter_0;
        v3.i256 = ptr_to_int v2 i256;
        v4.*i256 = gep v2 0.i256 0.i256;
        mstore v4 v0 i256;
        v6.*i256 = gep v2 0.i256 1.i256;
        mstore v6 0.i256 i256;
        v8.*i8 = evm_malloc 96.i256;
        v9.i256 = ptr_to_int v8 i256;
        v10.*@__fe_Container_2 = bitcast v8 *@__fe_Container_2;
        v11.*i256 = gep v10 0.i256 0.i256;
        mstore v11 0.i256 i256;
        v12.*@__fe_WrapCounter_1 = bitcast v2 *@__fe_WrapCounter_1;
        v13.*i256 = gep v12 0.i256 0.i256 0.i256;
        v14.i256 = mload v13 i256;
        v15.*@__fe_Container_2 = bitcast v8 *@__fe_Container_2;
        v16.*i256 = gep v15 0.i256 1.i256 0.i256 0.i256;
        mstore v16 v14 i256;
        v17.*@__fe_WrapCounter_1 = bitcast v2 *@__fe_WrapCounter_1;
        v18.*i256 = gep v17 0.i256 0.i256 1.i256;
        v19.i256 = mload v18 i256;
        v20.*@__fe_Container_2 = bitcast v8 *@__fe_Container_2;
        v21.*i256 = gep v20 0.i256 1.i256 0.i256 1.i256;
        mstore v21 v19 i256;
        v22.*@__fe_Container_2 = bitcast v8 *@__fe_Container_2;
        v23.*@__fe_WrapCounter_1 = gep v22 0.i256 1.i256;
        v24.i256 = ptr_to_int v23 i256;
        call %wrapcounter_hbcbd3a74a267488b_bump v24;
        v25.*@__fe_Container_2 = bitcast v8 *@__fe_Container_2;
        v26.*@__fe_WrapCounter_1 = gep v25 0.i256 1.i256;
        v27.i256 = ptr_to_int v26 i256;
        v28.*@__fe_Counter_0 = bitcast v26 *@__fe_Counter_0;
        v29.*i256 = gep v28 0.i256 0.i256;
        v30.i256 = mload v29 i256;
        return v30;
}

func private %counter_h872958864d1ad471_bump(v0.i256) {
    block0:
        v2.*@__fe_Counter_0 = int_to_ptr v0 *@__fe_Counter_0;
        v3.*i256 = gep v2 0.i256 0.i256;
        v4.i256 = mload v3 i256;
        v6.i256 = call %u256_h3271ca15373d4483_add_h4cebc227a0cfd3c0_add v4 1.i256;
        v7.*@__fe_Counter_0 = int_to_ptr v0 *@__fe_Counter_0;
        v8.*i256 = gep v7 0.i256 0.i256;
        mstore v8 v6 i256;
        return;
}

func private %wrapcounter_hbcbd3a74a267488b_bump(v0.i256) {
    block0:
        v2.*@__fe_Counter_0 = int_to_ptr v0 *@__fe_Counter_0;
        v3.*i256 = gep v2 0.i256 0.i256;
        v4.i256 = mload v3 i256;
        v6.i256 = call %u256_h3271ca15373d4483_add_h4cebc227a0cfd3c0_add v4 1.i256;
        v7.*@__fe_Counter_0 = int_to_ptr v0 *@__fe_Counter_0;
        v8.*i256 = gep v7 0.i256 0.i256;
        mstore v8 v6 i256;
        return;
}

func private %u256_h3271ca15373d4483_add_h4cebc227a0cfd3c0_add(v0.i256, v1.i256) -> i256 {
    block0:
        v3.i256 = add v0 v1;
        v4.i1 = lt v3 v0;
        br v4 block1 block2;

    block1:
        evm_revert 0.i256 0.i256;

    block2:
        return v3;
}

func private %__fe_sonatina_entry() {
    block0:
        v1.i256 = call %newtype_field_mut_method_call 0.i256;
        evm_stop;
}


object @Contract {
    section runtime {
        entry %__fe_sonatina_entry;
    }
}
