---
source: crates/codegen/tests/sonatina_ir.rs
expression: output
input_file: crates/codegen/tests/fixtures/range_bounds.fe
---
target = evm-ethereum-osaka

func public %sum_const() -> i256 {
    block0:
        v1.i256 = call %range_known_const_s__usize___known_const_e__usize___seq_len__0_4__f9605efabd18106c 0.i256;
        jump block1;

    block1:
        v14.i256 = phi (0.i256 block0) (v8 block3);
        v3.i256 = phi (v1 block0) (v3 block3);
        v2.i256 = phi (0.i256 block0) (v11 block3);
        v4.i256 = lt v2 v3;
        br v4 block2 block4;

    block2:
        v6.i256 = call %range_known_const_s__usize___known_const_e__usize___seq_get__0_4__f9605efabd18106c 0.i256 v2;
        v8.i256 = add v14 v6;
        jump block3;

    block3:
        v11.i256 = add v2 1.i256;
        jump block1;

    block4:
        return v14;
}

func public %sum_dynamic_end(v0.i256) -> i256 {
    block0:
        v3.i256 = evm_malloc 32.i256;
        mstore v3 v0 i256;
        v4.i256 = call %range_known_const_s__usize___unknown__seq_len__0__fc6647014fb554e5 v3;
        jump block1;

    block1:
        v20.i256 = phi (0.i256 block0) (v12 block3);
        v18.i256 = phi (v3 block0) (v18 block3);
        v6.i256 = phi (v4 block0) (v6 block3);
        v5.i256 = phi (0.i256 block0) (v15 block3);
        v7.i256 = lt v5 v6;
        br v7 block2 block4;

    block2:
        v10.i256 = call %range_known_const_s__usize___known_const_e__usize___seq_get__0_4__f9605efabd18106c v18 v5;
        v12.i256 = add v20 v10;
        jump block3;

    block3:
        v15.i256 = add v5 1.i256;
        jump block1;

    block4:
        return v20;
}

func public %sum_dynamic_start(v0.i256) -> i256 {
    block0:
        v3.i256 = evm_malloc 32.i256;
        mstore v3 v0 i256;
        v4.i256 = call %range_unknown__known_const_e__usize___seq_len__4__f248ae0e02044d7e v3;
        jump block1;

    block1:
        v20.i256 = phi (0.i256 block0) (v12 block3);
        v18.i256 = phi (v3 block0) (v18 block3);
        v6.i256 = phi (v4 block0) (v6 block3);
        v5.i256 = phi (0.i256 block0) (v15 block3);
        v7.i256 = lt v5 v6;
        br v7 block2 block4;

    block2:
        v10.i256 = call %range_unknown__known_const_e__usize___seq_get__4__f248ae0e02044d7e v18 v5;
        v12.i256 = add v20 v10;
        jump block3;

    block3:
        v15.i256 = add v5 1.i256;
        jump block1;

    block4:
        return v20;
}

func public %sum_dynamic(v0.i256, v1.i256) -> i256 {
    block0:
        v4.i256 = evm_malloc 64.i256;
        mstore v4 v0 i256;
        v6.i256 = add v4 32.i256;
        mstore v6 v1 i256;
        v7.i256 = call %range_unknown__unknown__seq_len v4;
        jump block1;

    block1:
        v23.i256 = phi (0.i256 block0) (v15 block3);
        v21.i256 = phi (v4 block0) (v21 block3);
        v9.i256 = phi (v7 block0) (v9 block3);
        v8.i256 = phi (0.i256 block0) (v18 block3);
        v10.i256 = lt v8 v9;
        br v10 block2 block4;

    block2:
        v13.i256 = call %range_unknown__known_const_e__usize___seq_get__4__f248ae0e02044d7e v21 v8;
        v15.i256 = add v23 v13;
        jump block3;

    block3:
        v18.i256 = add v8 1.i256;
        jump block1;

    block4:
        return v23;
}

func public %range_known_const_s__usize___known_const_e__usize___seq_len__0_4__f9605efabd18106c(v0.i256) -> i256 {
    block0:
        v3.i256 = lt 4.i256 0.i256;
        v5.i256 = eq v3 1.i256;
        br v5 block1 block4;

    block1:
        jump block3;

    block2:
        v7.i256 = sub 4.i256 0.i256;
        jump block3;

    block3:
        v8.i256 = phi (0.i256 block1) (v7 block2);
        return v8;

    block4:
        v6.i256 = eq v3 0.i256;
        br v6 block2 block2;
}

func public %range_known_const_s__usize___known_const_e__usize___seq_get__0_4__f9605efabd18106c(v0.i256, v1.i256) -> i256 {
    block0:
        v3.i256 = add 0.i256 v1;
        return v3;
}

func public %range_known_const_s__usize___unknown__seq_len__0__fc6647014fb554e5(v0.i256) -> i256 {
    block0:
        v1.i256 = mload v0 i256;
        v3.i256 = lt v1 0.i256;
        v5.i256 = eq v3 1.i256;
        br v5 block1 block4;

    block1:
        jump block3;

    block2:
        v8.i256 = mload v0 i256;
        v9.i256 = sub v8 0.i256;
        jump block3;

    block3:
        v10.i256 = phi (0.i256 block1) (v9 block2);
        return v10;

    block4:
        v6.i256 = eq v3 0.i256;
        br v6 block2 block2;
}

func public %range_unknown__known_const_e__usize___seq_len__4__f248ae0e02044d7e(v0.i256) -> i256 {
    block0:
        v1.i256 = mload v0 i256;
        v4.i256 = lt 4.i256 v1;
        v6.i256 = eq v4 1.i256;
        br v6 block1 block4;

    block1:
        jump block3;

    block2:
        v9.i256 = mload v0 i256;
        v10.i256 = sub 4.i256 v9;
        jump block3;

    block3:
        v11.i256 = phi (0.i256 block1) (v10 block2);
        return v11;

    block4:
        v7.i256 = eq v4 0.i256;
        br v7 block2 block2;
}

func public %range_unknown__known_const_e__usize___seq_get__4__f248ae0e02044d7e(v0.i256, v1.i256) -> i256 {
    block0:
        v2.i256 = mload v0 i256;
        v3.i256 = add v2 v1;
        return v3;
}

func public %range_unknown__unknown__seq_len(v0.i256) -> i256 {
    block0:
        v2.i256 = add v0 32.i256;
        v3.i256 = mload v2 i256;
        v4.i256 = mload v0 i256;
        v6.i256 = lt v3 v4;
        v8.i256 = eq v6 1.i256;
        br v8 block1 block4;

    block1:
        jump block3;

    block2:
        v11.i256 = add v0 32.i256;
        v12.i256 = mload v11 i256;
        v13.i256 = mload v0 i256;
        v14.i256 = sub v12 v13;
        jump block3;

    block3:
        v15.i256 = phi (0.i256 block1) (v14 block2);
        return v15;

    block4:
        v9.i256 = eq v6 0.i256;
        br v9 block2 block2;
}

func public %__fe_sonatina_entry() {
    block0:
        v0.i256 = call %sum_const;
        evm_stop;
}


object @Contract {
    section runtime {
        entry %__fe_sonatina_entry;
        include %sum_const;
        include %sum_dynamic_end;
        include %sum_dynamic_start;
        include %sum_dynamic;
        include %range_known_const_s__usize___known_const_e__usize___seq_len__0_4__f9605efabd18106c;
        include %range_known_const_s__usize___known_const_e__usize___seq_get__0_4__f9605efabd18106c;
        include %range_known_const_s__usize___unknown__seq_len__0__fc6647014fb554e5;
        include %range_unknown__known_const_e__usize___seq_len__4__f248ae0e02044d7e;
        include %range_unknown__known_const_e__usize___seq_get__4__f248ae0e02044d7e;
        include %range_unknown__unknown__seq_len;
    }
}
