---
source: crates/codegen/tests/sonatina_ir.rs
expression: output
input_file: crates/codegen/tests/fixtures/storage.fe
---
target = "evm-ethereum-osaka"

type @layout_0 = enum {
    #Ok,
    #Insufficient,
};

func private %abi_encode(v0.i256) {
    block0:
        v1.*i256 = alloca i256;
        mstore v1 v0 i256;
        jump block1;

    block1:
        v3.i256 = call %core__lib__ptr__alloc_bytes_a9dc 32.i256;
        v4.i256 = mload v1 i256;
        call %mstore v3 v4;
        call %std__lib__evm__effects__impl_trait_Evm_0098__return_data_cebf v3 32.i256;
        unreachable;
}

func private %core__lib__ptr__alloc_bytes_9964(v0.i256) -> i256 {
    block0:
        v1.*i256 = alloca i256;
        mstore v1 v0 i256;
        jump block1;

    block1:
        v2.i256 = mload v1 i256;
        v3.*i8 = evm_malloc v2;
        v4.i256 = ptr_to_int v3 i256;
        return v4;
}

func private %core__lib__ptr__alloc_bytes_9964_0(v0.i256) -> i256 {
    block0:
        v1.*i256 = alloca i256;
        mstore v1 v0 i256;
        jump block1;

    block1:
        v2.i256 = mload v1 i256;
        v3.*i8 = evm_malloc v2;
        v4.i256 = ptr_to_int v3 i256;
        return v4;
}

func private %core__lib__ptr__alloc_bytes_a9dc(v0.i256) -> i256 {
    block0:
        v1.*i256 = alloca i256;
        mstore v1 v0 i256;
        jump block1;

    block1:
        v2.i256 = mload v1 i256;
        v3.*i8 = evm_malloc v2;
        v4.i256 = ptr_to_int v3 i256;
        return v4;
}

func private %balance_of_raw(v0.i256, v1.i256) -> i256 {
    block0:
        v2.*i256 = alloca i256;
        mstore v2 v0 i256;
        jump block1;

    block1:
        v3.i256 = mload v2 i256;
        v5.i1 = eq v3 0.i256;
        br v5 block3 block5;

    block2:
        v6.i256 = phi (v8 block3) (v12 block4);
        return v6;

    block3:
        v8.i256 = evm_sload v1;
        jump block2;

    block4:
        v11.i256 = add v1 1.i256;
        v12.i256 = evm_sload v11;
        jump block2;

    block5:
        jump block4;
}

func private %calldataload(v0.i256) -> i256 {
    block0:
        v1.*i256 = alloca i256;
        mstore v1 v0 i256;
        jump block1;

    block1:
        v2.i256 = mload v1 i256;
        v3.i256 = evm_calldata_load v2;
        return v3;
}

func private %codecopy(v0.i256, v1.i256, v2.i256) {
    block0:
        v3.*i256 = alloca i256;
        v4.*i256 = alloca i256;
        mstore v3 v1 i256;
        mstore v4 v2 i256;
        jump block1;

    block1:
        v6.i256 = mload v3 i256;
        v7.i256 = mload v4 i256;
        evm_code_copy v0 v6 v7;
        return;
}

func private %credit_alice(v0.i256, v1.i256, v2.i256) -> i256 {
    block0:
        v3.*i256 = alloca i256;
        mstore v3 v0 i256;
        jump block1;

    block1:
        v5.i256 = evm_sload v1;
        v6.i256 = mload v3 i256;
        (v7.i256, v8.i1) = uaddo v5 v6;
        br v8 block2 block3;

    block2:
        mstore 0.i256 35408467139433450592217433187231851964531694900788300625387963629091585785856.i256 i256;
        mstore 4.i256 17.i256 i256;
        evm_revert 0.i256 36.i256;

    block3:
        evm_sstore v1 v7;
        v16.i256 = evm_sload v2;
        v17.i256 = mload v3 i256;
        (v18.i256, v19.i1) = uaddo v16 v17;
        br v19 block2 block4;

    block4:
        evm_sstore v2 v18;
        v22.i256 = evm_sload v1;
        return v22;
}

func private %credit_bob(v0.i256, v1.i256, v2.i256) -> i256 {
    block0:
        v3.*i256 = alloca i256;
        mstore v3 v0 i256;
        jump block1;

    block1:
        v6.i256 = add v1 1.i256;
        v7.i256 = evm_sload v6;
        v8.i256 = mload v3 i256;
        (v9.i256, v10.i1) = uaddo v7 v8;
        br v10 block2 block3;

    block2:
        mstore 0.i256 35408467139433450592217433187231851964531694900788300625387963629091585785856.i256 i256;
        mstore 4.i256 17.i256 i256;
        evm_revert 0.i256 36.i256;

    block3:
        v17.i256 = add v1 1.i256;
        evm_sstore v17 v9;
        v19.i256 = evm_sload v2;
        v20.i256 = mload v3 i256;
        (v21.i256, v22.i1) = uaddo v19 v20;
        br v22 block2 block4;

    block4:
        evm_sstore v2 v21;
        v25.i256 = add v1 1.i256;
        v26.i256 = evm_sload v25;
        return v26;
}

func private %from_raw__g9438(v0.i256) -> i256 {
    block0:
        v1.*i256 = alloca i256;
        mstore v1 v0 i256;
        jump block1;

    block1:
        v2.i256 = mload v1 i256;
        return v2;
}

func private %from_raw__gf198(v0.i256) -> i256 {
    block0:
        v1.*i256 = alloca i256;
        mstore v1 v0 i256;
        jump block1;

    block1:
        v2.i256 = mload v1 i256;
        return v2;
}

func private %init() {
    block0:
        jump block1;

    block1:
        v0.i256 = sym_size &__Coin_runtime;
        v1.i256 = sym_addr &__Coin_runtime;
        v2.i256 = call %core__lib__ptr__alloc_bytes_9964_0 v0;
        call %codecopy v2 v1 v0;
        call %std__lib__evm__effects__impl_trait_Evm_0098__return_data_e67f_0 v2 v0;
        unreachable;
}

func private %manual_contract_init_root_Coin() {
    block0:
        jump block1;

    block1:
        call %init;
        evm_stop;
}

func private %manual_contract_runtime_root_Coin() {
    block0:
        jump block1;

    block1:
        call %runtime;
        evm_stop;
}

func private %mstore(v0.i256, v1.i256) {
    block0:
        v2.*i256 = alloca i256;
        mstore v2 v1 i256;
        jump block1;

    block1:
        v4.i256 = mload v2 i256;
        mstore v0 v4 i256;
        return;
}

func private %std__lib__evm__effects__impl_trait_Evm_0098__return_data_cebf(v0.i256, v1.i256) {
    block0:
        v2.*i256 = alloca i256;
        mstore v2 v1 i256;
        jump block1;

    block1:
        v4.i256 = mload v2 i256;
        evm_return v0 v4;
}

func private %std__lib__evm__effects__impl_trait_Evm_0098__return_data_e67f(v0.i256, v1.i256) {
    block0:
        v2.*i256 = alloca i256;
        mstore v2 v1 i256;
        jump block1;

    block1:
        v4.i256 = mload v2 i256;
        evm_return v0 v4;
}

func private %std__lib__evm__effects__impl_trait_Evm_0098__return_data_e67f_0(v0.i256, v1.i256) {
    block0:
        v2.*i256 = alloca i256;
        mstore v2 v1 i256;
        jump block1;

    block1:
        v4.i256 = mload v2 i256;
        evm_return v0 v4;
}

func private %runtime() {
    block0:
        jump block1;

    block1:
        v1.i256 = call %stor_ptr__g2c78 0.i256;
        v3.i256 = call %stor_ptr__gd216 2.i256;
        v4.i256 = call %calldataload 0.i256;
        v6.i256 = shr 224.i256 v4;
        v8.i1 = eq v6 2877082652.i256;
        br v8 block2 block7;

    block2:
        v10.i256 = call %calldataload 4.i256;
        v12.i256 = call %calldataload 36.i256;
        v13.i1 = eq v10 0.i256;
        br v13 block12 block14;

    block3:
        v14.i256 = call %calldataload 4.i256;
        v16.i256 = call %balance_of_raw v14 v1;
        call %abi_encode v16;
        unreachable;

    block4:
        v17.i256 = call %calldataload 4.i256;
        v18.i256 = call %calldataload 36.i256;
        v19.i1 = eq v17 0.i256;
        br v19 block16 block18;

    block5:
        v21.i256 = call %total_supply v3;
        call %abi_encode v21;
        unreachable;

    block6:
        v22.i256 = call %core__lib__ptr__alloc_bytes_9964 0.i256;
        call %std__lib__evm__effects__impl_trait_Evm_0098__return_data_e67f v22 0.i256;
        unreachable;

    block7:
        v25.i1 = eq v6 1818602213.i256;
        br v25 block3 block8;

    block8:
        v28.i1 = eq v6 217554442.i256;
        br v28 block4 block9;

    block9:
        v31.i1 = eq v6 960555502.i256;
        br v31 block5 block10;

    block10:
        jump block6;

    block11:
        v32.i256 = phi (v36 block12) (v40 block13);
        call %abi_encode v32;
        unreachable;

    block12:
        v36.i256 = call %credit_alice v12 v1 v3;
        jump block11;

    block13:
        v40.i256 = call %credit_bob v12 v1 v3;
        jump block11;

    block14:
        jump block13;

    block15:
        v41.@layout_0 = phi (v45 block16) (v48 block17);
        v42.i256 = call %transfer_result_code v41;
        call %abi_encode v42;
        unreachable;

    block16:
        v45.@layout_0 = call %transfer_from_alice v18 v1;
        jump block15;

    block17:
        v48.@layout_0 = call %transfer_from_bob v18 v1;
        jump block15;

    block18:
        jump block17;
}

func private %stor_ptr__g2c78(v0.i256) -> i256 {
    block0:
        v1.*i256 = alloca i256;
        mstore v1 v0 i256;
        jump block1;

    block1:
        v2.i256 = mload v1 i256;
        v3.i256 = call %from_raw__g9438 v2;
        return v3;
}

func private %stor_ptr__gd216(v0.i256) -> i256 {
    block0:
        v1.*i256 = alloca i256;
        mstore v1 v0 i256;
        jump block1;

    block1:
        v2.i256 = mload v1 i256;
        v3.i256 = call %from_raw__gf198 v2;
        return v3;
}

func private %total_supply(v0.i256) -> i256 {
    block0:
        jump block1;

    block1:
        v2.i256 = evm_sload v0;
        return v2;
}

func private %transfer_from_alice(v0.i256, v1.i256) -> @layout_0 {
    block0:
        v2.*i256 = alloca i256;
        mstore v2 v0 i256;
        jump block1;

    block1:
        v4.i256 = evm_sload v1;
        v5.i256 = mload v2 i256;
        v6.i1 = lt v4 v5;
        br v6 block2 block3;

    block2:
        v7.@layout_0 = enum.make @layout_0 #Insufficient;
        return v7;

    block3:
        jump block4;

    block4:
        v9.i256 = evm_sload v1;
        v10.i256 = mload v2 i256;
        (v11.i256, v12.i1) = usubo v9 v10;
        br v12 block5 block6;

    block5:
        mstore 0.i256 35408467139433450592217433187231851964531694900788300625387963629091585785856.i256 i256;
        mstore 4.i256 17.i256 i256;
        evm_revert 0.i256 36.i256;

    block6:
        evm_sstore v1 v11;
        v20.i256 = add v1 1.i256;
        v21.i256 = evm_sload v20;
        v22.i256 = mload v2 i256;
        (v23.i256, v24.i1) = uaddo v21 v22;
        br v24 block5 block7;

    block7:
        v26.i256 = add v1 1.i256;
        evm_sstore v26 v23;
        v27.@layout_0 = enum.make @layout_0 #Ok;
        return v27;
}

func private %transfer_from_bob(v0.i256, v1.i256) -> @layout_0 {
    block0:
        v2.*i256 = alloca i256;
        mstore v2 v0 i256;
        jump block1;

    block1:
        v5.i256 = add v1 1.i256;
        v6.i256 = evm_sload v5;
        v7.i256 = mload v2 i256;
        v8.i1 = lt v6 v7;
        br v8 block2 block3;

    block2:
        v9.@layout_0 = enum.make @layout_0 #Insufficient;
        return v9;

    block3:
        jump block4;

    block4:
        v11.i256 = add v1 1.i256;
        v12.i256 = evm_sload v11;
        v13.i256 = mload v2 i256;
        (v14.i256, v15.i1) = usubo v12 v13;
        br v15 block5 block6;

    block5:
        mstore 0.i256 35408467139433450592217433187231851964531694900788300625387963629091585785856.i256 i256;
        mstore 4.i256 17.i256 i256;
        evm_revert 0.i256 36.i256;

    block6:
        v22.i256 = add v1 1.i256;
        evm_sstore v22 v14;
        v23.i256 = evm_sload v1;
        v24.i256 = mload v2 i256;
        (v25.i256, v26.i1) = uaddo v23 v24;
        br v26 block5 block7;

    block7:
        evm_sstore v1 v25;
        v28.@layout_0 = enum.make @layout_0 #Ok;
        return v28;
}

func private %transfer_result_code(v0.@layout_0) -> i256 {
    block0:
        jump block1;

    block1:
        v2.enumtag(@layout_0) = enum.tag v0;
        br_table v2 (0.enumtag(@layout_0) block3) (1.enumtag(@layout_0) block4);

    block2:
        v5.i256 = phi (0.i256 block3) (1.i256 block4);
        return v5;

    block3:
        jump block2;

    block4:
        jump block2;
}


object @Coin {
    section init {
        entry %manual_contract_init_root_Coin;
        embed .runtime as &__Coin_runtime;
    }
    section runtime {
        entry %manual_contract_runtime_root_Coin;
    }
}
