---
source: crates/codegen/tests/sonatina_ir.rs
expression: output
input_file: crates/codegen/tests/fixtures/tuple_literal_field_access.fe
---
target = evm-ethereum-osaka

func public %tuple_literal_field_access() -> i256 {
    block0:
        v3.i256 = evm_malloc 64.i256;
        mstore v3 1.i256 i256;
        v5.i256 = add v3 32.i256;
        mstore v5 2.i256 i256;
        v6.i256 = add v3 32.i256;
        v7.i256 = mload v6 i256;
        return v7;
}

func public %tuple_literal_nested_access() -> i256 {
    block0:
        v4.i256 = evm_malloc 64.i256;
        mstore v4 2.i256 i256;
        v6.i256 = add v4 32.i256;
        mstore v6 3.i256 i256;
        v8.i256 = evm_malloc 96.i256;
        mstore v8 1.i256 i256;
        v9.i256 = mload v4 i256;
        v10.i256 = add v8 32.i256;
        mstore v10 v9 i256;
        v11.i256 = add v4 32.i256;
        v12.i256 = mload v11 i256;
        v13.i256 = add v8 64.i256;
        mstore v13 v12 i256;
        v14.i256 = add v8 32.i256;
        v15.i256 = mload v14 i256;
        return v15;
}

func public %tuple_literal_struct_chain() -> i256 {
    block0:
        v3.i256 = evm_malloc 64.i256;
        mstore v3 1.i256 i256;
        v5.i256 = add v3 32.i256;
        mstore v5 2.i256 i256;
        v6.i256 = add v3 32.i256;
        v7.i256 = mload v6 i256;
        return v7;
}

func public %__fe_sonatina_entry() {
    block0:
        v0.i256 = call %tuple_literal_field_access;
        evm_stop;
}


object @Contract {
    section runtime {
        entry %__fe_sonatina_entry;
        include %tuple_literal_field_access;
        include %tuple_literal_nested_access;
        include %tuple_literal_struct_chain;
    }
}
