---
source: crates/codegen/tests/sonatina_ir.rs
expression: output
input_file: crates/codegen/tests/fixtures/tuple_expr.fe
---
target = "evm-ethereum-osaka"

type @__fe_obj_tuple_0 = {i64, i1};

func private %tuple_expr() -> objref<@__fe_obj_tuple_0> {
    block0:
        (v2.i64, v3.i1) = uaddo 1.i64 2.i64;
        br v3 block1 block2;

    block1:
        evm_revert 0.i256 0.i256;

    block2:
        v5.objref<@__fe_obj_tuple_0> = obj.alloc @__fe_obj_tuple_0;
        v6.objref<i64> = obj.proj v5 0.i256;
        obj.store v6 v2;
        v8.i1 = is_zero 0.i1;
        v10.objref<i1> = obj.proj v5 1.i256;
        obj.store v10 v8;
        return v5;
}

func private %__fe_sonatina_entry() {
    block0:
        v0.objref<@__fe_obj_tuple_0> = call %tuple_expr;
        evm_stop;
}


object @Contract {
    section runtime {
        entry %__fe_sonatina_entry;
    }
}
