---
source: crates/codegen/tests/sonatina_ir.rs
expression: output
input_file: crates/codegen/tests/fixtures/unit_method_call.fe
---
target = "evm-ethereum-osaka"

type @__fe_layout_0 = {i256};

func private %__fe_main_root() {
    block0:
        call %call_unit_method undef.@__fe_layout_0;
        evm_stop;
}

func private %call_unit_method(v0.@__fe_layout_0) {
    block0:
        v1.objref<@__fe_layout_0> = obj.alloc @__fe_layout_0;
        v2.objref<@__fe_layout_0> = obj.alloc @__fe_layout_0;
        v3.objref<@__fe_layout_0> = obj.alloc @__fe_layout_0;
        obj.store v1 v0;
        v4.@__fe_layout_0 = obj.load v1;
        obj.store v2 v4;
        v5.@__fe_layout_0 = obj.load v1;
        obj.store v3 v5;
        v6.@__fe_layout_0 = obj.load v3;
        call %increment_0 v6;
        return;
}

func private %increment_0(v0.@__fe_layout_0) {
    block0:
        v1.objref<@__fe_layout_0> = obj.alloc @__fe_layout_0;
        obj.store v1 v0;
        return;
}

func private %increment_1(v0.@__fe_layout_0) {
    block0:
        v1.objref<@__fe_layout_0> = obj.alloc @__fe_layout_0;
        obj.store v1 v0;
        return;
}


object @main {
    section main {
        entry %__fe_main_root;
    }
}
