---
source: crates/codegen/tests/sonatina_ir.rs
expression: output
input_file: crates/codegen/tests/fixtures/while_cond_call.fe
---
target = "evm-ethereum-osaka"

func private %lt_ten(v0.i64) -> i1 {
    block0:
        v2.i1 = call %u64_haee7f05a097ffa16_ord_h264f6d6d75097a_lt v0 10.i64;
        return v2;
}

func private %while_cond_call() -> i64 {
    block0:
        jump block1;

    block1:
        v1.i64 = phi (0.i64 block0) (v5 block5);
        v2.i1 = call %lt_ten v1;
        br v2 block2 block3;

    block2:
        (v5.i64, v6.i1) = uaddo v1 1.i64;
        br v6 block4 block5;

    block3:
        return v1;

    block4:
        evm_revert 0.i256 0.i256;

    block5:
        jump block1;
}

func private %u64_haee7f05a097ffa16_ord_h264f6d6d75097a_lt(v0.i64, v1.i64) -> i1 {
    block0:
        v2.i1 = lt v0 v1;
        return v2;
}

func private %__fe_sonatina_entry() {
    block0:
        v1.i1 = call %lt_ten 0.i64;
        evm_stop;
}


object @Contract {
    section runtime {
        entry %__fe_sonatina_entry;
    }
}
