---
source: crates/codegen/tests/sonatina_ir.rs
expression: output
input_file: crates/codegen/tests/fixtures/wrapping_saturating.fe
---
target = "evm-ethereum-osaka"

type @__fe_tuple_0 = {i64, i64, i64};
type @__fe_tuple_1 = {i256, i256, i256};

func private %wrapping_ops_u64(v0.i64, v1.i64) -> *@__fe_tuple_0 {
    block0:
        v2.i64 = call %u64_haee7f05a097ffa16_wrappingadd_h14afa79b3047617f_wrapping_add v0 v1;
        v3.i64 = call %u64_haee7f05a097ffa16_wrappingsub_h6880d1ff91f0a556_wrapping_sub v0 v1;
        v4.i64 = call %u64_haee7f05a097ffa16_wrappingmul_h64e6b83610cda761_wrapping_mul v0 v1;
        v6.*i8 = evm_malloc 96.i256;
        v7.*@__fe_tuple_0 = bitcast v6 *@__fe_tuple_0;
        v9.*i64 = gep v7 0.i256 0.i256;
        v10.i256 = zext v2 i256;
        mstore v9 v10 i256;
        v12.*i64 = gep v7 0.i256 1.i256;
        v13.i256 = zext v3 i256;
        mstore v12 v13 i256;
        v15.*i64 = gep v7 0.i256 2.i256;
        v16.i256 = zext v4 i256;
        mstore v15 v16 i256;
        return v7;
}

func private %saturating_ops_u64(v0.i64, v1.i64) -> *@__fe_tuple_0 {
    block0:
        v2.i64 = call %u64_haee7f05a097ffa16_saturatingadd_h7ca6e43aca8f23bb_saturating_add v0 v1;
        v3.i64 = call %u64_haee7f05a097ffa16_saturatingsub_hd0c1c727e69d9468_saturating_sub v0 v1;
        v4.i64 = call %u64_haee7f05a097ffa16_saturatingmul_hf2bc6be7b84ff8f7_saturating_mul v0 v1;
        v6.*i8 = evm_malloc 96.i256;
        v7.*@__fe_tuple_0 = bitcast v6 *@__fe_tuple_0;
        v9.*i64 = gep v7 0.i256 0.i256;
        v10.i256 = zext v2 i256;
        mstore v9 v10 i256;
        v12.*i64 = gep v7 0.i256 1.i256;
        v13.i256 = zext v3 i256;
        mstore v12 v13 i256;
        v15.*i64 = gep v7 0.i256 2.i256;
        v16.i256 = zext v4 i256;
        mstore v15 v16 i256;
        return v7;
}

func private %wrapping_ops_u256(v0.i256, v1.i256) -> *@__fe_tuple_1 {
    block0:
        v2.i256 = call %u256_h3271ca15373d4483_wrappingadd_h14afa79b3047617f_wrapping_add v0 v1;
        v3.i256 = call %u256_h3271ca15373d4483_wrappingsub_h6880d1ff91f0a556_wrapping_sub v0 v1;
        v4.i256 = call %u256_h3271ca15373d4483_wrappingmul_h64e6b83610cda761_wrapping_mul v0 v1;
        v6.*i8 = evm_malloc 96.i256;
        v7.*@__fe_tuple_1 = bitcast v6 *@__fe_tuple_1;
        v9.*i256 = gep v7 0.i256 0.i256;
        mstore v9 v2 i256;
        v11.*i256 = gep v7 0.i256 1.i256;
        mstore v11 v3 i256;
        v13.*i256 = gep v7 0.i256 2.i256;
        mstore v13 v4 i256;
        return v7;
}

func private %saturating_ops_u256(v0.i256, v1.i256) -> *@__fe_tuple_1 {
    block0:
        v2.i256 = call %u256_h3271ca15373d4483_saturatingadd_h7ca6e43aca8f23bb_saturating_add v0 v1;
        v3.i256 = call %u256_h3271ca15373d4483_saturatingsub_hd0c1c727e69d9468_saturating_sub v0 v1;
        v4.i256 = call %u256_h3271ca15373d4483_saturatingmul_hf2bc6be7b84ff8f7_saturating_mul v0 v1;
        v6.*i8 = evm_malloc 96.i256;
        v7.*@__fe_tuple_1 = bitcast v6 *@__fe_tuple_1;
        v9.*i256 = gep v7 0.i256 0.i256;
        mstore v9 v2 i256;
        v11.*i256 = gep v7 0.i256 1.i256;
        mstore v11 v3 i256;
        v13.*i256 = gep v7 0.i256 2.i256;
        mstore v13 v4 i256;
        return v7;
}

func private %u64_haee7f05a097ffa16_wrappingadd_h14afa79b3047617f_wrapping_add(v0.i64, v1.i64) -> i64 {
    block0:
        v2.i64 = add v0 v1;
        return v2;
}

func private %u64_haee7f05a097ffa16_wrappingsub_h6880d1ff91f0a556_wrapping_sub(v0.i64, v1.i64) -> i64 {
    block0:
        v2.i64 = sub v0 v1;
        return v2;
}

func private %u64_haee7f05a097ffa16_wrappingmul_h64e6b83610cda761_wrapping_mul(v0.i64, v1.i64) -> i64 {
    block0:
        v2.i64 = mul v0 v1;
        return v2;
}

func private %u64_haee7f05a097ffa16_saturatingadd_h7ca6e43aca8f23bb_saturating_add(v0.i64, v1.i64) -> i64 {
    block0:
        v2.i64 = add v0 v1;
        v5.i1 = lt v2 v0;
        br v5 block1 block2;

    block1:
        v7.i64 = trunc 18446744073709551615.i256 i64;
        jump block3;

    block2:
        jump block3;

    block3:
        v9.i64 = phi (v7 block1) (v2 block2);
        return v9;
}

func private %u64_haee7f05a097ffa16_saturatingsub_hd0c1c727e69d9468_saturating_sub(v0.i64, v1.i64) -> i64 {
    block0:
        v4.i1 = gt v1 v0;
        br v4 block1 block2;

    block1:
        jump block3;

    block2:
        v7.i64 = sub v0 v1;
        jump block3;

    block3:
        v8.i64 = phi (0.i64 block1) (v7 block2);
        return v8;
}

func private %u64_haee7f05a097ffa16_saturatingmul_hf2bc6be7b84ff8f7_saturating_mul(v0.i64, v1.i64) -> i64 {
    block0:
        v4.i1 = call %u64_haee7f05a097ffa16_eq_he50383edd273619f_eq v0 0.i64;
        br v4 block1 block3;

    block1:
        jump block7;

    block2:
        v7.i64 = mul v0 v1;
        (v8.i64, v9.i1) = evm_udivo v7 v0;
        br v9 block8 block9;

    block3:
        v13.i1 = call %u64_haee7f05a097ffa16_eq_he50383edd273619f_eq v1 0.i64;
        br v13 block1 block2;

    block4:
        v15.i64 = trunc 18446744073709551615.i256 i64;
        jump block6;

    block5:
        jump block6;

    block6:
        v17.i64 = phi (v15 block4) (v7 block5);
        jump block7;

    block7:
        v18.i64 = phi (0.i64 block1) (v17 block6);
        return v18;

    block8:
        evm_revert 0.i256 0.i256;

    block9:
        v11.i1 = call %u64_haee7f05a097ffa16_eq_he50383edd273619f_ne v8 v1;
        br v11 block4 block5;
}

func private %u256_h3271ca15373d4483_wrappingadd_h14afa79b3047617f_wrapping_add(v0.i256, v1.i256) -> i256 {
    block0:
        v2.i256 = add v0 v1;
        return v2;
}

func private %u256_h3271ca15373d4483_wrappingsub_h6880d1ff91f0a556_wrapping_sub(v0.i256, v1.i256) -> i256 {
    block0:
        v2.i256 = sub v0 v1;
        return v2;
}

func private %u256_h3271ca15373d4483_wrappingmul_h64e6b83610cda761_wrapping_mul(v0.i256, v1.i256) -> i256 {
    block0:
        v2.i256 = mul v0 v1;
        return v2;
}

func private %u256_h3271ca15373d4483_saturatingadd_h7ca6e43aca8f23bb_saturating_add(v0.i256, v1.i256) -> i256 {
    block0:
        v2.i256 = add v0 v1;
        v4.i1 = lt v2 v0;
        br v4 block1 block2;

    block1:
        jump block3;

    block2:
        jump block3;

    block3:
        v7.i256 = phi (-1.i256 block1) (v2 block2);
        return v7;
}

func private %u256_h3271ca15373d4483_saturatingsub_hd0c1c727e69d9468_saturating_sub(v0.i256, v1.i256) -> i256 {
    block0:
        v3.i1 = gt v1 v0;
        br v3 block1 block2;

    block1:
        jump block3;

    block2:
        v6.i256 = sub v0 v1;
        jump block3;

    block3:
        v7.i256 = phi (0.i256 block1) (v6 block2);
        return v7;
}

func private %u256_h3271ca15373d4483_saturatingmul_hf2bc6be7b84ff8f7_saturating_mul(v0.i256, v1.i256) -> i256 {
    block0:
        v3.i1 = call %u256_h3271ca15373d4483_eq_he50383edd273619f_eq v0 0.i256;
        br v3 block1 block3;

    block1:
        jump block7;

    block2:
        v6.i256 = mul v0 v1;
        (v7.i256, v8.i1) = evm_udivo v6 v0;
        br v8 block8 block9;

    block3:
        v12.i1 = call %u256_h3271ca15373d4483_eq_he50383edd273619f_eq v1 0.i256;
        br v12 block1 block2;

    block4:
        jump block6;

    block5:
        jump block6;

    block6:
        v15.i256 = phi (-1.i256 block4) (v6 block5);
        jump block7;

    block7:
        v16.i256 = phi (0.i256 block1) (v15 block6);
        return v16;

    block8:
        evm_revert 0.i256 0.i256;

    block9:
        v10.i1 = call %u256_h3271ca15373d4483_eq_he50383edd273619f_ne v7 v1;
        br v10 block4 block5;
}

func private %u64_haee7f05a097ffa16_eq_he50383edd273619f_eq(v0.i64, v1.i64) -> i1 {
    block0:
        v2.i1 = eq v0 v1;
        return v2;
}

func private %u64_haee7f05a097ffa16_eq_he50383edd273619f_ne(v0.i64, v1.i64) -> i1 {
    block0:
        v2.i1 = eq v0 v1;
        v3.i1 = is_zero v2;
        return v3;
}

func private %u256_h3271ca15373d4483_eq_he50383edd273619f_eq(v0.i256, v1.i256) -> i1 {
    block0:
        v2.i1 = eq v0 v1;
        return v2;
}

func private %u256_h3271ca15373d4483_eq_he50383edd273619f_ne(v0.i256, v1.i256) -> i1 {
    block0:
        v2.i1 = eq v0 v1;
        v3.i1 = is_zero v2;
        return v3;
}

func private %__fe_sonatina_entry() {
    block0:
        v2.*@__fe_tuple_0 = call %wrapping_ops_u64 0.i64 0.i64;
        evm_stop;
}


object @Contract {
    section runtime {
        entry %__fe_sonatina_entry;
    }
}
