---
source: crates/fe/tests/cli_output.rs
expression: output
input_file: tests/fixtures/cli_output/single_files/generic_default_dependent_const_div_zero.fe
---
=== STDERR ===
errors in file://<project>/crates/fe/tests/fixtures/cli_output/single_files/generic_default_dependent_const_div_zero.fe

error[16-0010]: invalid concrete type in `fn inner`
  ┌─ generic_default_dependent_const_div_zero.fe:3:5
  │
2 │ fn inner<const N: usize, T = [u8; { 10 / N }]>() -> u256 {
  │                                     ------ division by zero in const context
3 │     core::size_of<T>()
  │     ^^^^^^^^^^^^^^^^^^ this operation requires a valid concrete type size


=== EXIT CODE: 1 ===
