---
source: crates/uitest/tests/ty.rs
expression: diags
input_file: fixtures/ty/def/implicit_mut_alias_reborrow_required.fe
---
error[8-0069]: explicit borrow required
  ┌─ implicit_mut_alias_reborrow_required.fe:5:21
  │
5 │     take_two_mut(a: x, b: x)
  │                     ^ this argument must be explicitly borrowed as `mut`
  │
  = help: try `mut x`

error[8-0069]: explicit borrow required
  ┌─ implicit_mut_alias_reborrow_required.fe:5:27
  │
5 │     take_two_mut(a: x, b: x)
  │                           ^ this argument must be explicitly borrowed as `mut`
  │
  = help: try `mut x`
