---
source: crates/fe/tests/differential_deposit.rs
assertion_line: 595
expression: report
---
bytecode size
path         fe-O2        sol     sol-IR   fe vs sol-IR
-----------------------------------------------------------
init          2507       4819       3082  -575 (-18.7%)
runtime       2425       4445       2844  -419 (-14.7%)

deployment gas
path        fe-O2        sol     sol-IR     fe vs sol-IR
------------------------------------------------------------
deploy    1278366    1738847    1379411  -101045 (-7.3%)

call gas
path                            fe-O2        sol     sol-IR    fe vs sol-IR
-------------------------------------------------------------------------------
supportsInterface(erc165)       21600      21603      21600      +0 (+0.0%)
supportsInterface(deposit)      21600      21641      21600      +0 (+0.0%)
supportsInterface(unknown)      21600      21641      21600      +0 (+0.0%)
get_deposit_root(empty)        102788     117558     109178   -6390 (-5.9%)
get_deposit_count(empty)        23607      24510      24099    -492 (-2.0%)
deposit#0                       79764      84626      81089   -1325 (-1.6%)
get_deposit_root(after#0)      102796     117570     109174   -6378 (-5.8%)
get_deposit_count(after#0)      23607      24510      24099    -492 (-2.0%)
deposit#1                       65128      70411      66629   -1501 (-2.3%)
get_deposit_root(after#1)      102796     117570     109174   -6378 (-5.8%)
get_deposit_count(after#1)      23607      24510      24099    -492 (-2.0%)
deposit#2                       45552      50414      46877   -1325 (-2.8%)
get_deposit_root(after#2)      102804     117582     109170   -6366 (-5.8%)
get_deposit_count(after#2)      23607      24510      24099    -492 (-2.0%)
TOTAL                          760856     838656     792487  -31631 (-4.0%)
