---
source: crates/language-server/src/functionality/hover.rs
assertion_line: 622
expression: snapshot
input_file: test_files/layout_hover.fe
---
## contract
range: 7:13..7:20

### Contract Layout

#### Storage

- `0`: `store.global` (inline field, `u256`)
- `1`: `store.counts` (storage collection, `StorageMap<u256, u256>`)
- `2`: `foo` (inline field, `u256`)
- `3`: `baz` (storage collection, `StorageMap<u256, u256>`)

---

## store
range: 8:6..8:11

### Field Layout

#### Storage

- `0`: `store.global` (inline field, `u256`)
- `1`: `store.counts` (storage collection, `StorageMap<u256, u256>`)

---

## explicit
range: 10:6..10:9

### Field Layout

#### Storage

- `3`: `baz` (storage collection, `StorageMap<u256, u256>`)

---

## spaces
range: 13:13..13:19

### Contract Layout

#### Storage

- `0`: `stored` (inline field, `u256`)

#### Transient Storage

- `1`: `temporary` (inline field, `u256`)

#### Immutable (Code)

- `0`: `immutable` (inline field, `u256`)

---

## immutable
range: 16:2..16:11

### Field Layout

#### Immutable (Code)

- `0`: `immutable` (inline field, `u256`)

---

## array
range: 20:6..20:12

### Field Layout

#### Storage

- `0 + i0` (i0: 0..3): `values[i0]` (inline field, `u256`)

---

## empty
range: 25:6..25:11

### Field Layout

No address-space values are assigned.

---

## blocked
range: 29:6..29:10

### Field Layout

Unavailable because another contract field has an invalid layout.

---

## invalid
range: 30:2..30:5

### Field Layout

Invalid: layout extent overflowed

---

## packed
range: 41:6..41:11

### Field Layout

#### Storage

- `0` bytes 0..1: `flags.active` (inline field, `bool`)
- `0` bytes 1..2: `flags.level` (inline field, `u8`)
- `0` bytes 2..10: `flags.owner_id` (inline field, `u64`)
- `1`: `flags.balance` (inline field, `u256`)

---
