---
source: crates/hir/tests/body_references.rs
expression: res
input_file: test_files/body_references/trait_impl.fe
---
note:
   ┌─ trait_impl.fe:11:9
   │
11 │         self.age
   │         ^^^^ self -> local

note:
   ┌─ trait_impl.fe:11:14
   │
11 │         self.age
   │              ^^^ field -> field

note:
   ┌─ trait_impl.fe:16:5
   │
16 │     p.greet()
   │     ^ p -> local

note:
   ┌─ trait_impl.fe:16:7
   │
16 │     p.greet()
   │       ^^^^^ method -> fn
