---
source: crates/uitest/tests/ty_check.rs
expression: diags
input_file: fixtures/ty_check/closures.fe
---
error[6-0003]: trait bound is not satisfied
   ┌─ closures.fe:46:8
   │
46 │     xs.fold(0, |acc: mut, x| acc)
   │        ^^^^ `|mut u256, u256| -> u256` doesn't implement `FnMut_ov<u256, u256, Out = u256>`
   │
   ┌─ src/iter.fe:62:19
   │
62 │     fn fold<A, F: FnMut(own A, Self::Item) -> A>(self, _ init: own A, _ f: mut F) -> A
   │                   ----------------------------- required by this bound on `fold`

error[8-0019]: `break` is not allowed outside of a loop
   ┌─ closures.fe:52:13
   │
52 │             break
   │             ^^^^^ `break` is not allowed here

error[8-0108]: closures cannot be used in constant contexts
   ┌─ closures.fe:58:13
   │
58 │     let f = |x: u256| x
   │             ^^^^^^^^^^^ constant evaluation cannot evaluate a closure

error[8-0109]: closure has the wrong number of parameters
   ┌─ closures.fe:42:16
   │
42 │     xs.fold(0, |acc| acc)
   │                ^^^^^^^^^ expected a closure taking 2 parameters, found 1

error[8-0110]: cannot write to `total`, which a closure captures
   ┌─ closures.fe:12:9
   │
12 │         total += x
   │         ^^^^^ the closure only reads its copy
   │
   = closures capture by copy or move; thread state through parameters and results instead

error[8-0110]: cannot write to `a`, which a closure captures
   ┌─ closures.fe:22:17
   │
22 │         let r = mut a
   │                 ^^^^^ the closure only reads its copy
   │
   = closures capture by copy or move; thread state through parameters and results instead

error[8-0111]: a closure cannot capture the access `accounts`
   ┌─ closures.fe:29:32
   │
29 │     idx.fold(0, |acc, i| acc + accounts[i].balance)
   │                                ^^^^^^^^ an access of a non-`Copy` value is neither copied nor moved
   │
   = pass the value to the closure as a parameter instead

error[8-0112]: cannot move `a` out of a closure's captures
   ┌─ closures.fe:36:17
   │
36 │         consume(a)
   │                 ^ moved here
   │
   = each call of a closure only views its captures
