---
source: crates/uitest/tests/ty_check.rs
expression: diags
input_file: fixtures/ty_check/const_type_runtime_value.fe
---
error[8-0012]: undefined variable
   ┌─ const_type_runtime_value.fe:14:24
   │
14 │     let values: [u8; { n }] = [1]
   │                        ^ undefined variable `n`

error[8-0064]: const value must be resolvable during type checking
  ┌─ const_type_runtime_value.fe:6:24
  │
6 │     let values: [u8; { n }] = [1, 2]
  │                        ^ requires fully-resolved const value

error[8-0064]: const value must be resolvable during type checking
   ┌─ const_type_runtime_value.fe:10:36
   │
10 │ fn signature(_ n: usize) -> [u8; { n }] { [1] }
   │                                    ^ requires fully-resolved const value

error[8-0064]: const value must be resolvable during type checking
   ┌─ const_type_runtime_value.fe:18:42
   │
18 │ fn repeat(_ n: usize) -> [u8; 1] { [0; { n }] }
   │                                          ^ requires fully-resolved const value

error[8-0064]: const value must be resolvable during type checking
   ┌─ const_type_runtime_value.fe:20:41
   │
20 │ fn argument(_ n: usize) -> usize { id<{ n }>() }
   │                                         ^ requires fully-resolved const value
