---
source: crates/uitest/tests/ty_check.rs
assertion_line: 27
expression: diags
input_file: fixtures/ty_check/field_effects.fe
---
error[8-0018]: left-hand side of assignment is immutable
   ┌─ field_effects.fe:22:5
   │
21 │ fn read_only(_ key: u256) uses (store: Store) {
   │                                 ----- try changing to `mut store`
22 │     store.counts[key] = 1
   │     ^^^^^^^^^^^^^^^^^ immutable assignment

error[8-0036]: missing effect `Field(Self)` required by `index`
   ┌─ field_effects.fe:12:5
   │
12 │     map[1]
   │     ^^^^^^ `index` requires effect `Field(Self)` to be in scope
   │
   = the authority over a storage field comes with a handle argument that lies in an effect provider, such as a contract field under `uses (mut store)`

error[8-0036]: missing effect `Field(Self)` required by `index`
   ┌─ field_effects.fe:17:13
   │
17 │     let _ = map[1]
   │             ^^^^^^ `index` requires effect `Field(Self)` to be in scope
   │
   = the authority over a storage field comes with a handle argument that lies in an effect provider, such as a contract field under `uses (mut store)`
