---
source: crates/uitest/tests/ty_check.rs
expression: diags
input_file: fixtures/ty_check/loop_unroll_attr_invalid_form.fe
---
error[12-0002]: invalid `#[unroll]` attribute form on for loop
  ┌─ loop_unroll_attr_invalid_form.fe:2:5
  │
2 │     #[unroll(always)]
  │     ^^^^^^^^^^^^^^^^^ expected `#[unroll]` or `#[unroll(never)]`
