---
source: crates/uitest/tests/ty_check.rs
expression: diags
input_file: fixtures/ty_check/const_where/unused_false_predicates_fail_at_their_declarations/first.fe
---
error[8-0091]: const where predicate failed
  ┌─ first.fe:1:19
  │
1 │ fn unused() where false, true {}
  │                   ^^^^^ condition evaluated to `false`
