---
source: crates/uitest/tests/ty_check.rs
expression: diags
input_file: fixtures/ty_check/const_where/unused_false_predicates_fail_at_their_declarations/second.fe
---
error[8-0091]: const where predicate failed
  ┌─ second.fe:1:25
  │
1 │ fn unused() where true, false {}
  │                         ^^^^^ condition evaluated to `false`
