---
source: crates/uitest/tests/semantic_access.rs
expression: diags
input_file: fixtures/semantic_access/copied_handles.fe
---
error[16-0001]: access conflict in `fn Conflict::__init__`
   ┌─ copied_handles.fe:13:9
   │
12 │         let x = mut h1[1]
   │                     ----- projection opened here
13 │         h2[2] = 5
   │         ^^^^^ cannot write to this place while a `mut` projection of it is open
