---
source: crates/mir/tests/lowering_snapshots.rs
assertion_line: 26
expression: mir_output
---
fn example() -> Bar:
  bb0:
    v0: Bar = bar_h9f829bcd60910980_t_ha4fe9660e49389ad_make()
    v1: Bar = bar_h9f829bcd60910980_t_ha4fe9660e49389ad_make()
    v3: Bar = 0
    br true bb1 bb2
  bb1:
    v3 = v0
    jmp bb3
  bb2:
    v3 = v1
    jmp bb3
  bb3:
    v2: Bar = v3
    ret v2

fn f() -> Bar:
  bb0:
    v0: Bar = bar_h9f829bcd60910980_t_ha4fe9660e49389ad_make()
    ret v0

fn bar_h9f829bcd60910980_t_ha4fe9660e49389ad_make() -> Bar:
  bb0:
    ret 10
