---
source: crates/mir/tests/lowering_snapshots.rs
expression: mir_output
---
fn bump_lock__StorPtr_u256___64779554cfbf0358(v0: u256) -> ():
  bb0:
    v1: u256 = load stor[v0]
    store stor[v0] = (v1 + 1)
    ret

fn __Guard_init_contract(v0: u256) -> ():
  bb0:
    store tstor[v0] = 0
    ret

fn __Guard_recv_0_0(v0: Enter, v1: u256) -> ():
  bb0:
    eval bump_lock__TStorPtr_u256___e67d09080c0f1393(v1)
    ret

fn __Guard_init() -> ():
  bb0:
    v0: u256 = tstorptr_t__effectref_from_raw__u256__3271ca15373d4483(0)
    v1: u256 = code_region_offset(func_item(__Guard_runtime))
    v2: u256 = code_region_len(func_item(__Guard_runtime))
    v3: u256 = codesize()
    bind (v1 + v2)
    br (v3 < (v1 + v2)) bb1 bb2
  bb1:
    terminate evm_contracthost_abort(())
  bb2:
    bind (v1 + v2)
    bind (v3 - (v1 + v2))
    v4: u256 = alloc((v3 - (v1 + v2)))
    eval codecopy(v4, (v1 + v2), (v3 - (v1 + v2)))
    v5: MemoryBytes = alloc mem
    store mem[v5].0 = v4
    store mem[v5].1 = (v3 - (v1 + v2))
    v6: SolDecoder<MemoryBytes> = sol_abi_decoder_new__MemoryBytes__b48f82585f3ed728(v5)
    eval __Guard_init_contract(v0)
    eval codecopy(0, v1, v2)
    terminate return_data(0, v2)

fn __Guard_runtime() -> ():
  bb0:
    v0: u256 = tstorptr_t__effectref_from_raw__u256__3271ca15373d4483(0)
    v1: u32 = runtime_selector__Evm_Sol__2533f5c49b57a682(())
    v2: SolDecoder<CallData> = runtime_decoder__Evm_Sol__2533f5c49b57a682(())
    switch v1 [0 => bb2] else bb1
  bb1:
    terminate evm_contracthost_abort(())
  bb2:
    eval enter_decode_decode__SolDecoder_CallData___c1e4510fd444b966(v2)
    eval __Guard_recv_0_0((), v0)
    terminate return_unit__Evm__1572a3ac6cae1070(())

fn __Guard_init_code_offset() -> u256:
  bb0:
    v0: u256 = code_region_offset(func_item(__Guard_init))
    ret v0

fn __Guard_init_code_len() -> u256:
  bb0:
    v0: u256 = code_region_len(func_item(__Guard_init))
    ret v0

fn bump_lock__TStorPtr_u256___e67d09080c0f1393(v0: u256) -> ():
  bb0:
    v1: u256 = load tstor[v0]
    store tstor[v0] = (v1 + 1)
    ret

fn tstorptr_t__effectref_from_raw__u256__3271ca15373d4483(v0: u256) -> TStorPtr<u256>:
  bb0:
    ret v0

fn evm_contracthost_abort(v0: Evm) -> !:
  bb0:
    terminate revert(0, 0)

fn alloc(v0: u256) -> u256:
  bb0:
    v1: u256 = mload(64)
    v2: u256 = mload(128)
    br (v2 > v1) bb1 bb2
  bb1:
    v1 = v2
    jmp bb2
  bb2:
    br (v1 == 0) bb3 bb4
  bb3:
    v3: u256 = msize()
    v1 = v3
    br (v1 < 8192) bb5 bb6
  bb4:
    eval mstore(64, (v1 + v0))
    ret v1
  bb5:
    v1 = 8192
    jmp bb6
  bb6:
    jmp bb4

fn sol_abi_decoder_new__MemoryBytes__b48f82585f3ed728(v0: I) -> SolDecoder<MemoryBytes>:
  bb0:
    v1: SolDecoder<MemoryBytes> = soldecoder_i__new__MemoryBytes__b48f82585f3ed728(v0)
    ret v1

fn runtime_selector__Evm_Sol__2533f5c49b57a682(v0: Self) -> u32:
  bb0:
    v1: CallData = evm_contracthost_input(())
    v2: u256 = calldata_byteinput_len(v1)
    br (v2 < 4) bb1 bb2
  bb1:
    terminate evm_contracthost_abort(())
  bb2:
    v3: u256 = calldata_byteinput_word_at(v1, 0)
    v4: u32 = sol_abi_selector_from_prefix(v3)
    ret v4

fn runtime_decoder__Evm_Sol__2533f5c49b57a682(v0: Self) -> SolDecoder<CallData>:
  bb0:
    v1: CallData = evm_contracthost_input(())
    v2: SolDecoder<CallData> = sol_abi_decoder_with_base__CallData__b9ab8dc8a4b2f9e(v1, 4)
    ret v2

fn enter_decode_decode__SolDecoder_CallData___c1e4510fd444b966(v0: D) -> Enter:
  bb0:
    ret

fn return_unit__Evm__1572a3ac6cae1070(v0: Self) -> !:
  bb0:
    terminate evm_contracthost_return_bytes((), 0, 0)

fn soldecoder_i__new__MemoryBytes__b48f82585f3ed728(v0: I) -> SolDecoder<MemoryBytes>:
  bb0:
    v1: Cursor<MemoryBytes> = cursor_i__new__MemoryBytes__b48f82585f3ed728(v0)
    v3: SolDecoder<MemoryBytes> = alloc mem
    init mem[v3] { .0 = v1, .1 = 0 }
    v2: SolDecoder<MemoryBytes> = v3
    ret v2

fn evm_contracthost_input(v0: Evm) -> CallData:
  bb0:
    ret 0

fn calldata_byteinput_len(v0: CallData) -> u256:
  bb0:
    v1: u256 = calldatasize()
    ret (v1 - v0)

fn calldata_byteinput_word_at(v0: CallData, v1: u256) -> u256:
  bb0:
    v2: u256 = calldataload((v0 + v1))
    ret v2

fn sol_abi_selector_from_prefix(v0: u256) -> u32:
  bb0:
    v1: u32 = s_intdowncast_downcast_unchecked__u256_u32__6e3637cd3e911b35((v0 >> 224))
    ret v1

fn sol_abi_decoder_with_base__CallData__b9ab8dc8a4b2f9e(v0: I, v1: u256) -> SolDecoder<CallData>:
  bb0:
    v2: SolDecoder<CallData> = soldecoder_i__with_base__CallData__b9ab8dc8a4b2f9e(v0, v1)
    ret v2

fn evm_contracthost_return_bytes(v0: Evm, v1: u256, v2: u256) -> !:
  bb0:
    terminate return_data(v1, v2)

fn cursor_i__new__MemoryBytes__b48f82585f3ed728(v0: I) -> Cursor<MemoryBytes>:
  bb0:
    v2: Cursor<MemoryBytes> = alloc mem
    init mem[v2] { .0 = v0, .1 = 0 }
    v1: Cursor<MemoryBytes> = v2
    ret v1

fn s_intdowncast_downcast_unchecked__u256_u32__6e3637cd3e911b35(v0: S) -> u32:
  bb0:
    v1: u256 = u256_intword_to_word(v0)
    v2: u32 = u32_intword_from_word(v1)
    ret v2

fn soldecoder_i__with_base__CallData__b9ab8dc8a4b2f9e(v0: I, v1: u256) -> SolDecoder<CallData>:
  bb0:
    v3: Cursor<CallData> = cursor_i__new__CallData__b9ab8dc8a4b2f9e(v0)
    v2: Cursor<CallData> = cursor_i__fork_mem__CallData__b9ab8dc8a4b2f9e(v3, v1)
    v5: SolDecoder<CallData> = alloc mem
    init mem[v5] { .0 = v2, .1 = v1 }
    v4: SolDecoder<CallData> = v5
    ret v4

fn u256_intword_to_word(v0: u256) -> u256:
  bb0:
    ret v0

fn u32_intword_from_word(v0: u256) -> u32:
  bb0:
    ret v0

fn cursor_i__new__CallData__b9ab8dc8a4b2f9e(v0: I) -> Cursor<CallData>:
  bb0:
    v2: Cursor<CallData> = alloc mem
    init mem[v2] { .0 = v0, .1 = 0 }
    v1: Cursor<CallData> = v2
    ret v1

fn cursor_i__fork_mem__CallData__b9ab8dc8a4b2f9e(v0: Cursor<I>, v1: u256) -> Cursor<CallData>:
  bb0:
    v3: CallData = load mem[v0].0
    v4: Cursor<CallData> = alloc mem
    init mem[v4] { .0 = v3, .1 = v1 }
    v2: Cursor<CallData> = v4
    ret v2
