---
source: crates/fe/tests/cli_output.rs
expression: output
input_file: tests/fixtures/fe_test_runner/revert_and_unwrap_or_revert.fe
---
=== STDOUT ===
PASS  [<time>] test_revert_with_error
PASS  [<time>] test_revert_with_u256
PASS  [<time>] test_unwrap_or_revert_ok
PASS  [<time>] test_unwrap_or_revert_err

test result: ok. 4 passed; 0 failed

=== EXIT CODE: 0 ===
